2025-10-22 10:38:52,232 - main - INFO - Started interface control thread
2025-10-22 10:38:57,244 - main - INFO - Set icon: black.png
2025-10-22 10:39:24,003 - main - INFO - Move pan: -35
2025-10-22 10:39:26,006 - main - INFO - Move tilt: -3
2025-10-22 10:39:28,008 - main - INFO - Move pan: -35
2025-10-22 10:39:30,010 - main - INFO - Move tilt: -3
2025-10-22 10:39:32,011 - main - INFO - Set icon: speaking.png
2025-10-22 10:39:33,013 - main - INFO - Set icon: listening.png
2025-10-22 10:39:34,015 - main - INFO - Move pan: -35
2025-10-22 10:39:36,017 - main - INFO - Move tilt: -3
2025-10-22 10:39:38,019 - main - INFO - Set icon: speaking.png
2025-10-22 10:39:39,021 - main - INFO - Set icon: listening.png
2025-10-22 10:39:40,022 - main - INFO - Move pan: -35
2025-10-22 10:39:42,024 - main - INFO - Move tilt: -3
2025-10-22 10:39:44,026 - main - INFO - Set icon: black.png
2025-10-22 10:39:45,027 - main - INFO - Move pan: -35
2025-10-22 10:39:47,029 - main - INFO - Move tilt: -3
2025-10-22 10:39:49,030 - main - INFO - Set icon: listening.png
2025-10-22 10:39:50,032 - main - INFO - Move pan: -35
2025-10-22 10:39:52,034 - main - INFO - Move tilt: -3
2025-10-22 10:39:54,035 - main - INFO - Set icon: black.png
2025-10-22 10:39:55,091 - main - INFO - Toggle behaviour
2025-10-22 10:39:59,159 - main - INFO - Toggle behaviour
2025-10-22 10:40:00,198 - main - INFO - Toggle behaviour
2025-10-22 10:40:04,397 - main - INFO - Toggle behaviour
2025-10-22 10:40:05,399 - main - INFO - Set icon: listening.png
2025-10-22 10:40:06,401 - main - INFO - Move pan: -35
2025-10-22 10:40:08,403 - main - INFO - Move tilt: -3
2025-10-22 10:40:10,405 - main - INFO - Set icon: black.png
2025-10-22 10:40:11,406 - main - INFO - Move pan: 0
2025-10-22 10:40:13,408 - main - INFO - Move tilt: -3
2025-10-22 10:40:15,410 - main - INFO - Move pan: 0
2025-10-22 10:40:17,412 - main - INFO - Move tilt: -3
2025-10-22 10:40:19,413 - main - INFO - Set icon: listening.png
2025-10-22 10:40:20,415 - main - INFO - Move pan: -35
2025-10-22 10:40:22,416 - main - INFO - Move tilt: -3
2025-10-22 10:40:24,418 - main - INFO - Set icon: listening.png
2025-10-22 10:40:25,420 - main - INFO - Move pan: -35
2025-10-22 10:40:27,421 - main - INFO - Move tilt: -3
2025-10-22 10:40:29,424 - main - INFO - Set icon: black.png
2025-10-22 10:40:30,426 - main - INFO - Move pan: 0
2025-10-22 10:40:32,427 - main - INFO - Move tilt: -3
2025-10-22 10:40:34,430 - main - INFO - Move pan: 0
2025-10-22 10:40:36,431 - main - INFO - Move tilt: -3
2025-10-22 10:40:38,433 - main - INFO - Set icon: listening.png
2025-10-22 10:40:39,435 - main - INFO - Move pan: -35
2025-10-22 10:40:41,437 - main - INFO - Move tilt: -3
2025-10-22 10:40:43,438 - main - INFO - Set icon: black.png
2025-10-22 10:40:44,440 - main - INFO - Set icon: listening.png
2025-10-22 10:40:45,442 - main - INFO - Move pan: -35
2025-10-22 10:40:47,443 - main - INFO - Move tilt: -3
2025-10-22 10:40:49,445 - main - INFO - Set icon: black.png
2025-10-22 10:40:50,447 - main - INFO - Move pan: 0
2025-10-22 10:40:52,448 - main - INFO - Move tilt: -3
2025-10-22 10:40:54,450 - main - INFO - Set icon: speaking.png
2025-10-22 10:40:55,452 - main - INFO - Set icon: speaking.png
2025-10-22 10:40:56,455 - main - INFO - Set icon: speaking.png
2025-10-22 10:40:57,457 - main - INFO - Set icon: speaking.png
2025-10-22 10:40:58,458 - main - INFO - Set icon: speaking.png
2025-10-22 10:40:59,460 - main - INFO - Set icon: speaking.png
2025-10-22 10:41:00,462 - main - INFO - Set icon: black.png
2025-10-22 10:41:01,464 - main - INFO - Set icon: listening.png
2025-10-22 10:41:02,466 - main - INFO - Move pan: -35
2025-10-22 10:41:04,468 - main - INFO - Move tilt: -3
2025-10-22 10:41:06,469 - main - INFO - Set icon: listening.png
2025-10-22 10:41:07,472 - main - INFO - Move pan: -35
2025-10-22 10:41:09,474 - main - INFO - Move tilt: -3
2025-10-22 10:41:11,476 - main - INFO - Set icon: black.png
2025-10-22 10:41:12,478 - main - INFO - Set icon: listening.png
2025-10-22 10:41:13,480 - main - INFO - Move pan: -35
2025-10-22 10:41:15,482 - main - INFO - Move tilt: -3
2025-10-22 10:41:17,483 - main - INFO - Set icon: listening.png
2025-10-22 10:41:18,485 - main - INFO - Move pan: -35
2025-10-22 10:41:20,487 - main - INFO - Move tilt: -3
2025-10-22 10:41:22,489 - main - INFO - Set icon: listening.png
2025-10-22 10:41:23,491 - main - INFO - Move pan: -35
2025-10-22 10:41:25,493 - main - INFO - Move tilt: -3
2025-10-22 10:41:27,495 - main - INFO - Set icon: black.png
2025-10-22 10:41:28,497 - main - INFO - Set icon: listening.png
2025-10-22 10:41:29,498 - main - INFO - Move pan: -35
2025-10-22 10:41:31,500 - main - INFO - Move tilt: -3
2025-10-22 10:41:33,502 - main - INFO - Set icon: listening.png
2025-10-22 10:41:34,504 - main - INFO - Move pan: -35
2025-10-22 10:41:36,505 - main - INFO - Move tilt: -3
2025-10-22 10:41:38,506 - main - INFO - Set icon: black.png
2025-10-22 10:41:39,507 - main - INFO - Set icon: listening.png
2025-10-22 10:41:40,509 - main - INFO - Move pan: -35
2025-10-22 10:41:42,511 - main - INFO - Move tilt: -3
2025-10-22 10:41:44,513 - main - INFO - Set icon: listening.png
2025-10-22 10:41:45,515 - main - INFO - Move pan: -35
2025-10-22 10:41:47,518 - main - INFO - Move tilt: -3
2025-10-22 10:41:49,519 - main - INFO - Set icon: black.png
2025-10-22 10:41:50,521 - main - INFO - Set icon: listening.png
2025-10-22 10:41:51,522 - main - INFO - Move pan: -35
2025-10-22 10:41:53,525 - main - INFO - Move tilt: -3
2025-10-22 10:41:55,527 - main - INFO - Set icon: listening.png
2025-10-22 10:41:56,529 - main - INFO - Move pan: -35
2025-10-22 10:41:58,531 - main - INFO - Move tilt: -3
2025-10-22 10:42:00,533 - main - INFO - Set icon: black.png
2025-10-22 10:42:01,535 - main - INFO - Set icon: listening.png
2025-10-22 10:42:02,538 - main - INFO - Move pan: -35
2025-10-22 10:42:04,540 - main - INFO - Move tilt: -3
2025-10-22 10:42:06,542 - main - INFO - Set icon: listening.png
2025-10-22 10:42:07,543 - main - INFO - Move pan: -35
2025-10-22 10:42:09,545 - main - INFO - Move tilt: -3
2025-10-22 10:42:11,547 - main - INFO - Set icon: black.png
2025-10-22 10:42:12,549 - main - INFO - Set icon: listening.png
2025-10-22 10:42:13,551 - main - INFO - Move pan: -35
2025-10-22 10:42:15,552 - main - INFO - Move tilt: -3
2025-10-22 10:42:17,554 - main - INFO - Set icon: black.png
2025-10-22 10:42:18,555 - main - INFO - Set icon: listening.png
2025-10-22 10:42:19,557 - main - INFO - Move pan: -35
2025-10-22 10:42:21,558 - main - INFO - Move tilt: -3
2025-10-22 10:42:23,560 - main - INFO - Set icon: black.png
2025-10-22 10:42:24,561 - main - INFO - Set icon: listening.png
2025-10-22 10:42:25,562 - main - INFO - Move pan: -35
2025-10-22 10:42:27,564 - main - INFO - Move tilt: -3
2025-10-22 10:42:29,566 - main - INFO - Move pan: -35
2025-10-22 10:42:31,568 - main - INFO - Move tilt: -3
2025-10-22 10:42:33,569 - main - INFO - Set icon: listening.png
2025-10-22 10:42:34,571 - main - INFO - Move pan: -35
2025-10-22 10:42:36,573 - main - INFO - Move tilt: -3
2025-10-22 10:42:38,575 - main - INFO - Set icon: black.png
2025-10-22 10:42:39,576 - main - INFO - Set icon: listening.png
2025-10-22 10:42:40,578 - main - INFO - Move pan: -35
2025-10-22 10:42:42,579 - main - INFO - Move tilt: -3
2025-10-22 10:42:44,581 - main - INFO - Set icon: listening.png
2025-10-22 10:42:45,582 - main - INFO - Move pan: -35
2025-10-22 10:42:47,584 - main - INFO - Move tilt: -3
2025-10-22 10:42:49,585 - main - INFO - Set icon: black.png
2025-10-22 10:42:50,587 - main - INFO - Set icon: listening.png
2025-10-22 10:42:51,589 - main - INFO - Move pan: -35
2025-10-22 10:42:53,590 - main - INFO - Move tilt: -3
2025-10-22 10:42:55,591 - main - INFO - Set icon: listening.png
2025-10-22 10:42:56,592 - main - INFO - Move pan: -35
2025-10-22 10:42:56,626 - main - INFO - Delay mode: setting loading.gif
2025-10-22 10:42:58,428 - main - INFO - Delay mode: setting loading.gif
2025-10-22 10:42:58,595 - main - INFO - Move tilt: -3
2025-10-22 10:43:00,229 - main - INFO - Delay mode: setting loading.gif
2025-10-22 10:43:00,596 - main - INFO - Set icon: listening.png
2025-10-22 10:43:01,598 - main - INFO - Move pan: -35
2025-10-22 10:43:02,031 - main - INFO - Delay mode: setting loading.gif
2025-10-22 10:43:03,600 - main - INFO - Move tilt: -3
2025-10-22 10:43:03,832 - main - INFO - Delay mode: setting loading.gif
2025-10-22 10:43:05,633 - main - INFO - Toggle behaviour
2025-10-22 10:43:05,634 - main - INFO - Delay mode: setting loading.gif
2025-10-22 10:43:07,436 - main - INFO - Delay mode: setting loading.gif
2025-10-22 10:43:09,238 - main - INFO - Delay mode: setting loading.gif
2025-10-22 10:43:09,660 - main - INFO - Toggle behaviour
2025-10-22 10:43:10,692 - main - INFO - Toggle behaviour
2025-10-22 10:43:11,041 - main - INFO - Delay mode: setting loading.gif
2025-10-22 10:43:12,843 - main - INFO - Delay mode: setting loading.gif
2025-10-22 10:43:14,644 - main - INFO - Delay mode: setting loading.gif
2025-10-22 10:43:14,746 - main - INFO - Toggle behaviour
2025-10-22 10:43:15,792 - main - INFO - Toggle behaviour
2025-10-22 10:43:16,446 - main - INFO - Delay mode: setting loading.gif
2025-10-22 10:43:18,247 - main - INFO - Delay mode: setting loading.gif
2025-10-22 10:43:19,825 - main - INFO - Toggle behaviour
2025-10-22 10:43:20,049 - main - INFO - Delay mode: setting loading.gif
2025-10-22 10:43:20,826 - main - INFO - Set icon: listening.png
2025-10-22 10:43:21,829 - main - INFO - Move pan: -35
2025-10-22 10:43:21,851 - main - INFO - Delay mode: setting loading.gif
2025-10-22 10:43:23,653 - main - INFO - Delay mode: setting loading.gif
2025-10-22 10:43:23,832 - main - INFO - Move tilt: -3
2025-10-22 10:43:25,454 - main - INFO - Delay mode: setting loading.gif
2025-10-22 10:43:25,833 - main - INFO - Set icon: listening.png
2025-10-22 10:43:26,835 - main - INFO - Move pan: -35
2025-10-22 10:43:27,256 - main - INFO - Delay mode: setting loading.gif
2025-10-22 10:43:28,837 - main - INFO - Move tilt: -3
2025-10-22 10:43:29,058 - main - INFO - Delay mode: setting loading.gif
2025-10-22 10:43:30,839 - main - INFO - Set icon: listening.png
2025-10-22 10:43:30,860 - main - INFO - Delay mode: setting loading.gif
2025-10-22 10:43:31,841 - main - INFO - Move pan: -35
2025-10-22 10:43:32,662 - main - INFO - Delay mode: setting loading.gif
2025-10-22 10:43:33,843 - main - INFO - Move tilt: -3
2025-10-22 10:43:34,463 - main - INFO - Delay mode: setting loading.gif
2025-10-22 10:43:35,845 - main - INFO - Set icon: listening.png
2025-10-22 10:43:36,265 - main - INFO - Delay mode: setting loading.gif
2025-10-22 10:43:36,847 - main - INFO - Move pan: -35
2025-10-22 10:43:38,066 - main - INFO - Delay mode: setting loading.gif
2025-10-22 10:43:38,850 - main - INFO - Move tilt: -3
2025-10-22 10:43:39,868 - main - INFO - Delay mode: setting loading.gif
2025-10-22 10:43:40,852 - main - INFO - Set icon: black.png
2025-10-22 10:43:41,670 - main - INFO - Delay mode: setting loading.gif
2025-10-22 10:43:41,854 - main - INFO - Set icon: listening.png
2025-10-22 10:43:42,856 - main - INFO - Move pan: -35
2025-10-22 10:43:43,471 - main - INFO - Delay mode: setting loading.gif
2025-10-22 10:43:44,858 - main - INFO - Move tilt: -3
2025-10-22 10:43:45,272 - main - INFO - Delay mode: setting loading.gif
2025-10-22 10:43:46,859 - main - INFO - Set icon: black.png
2025-10-22 10:43:47,074 - main - INFO - Delay mode: setting loading.gif
2025-10-22 10:43:47,861 - main - INFO - Set icon: listening.png
2025-10-22 10:43:48,863 - main - INFO - Move pan: -35
2025-10-22 10:43:48,876 - main - INFO - Delay mode: setting loading.gif
2025-10-22 10:43:50,678 - main - INFO - Delay mode: setting loading.gif
2025-10-22 10:43:50,865 - main - INFO - Move tilt: -3
2025-10-22 10:43:52,479 - main - INFO - Delay mode: setting loading.gif
2025-10-22 10:43:52,867 - main - INFO - Set icon: listening.png
2025-10-22 10:43:53,869 - main - INFO - Move pan: -35
2025-10-22 10:43:54,281 - main - INFO - Delay mode: setting loading.gif
2025-10-22 10:43:55,871 - main - INFO - Move tilt: -3
2025-10-22 10:43:56,083 - main - INFO - Delay mode: setting loading.gif
2025-10-22 10:43:57,885 - main - INFO - Delay mode: setting loading.gif
2025-10-22 10:43:57,925 - main - INFO - Toggle behaviour
2025-10-22 10:43:59,687 - main - INFO - Delay mode: setting loading.gif
2025-10-22 10:44:01,489 - main - INFO - Delay mode: setting loading.gif
2025-10-22 10:44:01,953 - main - INFO - Toggle behaviour
2025-10-22 10:44:02,956 - main - INFO - Set icon: black.png
2025-10-22 10:44:03,291 - main - INFO - Delay mode: setting loading.gif
2025-10-22 10:44:03,957 - main - INFO - Set icon: listening.png
2025-10-22 10:44:04,959 - main - INFO - Move pan: -35
2025-10-22 10:44:05,094 - main - INFO - Delay mode: setting loading.gif
2025-10-22 10:44:06,961 - main - INFO - Move tilt: -3
2025-10-22 10:44:08,963 - main - INFO - Set icon: black.png
2025-10-22 10:44:09,965 - main - INFO - Set icon: listening.png
2025-10-22 10:44:10,966 - main - INFO - Move pan: -35
2025-10-22 10:44:12,968 - main - INFO - Move tilt: -3
2025-10-22 10:44:14,970 - main - INFO - Set icon: black.png
2025-10-22 10:44:15,972 - main - INFO - Move pan: -35
2025-10-22 10:44:17,974 - main - INFO - Move tilt: -3
2025-10-22 10:44:19,976 - main - INFO - Set icon: speaking.png
2025-10-22 10:44:20,978 - main - INFO - Set icon: speaking.png
2025-10-22 10:44:21,980 - main - INFO - Set icon: speaking.png
2025-10-22 10:44:22,982 - main - INFO - Set icon: speaking.png
2025-10-22 10:44:23,984 - main - INFO - Set icon: speaking.png
2025-10-22 10:44:24,985 - main - INFO - Set icon: speaking.png
2025-10-22 10:44:25,987 - main - INFO - Set icon: speaking.png
2025-10-22 10:44:26,989 - main - INFO - Set icon: speaking.png
2025-10-22 10:44:27,991 - main - INFO - Set icon: speaking.png
2025-10-22 10:44:28,993 - main - INFO - Set icon: speaking.png
2025-10-22 10:44:29,995 - main - INFO - Set icon: speaking.png
2025-10-22 10:44:30,997 - main - INFO - Set icon: speaking.png
2025-10-22 10:44:31,999 - main - INFO - Set icon: speaking.png
2025-10-22 10:44:33,001 - main - INFO - Set icon: speaking.png
2025-10-22 10:44:34,003 - main - INFO - Set icon: speaking.png
2025-10-22 10:44:35,005 - main - INFO - Set icon: speaking.png
2025-10-22 10:44:36,006 - main - INFO - Set icon: speaking.png
2025-10-22 10:44:37,008 - main - INFO - Set icon: speaking.png
2025-10-22 10:44:38,009 - main - INFO - Set icon: speaking.png
2025-10-22 10:44:39,011 - main - INFO - Set icon: speaking.png
2025-10-22 10:44:40,013 - main - INFO - Set icon: speaking.png
2025-10-22 10:44:41,015 - main - INFO - Set icon: speaking.png
2025-10-22 10:44:42,017 - main - INFO - Set icon: speaking.png
2025-10-22 10:44:43,019 - main - INFO - Set icon: speaking.png
2025-10-22 10:44:44,020 - main - INFO - Set icon: black.png
2025-10-22 10:44:45,022 - main - INFO - Set icon: speaking.png
2025-10-22 10:44:46,024 - main - INFO - Set icon: speaking.png
2025-10-22 10:44:47,026 - main - INFO - Set icon: speaking.png
2025-10-22 10:44:48,028 - main - INFO - Set icon: speaking.png
2025-10-22 10:44:49,029 - main - INFO - Set icon: speaking.png
2025-10-22 10:44:50,031 - main - INFO - Set icon: speaking.png
2025-10-22 10:44:51,033 - main - INFO - Set icon: speaking.png
2025-10-22 10:44:52,035 - main - INFO - Set icon: speaking.png
2025-10-22 10:44:53,036 - main - INFO - Set icon: speaking.png
2025-10-22 10:44:54,039 - main - INFO - Set icon: speaking.png
2025-10-22 10:44:55,041 - main - INFO - Set icon: speaking.png
2025-10-22 10:44:56,042 - main - INFO - Set icon: speaking.png
2025-10-22 10:44:57,043 - main - INFO - Set icon: speaking.png
2025-10-22 10:44:58,047 - main - INFO - Set icon: speaking.png
2025-10-22 10:44:59,048 - main - INFO - Set icon: speaking.png
2025-10-22 10:45:00,050 - main - INFO - Set icon: speaking.png
2025-10-22 10:45:01,051 - main - INFO - Set icon: speaking.png
2025-10-22 10:45:02,052 - main - INFO - Set icon: speaking.png
2025-10-22 10:45:03,054 - main - INFO - Set icon: speaking.png
2025-10-22 10:45:04,056 - main - INFO - Set icon: speaking.png
2025-10-22 10:45:05,058 - main - INFO - Set icon: speaking.png
2025-10-22 10:45:06,060 - main - INFO - Set icon: speaking.png
2025-10-22 10:45:07,062 - main - INFO - Set icon: speaking.png
2025-10-22 10:45:08,063 - main - INFO - Set icon: speaking.png
2025-10-22 10:45:09,066 - main - INFO - Set icon: black.png
2025-10-22 10:45:10,068 - main - INFO - Set icon: speaking.png
2025-10-22 10:45:11,070 - main - INFO - Set icon: speaking.png
2025-10-22 10:45:12,072 - main - INFO - Set icon: speaking.png
2025-10-22 10:45:13,074 - main - INFO - Set icon: speaking.png
2025-10-22 10:45:14,075 - main - INFO - Set icon: speaking.png
2025-10-22 10:45:15,077 - main - INFO - Set icon: speaking.png
2025-10-22 10:45:16,079 - main - INFO - Set icon: speaking.png
2025-10-22 10:45:17,080 - main - INFO - Set icon: speaking.png
2025-10-22 10:45:18,082 - main - INFO - Set icon: speaking.png
2025-10-22 10:45:19,084 - main - INFO - Set icon: speaking.png
2025-10-22 10:45:20,087 - main - INFO - Set icon: speaking.png
2025-10-22 10:45:21,089 - main - INFO - Set icon: speaking.png
2025-10-22 10:45:22,091 - main - INFO - Set icon: speaking.png
2025-10-22 10:45:23,093 - main - INFO - Set icon: speaking.png
2025-10-22 10:45:24,096 - main - INFO - Set icon: speaking.png
2025-10-22 10:45:25,097 - main - INFO - Set icon: speaking.png
2025-10-22 10:45:26,098 - main - INFO - Set icon: speaking.png
2025-10-22 10:45:27,100 - main - INFO - Set icon: speaking.png
2025-10-22 10:45:28,102 - main - INFO - Set icon: black.png
2025-10-22 10:45:29,104 - main - INFO - Set icon: listening.png
2025-10-22 10:45:30,106 - main - INFO - Move pan: -35
2025-10-22 10:45:32,108 - main - INFO - Move tilt: -3
2025-10-22 10:45:34,110 - main - INFO - Set icon: listening.png
2025-10-22 10:45:35,112 - main - INFO - Move pan: -35
2025-10-22 10:45:37,114 - main - INFO - Move tilt: -3
2025-10-22 10:45:39,115 - main - INFO - Set icon: black.png
2025-10-22 10:45:40,118 - main - INFO - Set icon: speaking.png
2025-10-22 10:45:41,119 - main - INFO - Set icon: speaking.png
2025-10-22 10:45:42,121 - main - INFO - Set icon: speaking.png
2025-10-22 10:45:43,123 - main - INFO - Set icon: speaking.png
2025-10-22 10:45:44,125 - main - INFO - Set icon: speaking.png
2025-10-22 10:45:45,127 - main - INFO - Set icon: speaking.png
2025-10-22 10:45:46,129 - main - INFO - Set icon: speaking.png
2025-10-22 10:45:47,130 - main - INFO - Set icon: speaking.png
2025-10-22 10:45:48,132 - main - INFO - Set icon: speaking.png
2025-10-22 10:45:49,133 - main - INFO - Set icon: speaking.png
2025-10-22 10:45:50,135 - main - INFO - Set icon: speaking.png
2025-10-22 10:45:51,136 - main - INFO - Set icon: speaking.png
2025-10-22 10:45:52,138 - main - INFO - Set icon: speaking.png
2025-10-22 10:45:53,140 - main - INFO - Set icon: speaking.png
2025-10-22 10:45:54,141 - main - INFO - Set icon: speaking.png
2025-10-22 10:45:55,143 - main - INFO - Set icon: speaking.png
2025-10-22 10:45:56,144 - main - INFO - Set icon: speaking.png
2025-10-22 10:45:57,145 - main - INFO - Set icon: speaking.png
2025-10-22 10:45:58,147 - main - INFO - Set icon: speaking.png
2025-10-22 10:45:59,148 - main - INFO - Set icon: speaking.png
2025-10-22 10:46:00,150 - main - INFO - Set icon: speaking.png
2025-10-22 10:46:01,152 - main - INFO - Set icon: speaking.png
2025-10-22 10:46:02,154 - main - INFO - Set icon: speaking.png
2025-10-22 10:46:03,156 - main - INFO - Set icon: speaking.png
2025-10-22 10:46:04,158 - main - INFO - Set icon: speaking.png
2025-10-22 10:46:05,160 - main - INFO - Set icon: speaking.png
2025-10-22 10:46:06,162 - main - INFO - Set icon: speaking.png
2025-10-22 10:46:07,168 - main - INFO - Set icon: black.png
2025-10-22 10:46:08,170 - main - INFO - Set icon: listening.png
2025-10-22 10:46:09,172 - main - INFO - Move pan: -35
2025-10-22 10:46:11,174 - main - INFO - Move tilt: -3
2025-10-22 10:46:13,175 - main - INFO - Set icon: black.png
2025-10-22 10:46:14,177 - main - INFO - Set icon: listening.png
2025-10-22 10:46:15,179 - main - INFO - Move pan: -35
2025-10-22 10:46:17,181 - main - INFO - Move tilt: -3
2025-10-22 10:46:19,183 - main - INFO - Set icon: black.png
2025-10-22 10:46:20,185 - main - INFO - Set icon: speaking.png
2025-10-22 10:46:21,186 - main - INFO - Set icon: speaking.png
2025-10-22 10:46:22,188 - main - INFO - Set icon: speaking.png
2025-10-22 10:46:23,190 - main - INFO - Set icon: speaking.png
2025-10-22 10:46:24,192 - main - INFO - Set icon: speaking.png
2025-10-22 10:46:25,193 - main - INFO - Set icon: speaking.png
2025-10-22 10:46:26,195 - main - INFO - Set icon: speaking.png
2025-10-22 10:46:27,196 - main - INFO - Set icon: speaking.png
2025-10-22 10:46:28,198 - main - INFO - Set icon: speaking.png
2025-10-22 10:46:29,200 - main - INFO - Set icon: speaking.png
2025-10-22 10:46:30,202 - main - INFO - Set icon: speaking.png
2025-10-22 10:46:31,203 - main - INFO - Set icon: speaking.png
2025-10-22 10:46:32,205 - main - INFO - Set icon: speaking.png
2025-10-22 10:46:33,207 - main - INFO - Set icon: speaking.png
2025-10-22 10:46:34,209 - main - INFO - Set icon: speaking.png
2025-10-22 10:46:35,211 - main - INFO - Set icon: speaking.png
2025-10-22 10:46:36,213 - main - INFO - Set icon: speaking.png
2025-10-22 10:46:37,214 - main - INFO - Set icon: speaking.png
2025-10-22 10:46:38,216 - main - INFO - Set icon: speaking.png
2025-10-22 10:46:39,218 - main - INFO - Set icon: speaking.png
2025-10-22 10:46:40,219 - main - INFO - Set icon: speaking.png
2025-10-22 10:46:41,221 - main - INFO - Set icon: speaking.png
2025-10-22 10:46:42,223 - main - INFO - Set icon: speaking.png
2025-10-22 10:46:43,224 - main - INFO - Set icon: speaking.png
2025-10-22 10:46:44,226 - main - INFO - Set icon: speaking.png
2025-10-22 10:46:45,227 - main - INFO - Set icon: speaking.png
2025-10-22 10:46:46,229 - main - INFO - Set icon: speaking.png
2025-10-22 10:46:47,230 - main - INFO - Set icon: speaking.png
2025-10-22 10:46:48,232 - main - INFO - Set icon: speaking.png
2025-10-22 10:46:49,234 - main - INFO - Set icon: speaking.png
2025-10-22 10:46:50,236 - main - INFO - Set icon: black.png
2025-10-22 10:46:51,238 - main - INFO - Set icon: speaking.png
2025-10-22 10:46:52,240 - main - INFO - Set icon: speaking.png
2025-10-22 10:46:53,241 - main - INFO - Set icon: speaking.png
2025-10-22 10:46:54,243 - main - INFO - Set icon: speaking.png
2025-10-22 10:46:55,244 - main - INFO - Set icon: speaking.png
2025-10-22 10:46:56,264 - main - INFO - Set icon: speaking.png
2025-10-22 10:46:57,267 - main - INFO - Set icon: speaking.png
2025-10-22 10:46:58,268 - main - INFO - Set icon: speaking.png
2025-10-22 10:46:59,270 - main - INFO - Set icon: speaking.png
2025-10-22 10:47:00,271 - main - INFO - Set icon: speaking.png
2025-10-22 10:47:01,273 - main - INFO - Set icon: speaking.png
2025-10-22 10:47:02,275 - main - INFO - Set icon: speaking.png
2025-10-22 10:47:03,277 - main - INFO - Set icon: speaking.png
2025-10-22 10:47:04,279 - main - INFO - Set icon: speaking.png
2025-10-22 10:47:05,281 - main - INFO - Set icon: speaking.png
2025-10-22 10:47:06,283 - main - INFO - Set icon: speaking.png
2025-10-22 10:47:07,285 - main - INFO - Set icon: speaking.png
2025-10-22 10:47:08,287 - main - INFO - Set icon: speaking.png
2025-10-22 10:47:09,290 - main - INFO - Set icon: speaking.png
2025-10-22 10:47:10,292 - main - INFO - Set icon: speaking.png
2025-10-22 10:47:11,293 - main - INFO - Set icon: speaking.png
2025-10-22 10:47:12,295 - main - INFO - Set icon: black.png
2025-10-22 10:47:13,297 - main - INFO - Set icon: speaking.png
2025-10-22 10:47:14,299 - main - INFO - Set icon: black.png
2025-10-22 10:47:15,300 - main - INFO - Set icon: listening.png
2025-10-22 10:47:16,302 - main - INFO - Move pan: -35
2025-10-22 10:47:18,304 - main - INFO - Move tilt: -3
2025-10-22 10:47:20,305 - main - INFO - Set icon: listening.png
2025-10-22 10:47:21,307 - main - INFO - Move pan: -35
2025-10-22 10:47:23,308 - main - INFO - Move tilt: -3
2025-10-22 10:47:25,310 - main - INFO - Set icon: black.png
2025-10-22 10:47:26,311 - main - INFO - Set icon: listening.png
2025-10-22 10:47:27,313 - main - INFO - Move pan: -35
2025-10-22 10:47:29,314 - main - INFO - Move tilt: -3
2025-10-22 10:47:31,316 - main - INFO - Set icon: listening.png
2025-10-22 10:47:32,318 - main - INFO - Move pan: -35
2025-10-22 10:47:34,320 - main - INFO - Move tilt: -3
2025-10-22 10:47:36,321 - main - INFO - Set icon: black.png
2025-10-22 10:47:37,324 - main - INFO - Set icon: listening.png
2025-10-22 10:47:38,326 - main - INFO - Move pan: -35
2025-10-22 10:47:40,328 - main - INFO - Move tilt: -3
2025-10-22 10:47:42,330 - main - INFO - Set icon: listening.png
2025-10-22 10:47:43,331 - main - INFO - Move pan: -35
2025-10-22 10:47:45,332 - main - INFO - Move tilt: -3
2025-10-22 10:47:47,334 - main - INFO - Set icon: listening.png
2025-10-22 10:47:48,336 - main - INFO - Move pan: -35
2025-10-22 10:47:50,337 - main - INFO - Move tilt: -3
2025-10-22 10:47:52,339 - main - INFO - Set icon: listening.png
2025-10-22 10:47:53,340 - main - INFO - Move pan: -35
2025-10-22 10:47:55,342 - main - INFO - Move tilt: -3
2025-10-22 10:47:57,344 - main - INFO - Set icon: listening.png
2025-10-22 10:47:58,346 - main - INFO - Set icon: black.png
2025-10-22 10:47:59,348 - main - INFO - Set icon: listening.png
2025-10-22 10:48:00,350 - main - INFO - Move pan: -35
2025-10-22 10:48:02,351 - main - INFO - Move tilt: -3
2025-10-22 10:48:04,352 - main - INFO - Set icon: listening.png
2025-10-22 10:48:05,354 - main - INFO - Move pan: -35
2025-10-22 10:48:07,356 - main - INFO - Move tilt: -3
2025-10-22 10:48:09,358 - main - INFO - Set icon: black.png
2025-10-22 10:48:10,360 - main - INFO - Set icon: listening.png
2025-10-22 10:48:11,362 - main - INFO - Move pan: -35
2025-10-22 10:48:13,364 - main - INFO - Move tilt: -3
2025-10-22 10:48:15,365 - main - INFO - Set icon: black.png
2025-10-22 10:48:16,368 - main - INFO - Set icon: listening.png
2025-10-22 10:48:17,370 - main - INFO - Move pan: -35
2025-10-22 10:48:19,372 - main - INFO - Move tilt: -3
2025-10-22 10:48:21,373 - main - INFO - Set icon: listening.png
2025-10-22 10:48:22,375 - main - INFO - Move pan: -35
2025-10-22 10:48:24,377 - main - INFO - Move tilt: -3
2025-10-22 10:48:26,379 - main - INFO - Set icon: listening.png
2025-10-22 10:48:27,381 - main - INFO - Move pan: -35
2025-10-22 10:48:29,383 - main - INFO - Move tilt: -3
2025-10-22 10:48:31,384 - main - INFO - Set icon: listening.png
2025-10-22 10:48:32,386 - main - INFO - Move pan: -35
2025-10-22 10:48:34,387 - main - INFO - Move tilt: -3
2025-10-22 10:48:36,389 - main - INFO - Set icon: black.png
2025-10-22 10:48:37,391 - main - INFO - Set icon: listening.png
2025-10-22 10:48:38,393 - main - INFO - Move pan: -35
2025-10-22 10:48:40,395 - main - INFO - Move tilt: -3
2025-10-22 10:48:42,396 - main - INFO - Set icon: black.png
2025-10-22 10:48:43,398 - main - INFO - Set icon: listening.png
2025-10-22 10:48:44,400 - main - INFO - Move pan: -35
2025-10-22 10:48:46,401 - main - INFO - Move tilt: -3
2025-10-22 10:48:48,403 - main - INFO - Set icon: black.png
2025-10-22 10:48:49,405 - main - INFO - Set icon: listening.png
2025-10-22 10:48:50,407 - main - INFO - Move pan: -35
2025-10-22 10:48:52,408 - main - INFO - Move tilt: -3
2025-10-22 10:48:54,409 - main - INFO - Set icon: listening.png
2025-10-22 10:48:55,411 - main - INFO - Move pan: -35
2025-10-22 10:48:57,414 - main - INFO - Move tilt: -3
2025-10-22 10:48:59,415 - main - INFO - Set icon: listening.png
2025-10-22 10:49:00,417 - main - INFO - Move pan: -35
2025-10-22 10:49:02,418 - main - INFO - Move tilt: -3
2025-10-22 10:49:04,420 - main - INFO - Set icon: listening.png
2025-10-22 10:49:05,422 - main - INFO - Move pan: -35
2025-10-22 10:49:07,423 - main - INFO - Move tilt: -3
2025-10-22 10:49:09,425 - main - INFO - Set icon: listening.png
2025-10-22 10:49:10,426 - main - INFO - Move pan: -35
2025-10-22 10:49:12,428 - main - INFO - Move tilt: -3
2025-10-22 10:49:14,430 - main - INFO - Set icon: listening.png
2025-10-22 10:49:15,432 - main - INFO - Move pan: -35
2025-10-22 10:49:17,434 - main - INFO - Move tilt: -3
2025-10-22 10:49:19,436 - main - INFO - Set icon: black.png
2025-10-22 10:49:20,438 - main - INFO - Set icon: listening.png
2025-10-22 10:49:21,440 - main - INFO - Move pan: -35
2025-10-22 10:49:23,441 - main - INFO - Move tilt: -3
2025-10-22 10:49:25,442 - main - INFO - Set icon: black.png
2025-10-22 10:49:26,444 - main - INFO - Set icon: listening.png
2025-10-22 10:49:27,446 - main - INFO - Move pan: -35
2025-10-22 10:49:29,447 - main - INFO - Move tilt: -3
2025-10-22 10:49:31,449 - main - INFO - Set icon: black.png
2025-10-22 10:49:32,450 - main - INFO - Set icon: listening.png
2025-10-22 10:49:33,452 - main - INFO - Move pan: -35
2025-10-22 10:49:35,453 - main - INFO - Move tilt: -3
2025-10-22 10:49:37,454 - main - INFO - Set icon: black.png
2025-10-22 10:49:38,456 - main - INFO - Set icon: listening.png
2025-10-22 10:49:39,457 - main - INFO - Move pan: -35
2025-10-22 10:49:41,459 - main - INFO - Move tilt: -3
2025-10-22 10:49:43,461 - main - INFO - Set icon: listening.png
2025-10-22 10:49:44,464 - main - INFO - Move pan: -35
2025-10-22 10:49:46,465 - main - INFO - Move tilt: -3
2025-10-22 10:49:48,467 - main - INFO - Set icon: listening.png
2025-10-22 10:49:49,469 - main - INFO - Move pan: -35
2025-10-22 10:49:51,470 - main - INFO - Move tilt: -3
2025-10-22 10:49:53,471 - main - INFO - Set icon: black.png
2025-10-22 10:49:54,473 - main - INFO - Set icon: listening.png
2025-10-22 10:49:55,474 - main - INFO - Move pan: -35
2025-10-22 10:49:57,476 - main - INFO - Move tilt: -3
2025-10-22 10:49:59,478 - main - INFO - Set icon: listening.png
2025-10-22 10:50:00,480 - main - INFO - Move pan: -35
2025-10-22 10:50:02,481 - main - INFO - Move tilt: -3
2025-10-22 10:50:04,484 - main - INFO - Set icon: black.png
2025-10-22 10:50:05,486 - main - INFO - Set icon: listening.png
2025-10-22 10:50:06,487 - main - INFO - Move pan: -35
2025-10-22 10:50:08,489 - main - INFO - Move tilt: -3
2025-10-22 10:50:10,490 - main - INFO - Set icon: black.png
2025-10-22 10:50:11,491 - main - INFO - Set icon: listening.png
2025-10-22 10:50:12,492 - main - INFO - Move pan: -35
2025-10-22 10:50:14,494 - main - INFO - Move tilt: -3
2025-10-22 10:50:16,496 - main - INFO - Set icon: listening.png
2025-10-22 10:50:17,497 - main - INFO - Move pan: -35
2025-10-22 10:50:19,499 - main - INFO - Move tilt: -3
2025-10-22 10:50:21,500 - main - INFO - Set icon: listening.png
2025-10-22 10:50:22,502 - main - INFO - Move pan: -35
2025-10-22 10:50:24,504 - main - INFO - Move tilt: -3
2025-10-22 10:50:26,528 - main - INFO - Toggle behaviour
2025-10-22 10:50:30,569 - main - INFO - Toggle behaviour
2025-10-22 10:50:31,592 - main - INFO - Toggle behaviour
2025-10-22 10:50:35,629 - main - INFO - Toggle behaviour
2025-10-22 10:50:36,661 - main - INFO - Toggle behaviour
2025-10-22 10:50:40,693 - main - INFO - Toggle behaviour
2025-10-22 10:50:41,726 - main - INFO - Toggle behaviour
2025-10-22 10:50:45,779 - main - INFO - Toggle behaviour
2025-10-22 10:50:46,780 - main - INFO - Set icon: black.png
2025-10-22 10:50:47,782 - main - INFO - Set icon: listening.png
2025-10-22 10:50:48,784 - main - INFO - Move pan: -35
2025-10-22 10:50:50,785 - main - INFO - Move tilt: -3
2025-10-22 10:50:52,787 - main - INFO - Set icon: listening.png
2025-10-22 10:50:53,789 - main - INFO - Move pan: -35
2025-10-22 10:50:55,790 - main - INFO - Move tilt: -3
2025-10-22 10:50:57,792 - main - INFO - Set icon: listening.png
2025-10-22 10:50:58,794 - main - INFO - Move pan: -35
2025-10-22 10:51:00,795 - main - INFO - Move tilt: -3
2025-10-22 10:51:02,797 - main - INFO - Set icon: listening.png
2025-10-22 10:51:03,798 - main - INFO - Move pan: -35
2025-10-22 10:51:05,801 - main - INFO - Move tilt: -3
2025-10-22 10:51:07,803 - main - INFO - Set icon: black.png
2025-10-22 10:51:08,805 - main - INFO - Set icon: listening.png
2025-10-22 10:51:09,807 - main - INFO - Move pan: -35
2025-10-22 10:51:11,808 - main - INFO - Move tilt: -3
2025-10-22 10:51:13,840 - main - INFO - Toggle behaviour
2025-10-22 10:51:17,871 - main - INFO - Toggle behaviour
2025-10-22 10:51:18,873 - main - INFO - Set icon: black.png
2025-10-22 10:51:19,874 - main - INFO - Set icon: speaking.png
2025-10-22 10:51:20,875 - main - INFO - Set icon: speaking.png
2025-10-22 10:51:21,876 - main - INFO - Set icon: black.png
2025-10-22 10:51:22,878 - main - INFO - Set icon: speaking.png
2025-10-22 10:51:23,880 - main - INFO - Set icon: speaking.png
2025-10-22 10:51:24,881 - main - INFO - Set icon: speaking.png
2025-10-22 10:51:25,882 - main - INFO - Set icon: speaking.png
2025-10-22 10:51:26,883 - main - INFO - Set icon: speaking.png
2025-10-22 10:51:27,884 - main - INFO - Set icon: speaking.png
2025-10-22 10:51:28,886 - main - INFO - Set icon: speaking.png
2025-10-22 10:51:29,888 - main - INFO - Set icon: speaking.png
2025-10-22 10:51:30,889 - main - INFO - Set icon: speaking.png
2025-10-22 10:51:31,891 - main - INFO - Set icon: speaking.png
2025-10-22 10:51:32,892 - main - INFO - Set icon: speaking.png
2025-10-22 10:51:33,894 - main - INFO - Set icon: speaking.png
2025-10-22 10:51:34,895 - main - INFO - Set icon: speaking.png
2025-10-22 10:51:35,896 - main - INFO - Set icon: speaking.png
2025-10-22 10:51:36,897 - main - INFO - Set icon: speaking.png
2025-10-22 10:51:37,898 - main - INFO - Set icon: speaking.png
2025-10-22 10:51:38,899 - main - INFO - Set icon: speaking.png
2025-10-22 10:51:39,901 - main - INFO - Set icon: speaking.png
2025-10-22 10:51:40,903 - main - INFO - Set icon: speaking.png
2025-10-22 10:51:41,905 - main - INFO - Set icon: speaking.png
2025-10-22 10:51:42,906 - main - INFO - Set icon: speaking.png
2025-10-22 10:51:43,908 - main - INFO - Set icon: speaking.png
2025-10-22 10:51:44,909 - main - INFO - Set icon: speaking.png
2025-10-22 10:51:45,910 - main - INFO - Set icon: speaking.png
2025-10-22 10:51:46,912 - main - INFO - Set icon: speaking.png
2025-10-22 10:51:47,914 - main - INFO - Set icon: speaking.png
2025-10-22 10:51:48,915 - main - INFO - Set icon: speaking.png
2025-10-22 10:51:49,916 - main - INFO - Set icon: black.png
2025-10-22 10:51:50,919 - main - INFO - Set icon: speaking.png
2025-10-22 10:51:51,920 - main - INFO - Set icon: speaking.png
2025-10-22 10:51:52,921 - main - INFO - Set icon: speaking.png
2025-10-22 10:51:53,923 - main - INFO - Set icon: speaking.png
2025-10-22 10:51:54,924 - main - INFO - Set icon: speaking.png
2025-10-22 10:51:55,926 - main - INFO - Set icon: speaking.png
2025-10-22 10:51:56,928 - main - INFO - Set icon: speaking.png
2025-10-22 10:51:57,929 - main - INFO - Set icon: speaking.png
2025-10-22 10:51:58,930 - main - INFO - Set icon: speaking.png
2025-10-22 10:51:59,931 - main - INFO - Set icon: speaking.png
2025-10-22 10:52:00,932 - main - INFO - Set icon: speaking.png
2025-10-22 10:52:01,933 - main - INFO - Set icon: speaking.png
2025-10-22 10:52:02,936 - main - INFO - Set icon: speaking.png
2025-10-22 10:52:03,937 - main - INFO - Set icon: speaking.png
2025-10-22 10:52:04,938 - main - INFO - Set icon: speaking.png
2025-10-22 10:52:05,939 - main - INFO - Set icon: speaking.png
2025-10-22 10:52:06,940 - main - INFO - Set icon: speaking.png
2025-10-22 10:52:07,942 - main - INFO - Set icon: speaking.png
2025-10-22 10:52:08,943 - main - INFO - Set icon: speaking.png
2025-10-22 10:52:09,944 - main - INFO - Set icon: speaking.png
2025-10-22 10:52:10,946 - main - INFO - Set icon: speaking.png
2025-10-22 10:52:11,947 - main - INFO - Set icon: speaking.png
2025-10-22 10:52:12,948 - main - INFO - Set icon: speaking.png
2025-10-22 10:52:13,949 - main - INFO - Set icon: speaking.png
2025-10-22 10:52:14,950 - main - INFO - Set icon: black.png
2025-10-22 10:52:15,951 - main - INFO - Set icon: speaking.png
2025-10-22 10:52:16,952 - main - INFO - Set icon: speaking.png
2025-10-22 10:52:17,954 - main - INFO - Set icon: speaking.png
2025-10-22 10:52:18,955 - main - INFO - Set icon: speaking.png
2025-10-22 10:52:19,957 - main - INFO - Set icon: speaking.png
2025-10-22 10:52:20,959 - main - INFO - Set icon: speaking.png
2025-10-22 10:52:21,960 - main - INFO - Set icon: speaking.png
2025-10-22 10:52:22,962 - main - INFO - Set icon: speaking.png
2025-10-22 10:52:23,963 - main - INFO - Set icon: speaking.png
2025-10-22 10:52:24,965 - main - INFO - Set icon: speaking.png
2025-10-22 10:52:25,966 - main - INFO - Set icon: speaking.png
2025-10-22 10:52:26,967 - main - INFO - Set icon: speaking.png
2025-10-22 10:52:27,969 - main - INFO - Set icon: speaking.png
2025-10-22 10:52:28,970 - main - INFO - Set icon: speaking.png
2025-10-22 10:52:29,972 - main - INFO - Set icon: speaking.png
2025-10-22 10:52:30,973 - main - INFO - Set icon: speaking.png
2025-10-22 10:52:31,975 - main - INFO - Set icon: listening.png
2025-10-22 10:52:32,977 - main - INFO - Move pan: -35
2025-10-22 10:52:34,978 - main - INFO - Move tilt: -3
2025-10-22 10:52:36,979 - main - INFO - Set icon: speaking.png
2025-10-22 10:52:37,980 - main - INFO - Set icon: listening.png
2025-10-22 10:52:38,981 - main - INFO - Move pan: -35
2025-10-22 10:52:40,982 - main - INFO - Move tilt: -3
2025-10-22 10:52:42,984 - main - INFO - Set icon: black.png
2025-10-22 10:52:43,986 - main - INFO - Set icon: speaking.png
2025-10-22 10:52:44,987 - main - INFO - Set icon: speaking.png
2025-10-22 10:52:45,989 - main - INFO - Set icon: speaking.png
2025-10-22 10:52:46,990 - main - INFO - Set icon: listening.png
2025-10-22 10:52:47,992 - main - INFO - Move pan: -35
2025-10-22 10:52:49,993 - main - INFO - Move tilt: -3
2025-10-22 10:52:51,995 - main - INFO - Set icon: speaking.png
2025-10-22 10:52:52,997 - main - INFO - Set icon: speaking.png
2025-10-22 10:52:53,998 - main - INFO - Set icon: listening.png
2025-10-22 10:52:54,999 - main - INFO - Move pan: -35
2025-10-22 10:52:57,001 - main - INFO - Move tilt: -3
2025-10-22 10:52:59,002 - main - INFO - Set icon: speaking.png
2025-10-22 10:53:00,004 - main - INFO - Set icon: speaking.png
2025-10-22 10:53:01,005 - main - INFO - Set icon: speaking.png
2025-10-22 10:53:02,007 - main - INFO - Set icon: speaking.png
2025-10-22 10:53:03,009 - main - INFO - Set icon: speaking.png
2025-10-22 10:53:04,011 - main - INFO - Set icon: speaking.png
2025-10-22 10:53:05,012 - main - INFO - Set icon: speaking.png
2025-10-22 10:53:06,013 - main - INFO - Set icon: speaking.png
2025-10-22 10:53:07,014 - main - INFO - Set icon: speaking.png
2025-10-22 10:53:08,017 - main - INFO - Set icon: speaking.png
2025-10-22 10:53:09,018 - main - INFO - Set icon: speaking.png
2025-10-22 10:53:10,019 - main - INFO - Set icon: speaking.png
2025-10-22 10:53:11,021 - main - INFO - Set icon: speaking.png
2025-10-22 10:53:12,022 - main - INFO - Set icon: speaking.png
2025-10-22 10:53:13,024 - main - INFO - Set icon: speaking.png
2025-10-22 10:53:14,025 - main - INFO - Set icon: speaking.png
2025-10-22 10:53:15,026 - main - INFO - Set icon: speaking.png
2025-10-22 10:53:16,028 - main - INFO - Set icon: speaking.png
2025-10-22 10:53:17,030 - main - INFO - Set icon: speaking.png
2025-10-22 10:53:18,031 - main - INFO - Set icon: speaking.png
2025-10-22 10:53:19,033 - main - INFO - Set icon: speaking.png
2025-10-22 10:53:20,035 - main - INFO - Set icon: speaking.png
2025-10-22 10:53:21,036 - main - INFO - Set icon: speaking.png
2025-10-22 10:53:22,037 - main - INFO - Set icon: speaking.png
2025-10-22 10:53:23,039 - main - INFO - Set icon: speaking.png
2025-10-22 10:53:24,041 - main - INFO - Set icon: speaking.png
2025-10-22 10:53:25,043 - main - INFO - Set icon: speaking.png
2025-10-22 10:53:26,044 - main - INFO - Set icon: speaking.png
2025-10-22 10:53:27,045 - main - INFO - Set icon: speaking.png
2025-10-22 10:53:28,046 - main - INFO - Set icon: speaking.png
2025-10-22 10:53:29,048 - main - INFO - Set icon: speaking.png
2025-10-22 10:53:30,049 - main - INFO - Set icon: speaking.png
2025-10-22 10:53:31,050 - main - INFO - Set icon: speaking.png
2025-10-22 10:53:32,052 - main - INFO - Set icon: speaking.png
2025-10-22 10:53:33,054 - main - INFO - Set icon: speaking.png
2025-10-22 10:53:34,055 - main - INFO - Set icon: speaking.png
2025-10-22 10:53:35,056 - main - INFO - Set icon: speaking.png
2025-10-22 10:53:36,058 - main - INFO - Set icon: speaking.png
2025-10-22 10:53:37,060 - main - INFO - Set icon: speaking.png
2025-10-22 10:53:38,061 - main - INFO - Set icon: speaking.png
2025-10-22 10:53:39,063 - main - INFO - Set icon: speaking.png
2025-10-22 10:53:40,065 - main - INFO - Set icon: speaking.png
2025-10-22 10:53:41,066 - main - INFO - Set icon: speaking.png
2025-10-22 10:53:42,068 - main - INFO - Set icon: speaking.png
2025-10-22 10:53:43,069 - main - INFO - Set icon: speaking.png
2025-10-22 10:53:44,071 - main - INFO - Set icon: speaking.png
2025-10-22 10:53:45,072 - main - INFO - Set icon: speaking.png
2025-10-22 10:53:46,073 - main - INFO - Set icon: speaking.png
2025-10-22 10:53:47,075 - main - INFO - Set icon: speaking.png
2025-10-22 10:53:48,077 - main - INFO - Set icon: speaking.png
2025-10-22 10:53:49,078 - main - INFO - Set icon: speaking.png
2025-10-22 10:53:50,080 - main - INFO - Set icon: speaking.png
2025-10-22 10:53:51,082 - main - INFO - Set icon: speaking.png
2025-10-22 10:53:52,084 - main - INFO - Set icon: speaking.png
2025-10-22 10:53:53,085 - main - INFO - Set icon: speaking.png
2025-10-22 10:53:54,087 - main - INFO - Set icon: speaking.png
2025-10-22 10:53:55,088 - main - INFO - Set icon: speaking.png
2025-10-22 10:53:56,089 - main - INFO - Set icon: speaking.png
2025-10-22 10:53:57,091 - main - INFO - Set icon: speaking.png
2025-10-22 10:53:58,092 - main - INFO - Set icon: speaking.png
2025-10-22 10:53:59,093 - main - INFO - Set icon: speaking.png
2025-10-22 10:54:00,095 - main - INFO - Set icon: speaking.png
2025-10-22 10:54:01,096 - main - INFO - Set icon: speaking.png
2025-10-22 10:54:02,098 - main - INFO - Set icon: speaking.png
2025-10-22 10:54:03,099 - main - INFO - Set icon: speaking.png
2025-10-22 10:54:04,101 - main - INFO - Set icon: speaking.png
2025-10-22 10:54:05,103 - main - INFO - Set icon: speaking.png
2025-10-22 10:54:06,105 - main - INFO - Set icon: speaking.png
2025-10-22 10:54:07,107 - main - INFO - Set icon: speaking.png
2025-10-22 10:54:08,108 - main - INFO - Set icon: speaking.png
2025-10-22 10:54:09,109 - main - INFO - Set icon: speaking.png
2025-10-22 10:54:10,110 - main - INFO - Set icon: speaking.png
2025-10-22 10:54:11,111 - main - INFO - Set icon: speaking.png
2025-10-22 10:54:12,112 - main - INFO - Set icon: speaking.png
2025-10-22 10:54:13,113 - main - INFO - Set icon: speaking.png
2025-10-22 10:54:14,114 - main - INFO - Set icon: speaking.png
2025-10-22 10:54:15,115 - main - INFO - Set icon: speaking.png
2025-10-22 10:54:16,117 - main - INFO - Set icon: speaking.png
2025-10-22 10:54:17,119 - main - INFO - Set icon: speaking.png
2025-10-22 10:54:18,121 - main - INFO - Set icon: speaking.png
2025-10-22 10:54:19,122 - main - INFO - Set icon: speaking.png
2025-10-22 10:54:20,123 - main - INFO - Set icon: speaking.png
2025-10-22 10:54:21,125 - main - INFO - Set icon: speaking.png
2025-10-22 10:54:22,126 - main - INFO - Set icon: speaking.png
2025-10-22 10:54:23,128 - main - INFO - Set icon: black.png
2025-10-22 10:54:24,129 - main - INFO - Set icon: speaking.png
2025-10-22 10:54:25,130 - main - INFO - Set icon: speaking.png
2025-10-22 10:54:26,131 - main - INFO - Set icon: speaking.png
2025-10-22 10:54:27,133 - main - INFO - Set icon: speaking.png
2025-10-22 10:54:28,134 - main - INFO - Set icon: speaking.png
2025-10-22 10:54:29,135 - main - INFO - Set icon: speaking.png
2025-10-22 10:54:30,137 - main - INFO - Set icon: speaking.png
2025-10-22 10:54:31,139 - main - INFO - Set icon: speaking.png
2025-10-22 10:54:32,141 - main - INFO - Set icon: speaking.png
2025-10-22 10:54:33,143 - main - INFO - Set icon: speaking.png
2025-10-22 10:54:34,144 - main - INFO - Set icon: speaking.png
2025-10-22 10:54:35,145 - main - INFO - Set icon: speaking.png
2025-10-22 10:54:36,146 - main - INFO - Set icon: speaking.png
2025-10-22 10:54:37,148 - main - INFO - Set icon: speaking.png
2025-10-22 10:54:38,149 - main - INFO - Set icon: speaking.png
2025-10-22 10:54:39,151 - main - INFO - Set icon: speaking.png
2025-10-22 10:54:40,152 - main - INFO - Set icon: speaking.png
2025-10-22 10:54:41,153 - main - INFO - Set icon: speaking.png
2025-10-22 10:54:42,155 - main - INFO - Set icon: speaking.png
2025-10-22 10:54:43,156 - main - INFO - Set icon: speaking.png
2025-10-22 10:54:44,158 - main - INFO - Set icon: speaking.png
2025-10-22 10:54:45,160 - main - INFO - Set icon: speaking.png
2025-10-22 10:54:46,162 - main - INFO - Set icon: speaking.png
2025-10-22 10:54:47,164 - main - INFO - Set icon: speaking.png
2025-10-22 10:54:48,166 - main - INFO - Set icon: speaking.png
2025-10-22 10:54:49,167 - main - INFO - Set icon: speaking.png
2025-10-22 10:54:50,168 - main - INFO - Set icon: black.png
2025-10-22 10:54:51,170 - main - INFO - Set icon: speaking.png
2025-10-22 10:54:52,171 - main - INFO - Set icon: speaking.png
2025-10-22 10:54:53,172 - main - INFO - Set icon: speaking.png
2025-10-22 10:54:54,173 - main - INFO - Set icon: speaking.png
2025-10-22 10:54:55,174 - main - INFO - Set icon: speaking.png
2025-10-22 10:54:56,175 - main - INFO - Set icon: speaking.png
2025-10-22 10:54:57,177 - main - INFO - Set icon: speaking.png
2025-10-22 10:54:58,179 - main - INFO - Set icon: speaking.png
2025-10-22 10:54:59,180 - main - INFO - Set icon: speaking.png
2025-10-22 10:55:00,181 - main - INFO - Set icon: speaking.png
2025-10-22 10:55:01,182 - main - INFO - Set icon: speaking.png
2025-10-22 10:55:02,183 - main - INFO - Set icon: speaking.png
2025-10-22 10:55:03,184 - main - INFO - Set icon: speaking.png
2025-10-22 10:55:04,186 - main - INFO - Set icon: speaking.png
2025-10-22 10:55:05,187 - main - INFO - Set icon: speaking.png
2025-10-22 10:55:06,188 - main - INFO - Set icon: speaking.png
2025-10-22 10:55:07,190 - main - INFO - Set icon: speaking.png
2025-10-22 10:55:08,191 - main - INFO - Set icon: speaking.png
2025-10-22 10:55:09,192 - main - INFO - Set icon: speaking.png
2025-10-22 10:55:10,194 - main - INFO - Set icon: speaking.png
2025-10-22 10:55:11,196 - main - INFO - Set icon: speaking.png
2025-10-22 10:55:12,198 - main - INFO - Set icon: speaking.png
2025-10-22 10:55:13,199 - main - INFO - Set icon: speaking.png
2025-10-22 10:55:14,201 - main - INFO - Set icon: speaking.png
2025-10-22 10:55:15,203 - main - INFO - Set icon: speaking.png
2025-10-22 10:55:16,204 - main - INFO - Set icon: speaking.png
2025-10-22 10:55:17,206 - main - INFO - Set icon: speaking.png
2025-10-22 10:55:18,208 - main - INFO - Set icon: speaking.png
2025-10-22 10:55:19,210 - main - INFO - Set icon: speaking.png
2025-10-22 10:55:20,211 - main - INFO - Set icon: speaking.png
2025-10-22 10:55:21,212 - main - INFO - Set icon: speaking.png
2025-10-22 10:55:22,214 - main - INFO - Set icon: speaking.png
2025-10-22 10:55:23,216 - main - INFO - Set icon: speaking.png
2025-10-22 10:55:24,217 - main - INFO - Set icon: speaking.png
2025-10-22 10:55:25,219 - main - INFO - Set icon: speaking.png
2025-10-22 10:55:26,221 - main - INFO - Set icon: black.png
2025-10-22 10:55:27,222 - main - INFO - Set icon: listening.png
2025-10-22 10:55:28,223 - main - INFO - Move pan: -35
2025-10-22 10:55:30,224 - main - INFO - Move tilt: -3
2025-10-22 10:55:32,226 - main - INFO - Set icon: listening.png
2025-10-22 10:55:33,227 - main - INFO - Move pan: -35
2025-10-22 10:55:35,229 - main - INFO - Move tilt: -3
2025-10-22 10:55:37,231 - main - INFO - Set icon: black.png
2025-10-22 10:55:38,233 - main - INFO - Set icon: listening.png
2025-10-22 10:55:39,234 - main - INFO - Move pan: -35
2025-10-22 10:55:41,235 - main - INFO - Move tilt: -3
2025-10-22 10:55:43,237 - main - INFO - Set icon: listening.png
2025-10-22 10:55:44,238 - main - INFO - Move pan: -35
2025-10-22 10:55:46,239 - main - INFO - Move tilt: -3
2025-10-22 10:55:48,240 - main - INFO - Set icon: listening.png
2025-10-22 10:55:49,241 - main - INFO - Move pan: -35
2025-10-22 10:55:51,243 - main - INFO - Move tilt: -3
2025-10-22 10:55:53,244 - main - INFO - Set icon: listening.png
2025-10-22 10:55:54,246 - main - INFO - Move pan: -35
2025-10-22 10:55:56,247 - main - INFO - Move tilt: -3
2025-10-22 10:55:58,249 - main - INFO - Set icon: listening.png
2025-10-22 10:55:59,250 - main - INFO - Move pan: -35
2025-10-22 10:56:01,253 - main - INFO - Move tilt: -3
2025-10-22 10:56:03,254 - main - INFO - Set icon: listening.png
2025-10-22 10:56:04,256 - main - INFO - Move pan: -35
2025-10-22 10:56:06,257 - main - INFO - Move tilt: -3
2025-10-22 10:56:08,258 - main - INFO - Set icon: listening.png
2025-10-22 10:56:09,260 - main - INFO - Move pan: -35
2025-10-22 10:56:11,262 - main - INFO - Move tilt: -3
2025-10-22 10:56:13,263 - main - INFO - Set icon: listening.png
2025-10-22 10:56:14,266 - main - INFO - Move pan: -35
2025-10-22 10:56:16,267 - main - INFO - Move tilt: -3
2025-10-22 10:56:18,269 - main - INFO - Set icon: listening.png
2025-10-22 10:56:19,270 - main - INFO - Move pan: -35
2025-10-22 10:56:21,272 - main - INFO - Move tilt: -3
2025-10-22 10:56:23,274 - main - INFO - Set icon: black.png
2025-10-22 10:56:24,276 - main - INFO - Set icon: listening.png
2025-10-22 10:56:25,277 - main - INFO - Move pan: -35
2025-10-22 10:56:27,278 - main - INFO - Move tilt: -3
2025-10-22 10:56:29,281 - main - INFO - Set icon: listening.png
2025-10-22 10:56:30,282 - main - INFO - Move pan: -35
2025-10-22 10:56:32,284 - main - INFO - Move tilt: -3
2025-10-22 10:56:34,286 - main - INFO - Set icon: black.png
2025-10-22 10:56:35,288 - main - INFO - Set icon: listening.png
2025-10-22 10:56:36,290 - main - INFO - Move pan: -35
2025-10-22 10:56:38,292 - main - INFO - Move tilt: -3
2025-10-22 10:56:40,294 - main - INFO - Set icon: black.png
2025-10-22 10:56:41,295 - main - INFO - Set icon: listening.png
2025-10-22 10:56:42,297 - main - INFO - Move pan: -35
2025-10-22 10:56:44,298 - main - INFO - Move tilt: -3
2025-10-22 10:56:46,300 - main - INFO - Set icon: black.png
2025-10-22 10:56:47,301 - main - INFO - Set icon: listening.png
2025-10-22 10:56:48,303 - main - INFO - Move pan: -35
2025-10-22 10:56:50,304 - main - INFO - Move tilt: -3
2025-10-22 10:56:52,306 - main - INFO - Set icon: black.png
2025-10-22 10:56:53,307 - main - INFO - Set icon: listening.png
2025-10-22 10:56:54,309 - main - INFO - Move pan: -35
2025-10-22 10:56:56,311 - main - INFO - Move tilt: -3
2025-10-22 10:56:58,313 - main - INFO - Set icon: speaking.png
2025-10-22 10:56:59,314 - main - INFO - Set icon: listening.png
2025-10-22 10:57:00,316 - main - INFO - Move pan: -35
2025-10-22 10:57:02,317 - main - INFO - Move tilt: -3
2025-10-22 10:57:04,319 - main - INFO - Set icon: listening.png
2025-10-22 10:57:05,322 - main - INFO - Move pan: -35
2025-10-22 10:57:07,323 - main - INFO - Move tilt: -3
2025-10-22 10:57:09,324 - main - INFO - Set icon: listening.png
2025-10-22 10:57:10,326 - main - INFO - Move pan: -35
2025-10-22 10:57:12,327 - main - INFO - Move tilt: -3
2025-10-22 10:57:14,329 - main - INFO - Set icon: listening.png
2025-10-22 10:57:15,331 - main - INFO - Move pan: -35
2025-10-22 10:57:17,333 - main - INFO - Move tilt: -3
2025-10-22 10:57:19,335 - main - INFO - Set icon: black.png
2025-10-22 10:57:20,337 - main - INFO - Set icon: speaking.png
2025-10-22 10:57:21,339 - main - INFO - Set icon: speaking.png
2025-10-22 10:57:22,341 - main - INFO - Set icon: speaking.png
2025-10-22 10:57:23,343 - main - INFO - Set icon: speaking.png
2025-10-22 10:57:24,345 - main - INFO - Set icon: black.png
2025-10-22 10:57:25,347 - main - INFO - Set icon: listening.png
2025-10-22 10:57:26,349 - main - INFO - Move pan: -35
2025-10-22 10:57:28,350 - main - INFO - Move tilt: -3
2025-10-22 10:57:30,351 - main - INFO - Set icon: black.png
2025-10-22 10:57:31,353 - main - INFO - Set icon: listening.png
2025-10-22 10:57:32,355 - main - INFO - Move pan: -35
2025-10-22 10:57:34,357 - main - INFO - Move tilt: -3
2025-10-22 10:57:36,388 - main - INFO - Toggle behaviour
2025-10-22 10:57:40,421 - main - INFO - Toggle behaviour
2025-10-22 10:57:41,422 - main - INFO - Set icon: black.png
2025-10-22 10:57:42,424 - main - INFO - Set icon: speaking.png
2025-10-22 10:57:43,426 - main - INFO - Set icon: black.png
2025-10-22 10:57:44,428 - main - INFO - Set icon: speaking.png
2025-10-22 10:57:45,429 - main - INFO - Set icon: speaking.png
2025-10-22 10:57:46,431 - main - INFO - Set icon: speaking.png
2025-10-22 10:57:47,433 - main - INFO - Set icon: speaking.png
2025-10-22 10:57:48,435 - main - INFO - Set icon: speaking.png
2025-10-22 10:57:49,437 - main - INFO - Set icon: speaking.png
2025-10-22 10:57:50,440 - main - INFO - Set icon: speaking.png
2025-10-22 10:57:51,442 - main - INFO - Set icon: speaking.png
2025-10-22 10:57:52,443 - main - INFO - Set icon: speaking.png
2025-10-22 10:57:53,445 - main - INFO - Set icon: speaking.png
2025-10-22 10:57:54,447 - main - INFO - Set icon: speaking.png
2025-10-22 10:57:55,449 - main - INFO - Set icon: speaking.png
2025-10-22 10:57:56,451 - main - INFO - Set icon: speaking.png
2025-10-22 10:57:57,452 - main - INFO - Set icon: speaking.png
2025-10-22 10:57:58,454 - main - INFO - Set icon: speaking.png
2025-10-22 10:57:59,455 - main - INFO - Set icon: speaking.png
2025-10-22 10:58:00,456 - main - INFO - Set icon: speaking.png
2025-10-22 10:58:01,458 - main - INFO - Set icon: speaking.png
2025-10-22 10:58:02,460 - main - INFO - Set icon: speaking.png
2025-10-22 10:58:03,461 - main - INFO - Set icon: speaking.png
2025-10-22 10:58:04,463 - main - INFO - Set icon: speaking.png
2025-10-22 10:58:05,465 - main - INFO - Set icon: speaking.png
2025-10-22 10:58:06,467 - main - INFO - Set icon: speaking.png
2025-10-22 10:58:07,468 - main - INFO - Set icon: speaking.png
2025-10-22 10:58:08,470 - main - INFO - Set icon: speaking.png
2025-10-22 10:58:09,472 - main - INFO - Set icon: speaking.png
2025-10-22 10:58:10,474 - main - INFO - Set icon: speaking.png
2025-10-22 10:58:11,477 - main - INFO - Set icon: speaking.png
2025-10-22 10:58:12,478 - main - INFO - Set icon: speaking.png
2025-10-22 10:58:13,479 - main - INFO - Set icon: speaking.png
2025-10-22 10:58:14,481 - main - INFO - Set icon: speaking.png
2025-10-22 10:58:15,482 - main - INFO - Set icon: speaking.png
2025-10-22 10:58:16,484 - main - INFO - Set icon: speaking.png
2025-10-22 10:58:17,485 - main - INFO - Set icon: speaking.png
2025-10-22 10:58:18,486 - main - INFO - Set icon: speaking.png
2025-10-22 10:58:19,488 - main - INFO - Set icon: speaking.png
2025-10-22 10:58:20,491 - main - INFO - Set icon: speaking.png
2025-10-22 10:58:21,492 - main - INFO - Set icon: listening.png
2025-10-22 10:58:22,494 - main - INFO - Move pan: -35
2025-10-22 10:58:24,495 - main - INFO - Move tilt: -3
2025-10-22 10:58:26,497 - main - INFO - Set icon: speaking.png
2025-10-22 10:58:27,498 - main - INFO - Set icon: speaking.png
2025-10-22 10:58:28,500 - main - INFO - Set icon: speaking.png
2025-10-22 10:58:29,501 - main - INFO - Set icon: speaking.png
2025-10-22 10:58:30,503 - main - INFO - Set icon: speaking.png
2025-10-22 10:58:31,505 - main - INFO - Set icon: speaking.png
2025-10-22 10:58:32,506 - main - INFO - Set icon: speaking.png
2025-10-22 10:58:33,507 - main - INFO - Set icon: speaking.png
2025-10-22 10:58:34,508 - main - INFO - Set icon: black.png
2025-10-22 10:58:35,510 - main - INFO - Set icon: speaking.png
2025-10-22 10:58:36,512 - main - INFO - Set icon: speaking.png
2025-10-22 10:58:37,515 - main - INFO - Set icon: speaking.png
2025-10-22 10:58:38,517 - main - INFO - Set icon: speaking.png
2025-10-22 10:58:39,518 - main - INFO - Set icon: speaking.png
2025-10-22 10:58:40,519 - main - INFO - Set icon: speaking.png
2025-10-22 10:58:41,520 - main - INFO - Set icon: speaking.png
2025-10-22 10:58:42,521 - main - INFO - Set icon: speaking.png
2025-10-22 10:58:43,524 - main - INFO - Set icon: speaking.png
2025-10-22 10:58:44,526 - main - INFO - Set icon: speaking.png
2025-10-22 10:58:45,528 - main - INFO - Set icon: speaking.png
2025-10-22 10:58:46,529 - main - INFO - Set icon: speaking.png
2025-10-22 10:58:47,531 - main - INFO - Set icon: speaking.png
2025-10-22 10:58:48,534 - main - INFO - Set icon: speaking.png
2025-10-22 10:58:49,535 - main - INFO - Set icon: speaking.png
2025-10-22 10:58:50,561 - main - INFO - Set icon: speaking.png
2025-10-22 10:58:51,562 - main - INFO - Set icon: speaking.png
2025-10-22 10:58:52,564 - main - INFO - Set icon: speaking.png
2025-10-22 10:58:53,566 - main - INFO - Set icon: speaking.png
2025-10-22 10:58:54,568 - main - INFO - Set icon: speaking.png
2025-10-22 10:58:55,570 - main - INFO - Set icon: speaking.png
2025-10-22 10:58:56,571 - main - INFO - Set icon: speaking.png
2025-10-22 10:58:57,572 - main - INFO - Set icon: speaking.png
2025-10-22 10:58:58,573 - main - INFO - Set icon: black.png
2025-10-22 10:58:59,575 - main - INFO - Set icon: speaking.png
2025-10-22 10:59:00,577 - main - INFO - Set icon: speaking.png
2025-10-22 10:59:01,579 - main - INFO - Set icon: speaking.png
2025-10-22 10:59:02,580 - main - INFO - Set icon: speaking.png
2025-10-22 10:59:03,582 - main - INFO - Set icon: speaking.png
2025-10-22 10:59:04,584 - main - INFO - Set icon: speaking.png
2025-10-22 10:59:05,585 - main - INFO - Set icon: speaking.png
2025-10-22 10:59:06,587 - main - INFO - Set icon: speaking.png
2025-10-22 10:59:07,589 - main - INFO - Set icon: speaking.png
2025-10-22 10:59:08,590 - main - INFO - Set icon: black.png
2025-10-22 10:59:09,591 - main - INFO - Set icon: speaking.png
2025-10-22 10:59:10,593 - main - INFO - Set icon: speaking.png
2025-10-22 10:59:11,595 - main - INFO - Set icon: speaking.png
2025-10-22 10:59:12,597 - main - INFO - Set icon: speaking.png
2025-10-22 10:59:13,598 - main - INFO - Set icon: speaking.png
2025-10-22 10:59:14,600 - main - INFO - Set icon: speaking.png
2025-10-22 10:59:15,601 - main - INFO - Set icon: speaking.png
2025-10-22 10:59:16,602 - main - INFO - Set icon: speaking.png
2025-10-22 10:59:17,604 - main - INFO - Set icon: speaking.png
2025-10-22 10:59:18,606 - main - INFO - Set icon: speaking.png
2025-10-22 10:59:19,608 - main - INFO - Set icon: speaking.png
2025-10-22 10:59:20,610 - main - INFO - Set icon: speaking.png
2025-10-22 10:59:21,613 - main - INFO - Set icon: speaking.png
2025-10-22 10:59:22,615 - main - INFO - Set icon: speaking.png
2025-10-22 10:59:23,618 - main - INFO - Set icon: speaking.png
2025-10-22 10:59:24,619 - main - INFO - Set icon: speaking.png
2025-10-22 10:59:25,621 - main - INFO - Set icon: speaking.png
2025-10-22 10:59:26,622 - main - INFO - Set icon: speaking.png
2025-10-22 10:59:27,623 - main - INFO - Set icon: speaking.png
2025-10-22 10:59:28,625 - main - INFO - Set icon: speaking.png
2025-10-22 10:59:29,627 - main - INFO - Set icon: speaking.png
2025-10-22 10:59:30,628 - main - INFO - Set icon: speaking.png
2025-10-22 10:59:31,629 - main - INFO - Set icon: speaking.png
2025-10-22 10:59:32,631 - main - INFO - Set icon: speaking.png
2025-10-22 10:59:33,632 - main - INFO - Set icon: speaking.png
2025-10-22 10:59:34,634 - main - INFO - Set icon: speaking.png
2025-10-22 10:59:35,636 - main - INFO - Set icon: speaking.png
2025-10-22 10:59:36,637 - main - INFO - Set icon: speaking.png
2025-10-22 10:59:37,638 - main - INFO - Set icon: speaking.png
2025-10-22 10:59:38,639 - main - INFO - Set icon: speaking.png
2025-10-22 10:59:39,641 - main - INFO - Set icon: speaking.png
2025-10-22 10:59:40,642 - main - INFO - Set icon: speaking.png
2025-10-22 10:59:41,644 - main - INFO - Set icon: black.png
2025-10-22 10:59:42,646 - main - INFO - Set icon: speaking.png
2025-10-22 10:59:43,649 - main - INFO - Set icon: listening.png
2025-10-22 10:59:44,651 - main - INFO - Move pan: -35
2025-10-22 10:59:46,653 - main - INFO - Move tilt: -3
2025-10-22 10:59:48,654 - main - INFO - Set icon: speaking.png
2025-10-22 10:59:49,656 - main - INFO - Set icon: speaking.png
2025-10-22 10:59:50,657 - main - INFO - Set icon: speaking.png
2025-10-22 10:59:51,659 - main - INFO - Set icon: speaking.png
2025-10-22 10:59:52,661 - main - INFO - Set icon: speaking.png
2025-10-22 10:59:53,663 - main - INFO - Set icon: speaking.png
2025-10-22 10:59:54,665 - main - INFO - Set icon: speaking.png
2025-10-22 10:59:55,666 - main - INFO - Set icon: speaking.png
2025-10-22 10:59:56,668 - main - INFO - Set icon: speaking.png
2025-10-22 10:59:57,670 - main - INFO - Set icon: speaking.png
2025-10-22 10:59:58,672 - main - INFO - Set icon: speaking.png
2025-10-22 10:59:59,674 - main - INFO - Set icon: speaking.png
2025-10-22 11:00:00,676 - main - INFO - Set icon: speaking.png
2025-10-22 11:00:01,677 - main - INFO - Set icon: speaking.png
2025-10-22 11:00:02,678 - main - INFO - Set icon: speaking.png
2025-10-22 11:00:03,680 - main - INFO - Set icon: speaking.png
2025-10-22 11:00:04,682 - main - INFO - Set icon: black.png
2025-10-22 11:00:05,683 - main - INFO - Set icon: speaking.png
2025-10-22 11:00:06,686 - main - INFO - Set icon: speaking.png
2025-10-22 11:00:07,688 - main - INFO - Set icon: speaking.png
2025-10-22 11:00:08,690 - main - INFO - Set icon: speaking.png
2025-10-22 11:00:09,691 - main - INFO - Set icon: speaking.png
2025-10-22 11:00:10,693 - main - INFO - Set icon: speaking.png
2025-10-22 11:00:11,695 - main - INFO - Set icon: speaking.png
2025-10-22 11:00:12,697 - main - INFO - Set icon: speaking.png
2025-10-22 11:00:13,700 - main - INFO - Set icon: speaking.png
2025-10-22 11:00:14,702 - main - INFO - Set icon: speaking.png
2025-10-22 11:00:15,703 - main - INFO - Set icon: speaking.png
2025-10-22 11:00:16,705 - main - INFO - Set icon: black.png
2025-10-22 11:00:17,707 - main - INFO - Set icon: speaking.png
2025-10-22 11:00:18,709 - main - INFO - Set icon: speaking.png
2025-10-22 11:00:19,710 - main - INFO - Set icon: speaking.png
2025-10-22 11:00:20,711 - main - INFO - Set icon: speaking.png
2025-10-22 11:00:21,713 - main - INFO - Set icon: speaking.png
2025-10-22 11:00:22,714 - main - INFO - Set icon: speaking.png
2025-10-22 11:00:23,717 - main - INFO - Set icon: speaking.png
2025-10-22 11:00:24,718 - main - INFO - Set icon: speaking.png
2025-10-22 11:00:25,720 - main - INFO - Set icon: speaking.png
2025-10-22 11:00:26,722 - main - INFO - Set icon: speaking.png
2025-10-22 11:00:27,724 - main - INFO - Set icon: speaking.png
2025-10-22 11:00:28,726 - main - INFO - Set icon: speaking.png
2025-10-22 11:00:29,727 - main - INFO - Set icon: speaking.png
2025-10-22 11:00:30,729 - main - INFO - Set icon: speaking.png
2025-10-22 11:00:31,731 - main - INFO - Set icon: speaking.png
2025-10-22 11:00:32,733 - main - INFO - Set icon: speaking.png
2025-10-22 11:00:33,735 - main - INFO - Set icon: speaking.png
2025-10-22 11:00:34,737 - main - INFO - Set icon: speaking.png
2025-10-22 11:00:35,740 - main - INFO - Set icon: speaking.png
2025-10-22 11:00:36,741 - main - INFO - Set icon: speaking.png
2025-10-22 11:00:37,742 - main - INFO - Set icon: speaking.png
2025-10-22 11:00:38,744 - main - INFO - Set icon: black.png
2025-10-22 11:00:39,745 - main - INFO - Set icon: speaking.png
2025-10-22 11:00:40,747 - main - INFO - Set icon: speaking.png
2025-10-22 11:00:41,749 - main - INFO - Set icon: speaking.png
2025-10-22 11:00:42,751 - main - INFO - Set icon: speaking.png
2025-10-22 11:00:43,753 - main - INFO - Set icon: speaking.png
2025-10-22 11:00:44,755 - main - INFO - Set icon: speaking.png
2025-10-22 11:00:45,757 - main - INFO - Set icon: speaking.png
2025-10-22 11:00:46,759 - main - INFO - Set icon: speaking.png
2025-10-22 11:00:47,761 - main - INFO - Set icon: speaking.png
2025-10-22 11:00:48,763 - main - INFO - Set icon: speaking.png
2025-10-22 11:00:49,764 - main - INFO - Set icon: speaking.png
2025-10-22 11:00:50,766 - main - INFO - Set icon: black.png
2025-10-22 11:00:51,768 - main - INFO - Set icon: listening.png
2025-10-22 11:00:52,769 - main - INFO - Move pan: -35
2025-10-22 11:00:54,772 - main - INFO - Move tilt: -3
2025-10-22 11:00:56,774 - main - INFO - Set icon: listening.png
2025-10-22 11:00:57,776 - main - INFO - Move pan: -35
2025-10-22 11:00:59,777 - main - INFO - Move tilt: -3
2025-10-22 11:01:01,778 - main - INFO - Set icon: black.png
2025-10-22 11:01:02,780 - main - INFO - Set icon: listening.png
2025-10-22 11:01:03,781 - main - INFO - Move pan: -35
2025-10-22 11:01:05,783 - main - INFO - Move tilt: -3
2025-10-22 11:01:07,785 - main - INFO - Set icon: listening.png
2025-10-22 11:01:08,786 - main - INFO - Move pan: -35
2025-10-22 11:01:10,789 - main - INFO - Move tilt: -3
2025-10-22 11:01:12,790 - main - INFO - Set icon: black.png
2025-10-22 11:01:13,792 - main - INFO - Set icon: listening.png
2025-10-22 11:01:14,794 - main - INFO - Move pan: -35
2025-10-22 11:01:16,796 - main - INFO - Move tilt: -3
2025-10-22 11:01:18,797 - main - INFO - Set icon: black.png
2025-10-22 11:01:19,799 - main - INFO - Set icon: listening.png
2025-10-22 11:01:20,800 - main - INFO - Move pan: -35
2025-10-22 11:01:22,802 - main - INFO - Move tilt: -3
2025-10-22 11:01:24,803 - main - INFO - Set icon: listening.png
2025-10-22 11:01:25,804 - main - INFO - Move pan: -35
2025-10-22 11:01:27,806 - main - INFO - Move tilt: -3
2025-10-22 11:01:29,808 - main - INFO - Set icon: listening.png
2025-10-22 11:01:30,809 - main - INFO - Move pan: -35
2025-10-22 11:01:32,811 - main - INFO - Move tilt: -3
2025-10-22 11:01:34,813 - main - INFO - Set icon: black.png
2025-10-22 11:01:35,814 - main - INFO - Set icon: listening.png
2025-10-22 11:01:36,816 - main - INFO - Move pan: -35
2025-10-22 11:01:37,205 - main - INFO - === Application Terminated ===
