2026-02-20 18:04:02,595 - main - INFO - Set icon: speaking.png
2026-02-20 18:04:03,597 - main - INFO - Set icon: black.png
2026-02-20 18:04:04,805 - main - INFO - Set icon: listening.png
2026-02-20 18:04:05,742 - main - INFO - Move pan: 35
2026-02-20 18:04:07,750 - main - INFO - Move pan: -35
2026-02-20 18:04:09,652 - main - INFO - Move pan: -35
2026-02-20 18:04:11,669 - main - INFO - Set icon: speaking.png
2026-02-20 18:04:12,670 - main - INFO - Set icon: black.png
2026-02-20 18:04:13,171 - main - INFO - Set icon: listening.png
2026-02-20 18:04:14,946 - main - INFO - Set icon: black.png
2026-02-20 18:04:15,448 - main - INFO - Set icon: listening.png
2026-02-20 18:04:16,999 - main - INFO - Set icon: black.png
2026-02-20 18:04:17,500 - main - INFO - Set icon: listening.png
2026-02-20 18:04:22,315 - main - INFO - Set icon: black.png
2026-02-20 18:04:22,816 - main - INFO - Set icon: listening.png
2026-02-20 18:04:25,965 - main - INFO - Set icon: black.png
2026-02-20 18:04:27,520 - main - INFO - Set icon: listening.png
2026-02-20 18:04:30,738 - main - INFO - Set icon: speaking.png
2026-02-20 18:04:31,739 - main - INFO - Set icon: listening.png
2026-02-20 18:04:32,959 - main - INFO - Set icon: speaking.png
2026-02-20 18:04:33,960 - main - INFO - Set icon: listening.png
2026-02-20 18:04:35,388 - main - INFO - Move pan: 35
2026-02-20 18:04:39,083 - main - INFO - Move pan: 35
2026-02-20 18:04:41,029 - main - INFO - Move pan: -35
2026-02-20 18:04:42,510 - main - INFO - Set icon: speaking.png
2026-02-20 18:04:43,512 - main - INFO - Set icon: listening.png
2026-02-20 18:04:46,387 - main - INFO - Set icon: black.png
2026-02-20 18:04:46,889 - main - INFO - Set icon: listening.png
2026-02-20 18:04:48,883 - main - INFO - Set icon: black.png
2026-02-20 18:04:53,252 - main - INFO - Set icon: listening.png
2026-02-20 18:04:55,297 - main - INFO - Set icon: speaking.png
2026-02-20 18:04:56,298 - main - INFO - Set icon: listening.png
2026-02-20 18:04:58,903 - main - INFO - Set icon: speaking.png
2026-02-20 18:04:59,904 - main - INFO - Set icon: listening.png
2026-02-20 18:05:02,191 - main - INFO - Set icon: speaking.png
2026-02-20 18:05:05,971 - main - INFO - Set icon: listening.png
2026-02-20 18:05:11,398 - main - INFO - Set icon: speaking.png
2026-02-20 18:05:12,400 - main - INFO - Set icon: listening.png
2026-02-20 18:05:13,981 - main - INFO - Set icon: black.png
2026-02-20 18:05:14,482 - main - INFO - Set icon: listening.png
2026-02-20 18:05:16,304 - main - INFO - Set icon: speaking.png
2026-02-20 18:05:17,305 - main - INFO - Set icon: listening.png
2026-02-20 18:05:19,518 - main - INFO - Set icon: speaking.png
2026-02-20 18:05:20,519 - main - INFO - Set icon: listening.png
2026-02-20 18:05:22,244 - main - INFO - Set icon: speaking.png
2026-02-20 18:05:23,245 - main - INFO - Set icon: black.png
2026-02-20 18:05:23,746 - main - INFO - Set icon: listening.png
2026-02-20 18:05:26,457 - main - INFO - Set icon: black.png
2026-02-20 18:05:26,959 - main - INFO - Set icon: listening.png
2026-02-20 18:05:28,804 - main - INFO - Set icon: black.png
2026-02-20 18:05:29,306 - main - INFO - Set icon: listening.png
2026-02-20 18:05:30,827 - main - INFO - Set icon: black.png
2026-02-20 18:05:35,335 - main - INFO - Set icon: listening.png
2026-02-20 18:05:36,934 - main - INFO - Set icon: speaking.png
2026-02-20 18:05:37,935 - main - INFO - Set icon: black.png
2026-02-20 18:05:38,436 - main - INFO - Set icon: listening.png
2026-02-20 18:05:41,371 - main - INFO - Set icon: speaking.png
2026-02-20 18:05:42,842 - main - INFO - Move pan: 0
2026-02-20 18:05:44,265 - main - INFO - Set icon: listening.png
2026-02-20 18:05:45,606 - main - INFO - Move pan: -35
2026-02-20 18:05:47,015 - main - INFO - Set icon: speaking.png
2026-02-20 18:05:48,209 - main - INFO - Set icon: listening.png
2026-02-20 18:05:49,824 - main - INFO - Set icon: speaking.png
2026-02-20 18:05:50,825 - main - INFO - Set icon: listening.png
2026-02-20 18:05:53,877 - main - INFO - Move pan: 0
2026-02-20 18:05:55,721 - main - INFO - Set icon: speaking.png
2026-02-20 18:05:56,722 - main - INFO - Set icon: listening.png
2026-02-20 18:05:57,705 - main - INFO - Move pan: -35
2026-02-20 18:05:59,508 - main - INFO - Set icon: speaking.png
2026-02-20 18:06:00,508 - main - INFO - Set icon: black.png
2026-02-20 18:06:01,009 - main - INFO - Set icon: listening.png
2026-02-20 18:06:04,186 - main - INFO - Set icon: black.png
2026-02-20 18:06:05,298 - main - INFO - Set icon: listening.png
2026-02-20 18:06:07,623 - main - INFO - Set icon: black.png
2026-02-20 18:06:12,550 - main - INFO - Set icon: listening.png
2026-02-20 18:06:15,966 - main - INFO - Set icon: speaking.png
2026-02-20 18:06:16,973 - main - INFO - Set icon: listening.png
2026-02-20 18:06:19,485 - main - INFO - Move pan: 0
2026-02-20 18:06:24,812 - main - INFO - Set icon: speaking.png
2026-02-20 18:06:25,814 - main - INFO - Set icon: listening.png
2026-02-20 18:06:26,926 - main - INFO - Move pan: -35
2026-02-20 18:06:31,106 - main - INFO - Set icon: speaking.png
2026-02-20 18:06:32,107 - main - INFO - Set icon: listening.png
2026-02-20 18:06:33,895 - main - INFO - Set icon: speaking.png
2026-02-20 18:06:34,896 - main - INFO - Set icon: listening.png
2026-02-20 18:06:36,875 - main - INFO - Set icon: speaking.png
2026-02-20 18:06:37,876 - main - INFO - Set icon: black.png
2026-02-20 18:06:38,377 - main - INFO - Set icon: listening.png
2026-02-20 18:06:40,355 - main - INFO - Set icon: black.png
2026-02-20 18:06:40,856 - main - INFO - Set icon: listening.png
2026-02-20 18:06:42,802 - main - INFO - Set icon: black.png
2026-02-20 18:06:43,759 - main - INFO - Move pan: 35
2026-02-20 18:06:45,241 - main - INFO - Set icon: listening.png
2026-02-20 18:06:46,269 - main - INFO - Move pan: 35
2026-02-20 18:06:50,946 - main - INFO - Set icon: black.png
2026-02-20 18:06:51,447 - main - INFO - Set icon: listening.png
2026-02-20 18:06:52,838 - main - INFO - Move pan: -35
2026-02-20 18:06:54,923 - main - INFO - Move pan: -35
2026-02-20 18:06:56,544 - main - INFO - Set icon: black.png
2026-02-20 18:06:57,045 - main - INFO - Set icon: listening.png
2026-02-20 18:07:00,655 - main - INFO - Set icon: speaking.png
2026-02-20 18:07:01,657 - main - INFO - Set icon: listening.png
2026-02-20 18:07:03,409 - main - INFO - Set icon: black.png
2026-02-20 18:07:03,911 - main - INFO - Set icon: listening.png
2026-02-20 18:07:05,727 - main - INFO - Set icon: black.png
2026-02-20 18:07:06,228 - main - INFO - Set icon: listening.png
2026-02-20 18:07:07,795 - main - INFO - Set icon: black.png
2026-02-20 18:07:08,296 - main - INFO - Set icon: listening.png
2026-02-20 18:07:10,161 - main - INFO - Set icon: black.png
2026-02-20 18:07:10,662 - main - INFO - Set icon: listening.png
2026-02-20 18:07:12,683 - main - INFO - Set icon: black.png
2026-02-20 18:07:13,184 - main - INFO - Set icon: listening.png
2026-02-20 18:07:14,707 - main - INFO - Set icon: black.png
2026-02-20 18:07:19,889 - main - INFO - Set icon: listening.png
2026-02-20 18:07:21,450 - main - INFO - Set icon: black.png
2026-02-20 18:07:22,302 - main - INFO - Set icon: listening.png
2026-02-20 18:07:26,321 - main - INFO - Set icon: black.png
2026-02-20 18:07:27,527 - main - INFO - Set icon: listening.png
2026-02-20 18:07:31,990 - main - INFO - Set icon: black.png
2026-02-20 18:07:32,491 - main - INFO - Set icon: listening.png
2026-02-20 18:07:34,123 - main - INFO - Set icon: black.png
2026-02-20 18:07:34,624 - main - INFO - Set icon: listening.png
2026-02-20 18:07:37,852 - main - INFO - Set icon: black.png
2026-02-20 18:07:38,353 - main - INFO - Set icon: listening.png
2026-02-20 18:07:43,036 - main - INFO - Toggle behaviour
2026-02-20 18:07:45,084 - main - INFO - Toggle behaviour
2026-02-20 18:07:50,070 - main - INFO - Toggle behaviour
2026-02-20 18:07:52,101 - main - INFO - Toggle behaviour
2026-02-20 18:07:54,448 - main - INFO - Move pan: -35
2026-02-20 18:08:01,518 - main - INFO - Toggle behaviour
2026-02-20 18:08:02,301 - main - INFO - Set icon: black.png
2026-02-20 18:08:02,803 - main - INFO - Set icon: listening.png
2026-02-20 18:08:05,316 - main - INFO - Set icon: black.png
2026-02-20 18:08:05,818 - main - INFO - Set icon: listening.png
2026-02-20 18:08:06,758 - main - INFO - Move pan: -35
2026-02-20 18:08:10,139 - main - INFO - Set icon: black.png
2026-02-20 18:08:11,144 - main - INFO - Set icon: listening.png
2026-02-20 18:08:12,125 - main - INFO - Move pan: -35
2026-02-20 18:08:13,909 - main - INFO - Move pan: -35
2026-02-20 18:08:16,571 - main - INFO - Set icon: black.png
2026-02-20 18:08:17,375 - main - INFO - Set icon: listening.png
2026-02-20 18:08:18,439 - main - INFO - Move pan: -35
2026-02-20 18:08:20,127 - main - INFO - Set icon: black.png
2026-02-20 18:08:20,628 - main - INFO - Set icon: listening.png
2026-02-20 18:08:21,606 - main - INFO - Move pan: -35
2026-02-20 18:08:26,420 - main - INFO - Set icon: black.png
2026-02-20 18:08:26,921 - main - INFO - Set icon: listening.png
2026-02-20 18:08:27,830 - main - INFO - Move pan: -35
2026-02-20 18:08:29,826 - main - INFO - Set icon: black.png
2026-02-20 18:08:30,328 - main - INFO - Set icon: listening.png
2026-02-20 18:08:32,000 - main - INFO - Move tilt: -3
2026-02-20 18:08:33,003 - main - INFO - Set icon: black.png
2026-02-20 18:08:33,504 - main - INFO - Set icon: listening.png
2026-02-20 18:08:38,514 - main - INFO - Toggle behaviour
2026-02-20 18:08:40,492 - main - INFO - Set icon: speaking.png
2026-02-20 18:08:41,494 - main - INFO - Set icon: listening.png
2026-02-20 18:08:42,740 - main - INFO - Move pan: -35
2026-02-20 18:08:44,713 - main - INFO - Set icon: black.png
2026-02-20 18:08:45,518 - main - INFO - Set icon: listening.png
2026-02-20 18:08:47,677 - main - INFO - Set icon: black.png
2026-02-20 18:08:48,179 - main - INFO - Set icon: listening.png
2026-02-20 18:08:54,802 - main - INFO - Toggle behaviour
2026-02-20 18:08:56,843 - main - INFO - Toggle behaviour
2026-02-20 18:09:01,821 - main - INFO - Toggle behaviour
2026-02-20 18:09:03,859 - main - INFO - Toggle behaviour
2026-02-20 18:09:05,014 - main - INFO - Set icon: black.png
2026-02-20 18:09:06,019 - main - INFO - Set icon: listening.png
2026-02-20 18:09:07,155 - main - INFO - Move pan: -35
2026-02-20 18:09:08,624 - main - INFO - Move tilt: -3
2026-02-20 18:09:10,784 - main - INFO - Move tilt: -3
2026-02-20 18:09:13,460 - main - INFO - Set icon: black.png
2026-02-20 18:09:14,465 - main - INFO - Set icon: listening.png
2026-02-20 18:09:17,556 - main - INFO - Set icon: black.png
2026-02-20 18:09:18,887 - main - INFO - Set icon: listening.png
2026-02-20 18:09:20,382 - main - INFO - Move pan: 35
2026-02-20 18:09:22,396 - main - INFO - Move pan: 35
2026-02-20 18:09:23,909 - main - INFO - Set icon: black.png
2026-02-20 18:09:24,411 - main - INFO - Set icon: listening.png
2026-02-20 18:09:25,972 - main - INFO - Set icon: black.png
2026-02-20 18:09:26,474 - main - INFO - Set icon: listening.png
2026-02-20 18:09:27,976 - main - INFO - Set icon: black.png
2026-02-20 18:09:29,339 - main - INFO - Set icon: listening.png
2026-02-20 18:09:38,182 - main - INFO - Set icon: speaking.png
2026-02-20 18:09:39,182 - main - INFO - Set icon: black.png
2026-02-20 18:09:39,712 - main - INFO - Set icon: listening.png
2026-02-20 18:09:42,474 - main - INFO - Set icon: black.png
2026-02-20 18:09:42,975 - main - INFO - Set icon: listening.png
2026-02-20 18:09:44,612 - main - INFO - Set icon: black.png
2026-02-20 18:09:45,113 - main - INFO - Set icon: listening.png
2026-02-20 18:09:47,142 - main - INFO - Set icon: black.png
2026-02-20 18:09:47,643 - main - INFO - Set icon: listening.png
2026-02-20 18:09:49,073 - main - INFO - Set icon: speaking.png
2026-02-20 18:09:50,075 - main - INFO - Set icon: black.png
2026-02-20 18:09:50,576 - main - INFO - Set icon: listening.png
2026-02-20 18:09:55,125 - main - INFO - Toggle behaviour
2026-02-20 18:09:57,147 - main - INFO - Toggle behaviour
2026-02-20 18:09:57,648 - main - INFO - Set icon: black.png
2026-02-20 18:09:58,320 - main - INFO - Set icon: listening.png
2026-02-20 18:09:59,382 - main - INFO - Move pan: 35
2026-02-20 18:10:00,838 - main - INFO - Set icon: black.png
2026-02-20 18:10:01,339 - main - INFO - Set icon: listening.png
2026-02-20 18:10:02,818 - main - INFO - Set icon: black.png
2026-02-20 18:10:03,319 - main - INFO - Set icon: listening.png
2026-02-20 18:10:05,957 - main - INFO - Set icon: black.png
2026-02-20 18:10:10,178 - main - INFO - Set icon: listening.png
2026-02-20 18:10:11,597 - main - INFO - Set icon: black.png
2026-02-20 18:10:17,617 - main - INFO - Set icon: listening.png
2026-02-20 18:10:20,230 - main - INFO - Set icon: black.png
2026-02-20 18:10:22,241 - main - INFO - Set icon: listening.png
2026-02-20 18:10:24,278 - main - INFO - Set icon: black.png
2026-02-20 18:10:24,780 - main - INFO - Set icon: listening.png
2026-02-20 18:10:26,160 - main - INFO - Set icon: black.png
2026-02-20 18:10:26,661 - main - INFO - Set icon: listening.png
2026-02-20 18:10:28,167 - main - INFO - Set icon: black.png
2026-02-20 18:10:28,668 - main - INFO - Set icon: listening.png
2026-02-20 18:10:30,561 - main - INFO - Set icon: black.png
2026-02-20 18:10:31,285 - main - INFO - Set icon: listening.png
2026-02-20 18:10:32,381 - main - INFO - Move pan: -35
2026-02-20 18:10:35,063 - main - INFO - Set icon: black.png
2026-02-20 18:10:35,564 - main - INFO - Set icon: listening.png
2026-02-20 18:10:36,392 - main - INFO - Move pan: 35
2026-02-20 18:10:38,910 - main - INFO - Set icon: black.png
2026-02-20 18:10:39,411 - main - INFO - Set icon: listening.png
2026-02-20 18:10:41,244 - main - INFO - Set icon: black.png
2026-02-20 18:10:44,149 - main - INFO - Set icon: listening.png
2026-02-20 18:10:55,004 - main - INFO - Set icon: black.png
2026-02-20 18:10:55,506 - main - INFO - Set icon: listening.png
2026-02-20 18:10:58,855 - main - INFO - Set icon: black.png
2026-02-20 18:10:59,356 - main - INFO - Set icon: listening.png
2026-02-20 18:11:01,637 - main - INFO - Set icon: black.png
2026-02-20 18:11:02,241 - main - INFO - Set icon: listening.png
2026-02-20 18:11:04,251 - main - INFO - Set icon: black.png
2026-02-20 18:11:05,457 - main - INFO - Set icon: listening.png
2026-02-20 18:11:10,757 - main - INFO - Set icon: black.png
2026-02-20 18:11:11,258 - main - INFO - Set icon: listening.png
2026-02-20 18:11:12,894 - main - INFO - Set icon: black.png
2026-02-20 18:11:14,100 - main - INFO - Set icon: listening.png
2026-02-20 18:11:21,159 - main - INFO - Toggle behaviour
2026-02-20 18:11:21,661 - main - INFO - Set icon: black.png
2026-02-20 18:11:22,162 - main - INFO - Set icon: listening.png
2026-02-20 18:11:29,708 - main - INFO - Move pan: 35
2026-02-20 18:11:31,653 - main - INFO - Move pan: 35
2026-02-20 18:11:35,609 - main - INFO - Set icon: speaking.png
2026-02-20 18:11:36,815 - main - INFO - Set icon: listening.png
2026-02-20 18:11:38,066 - main - INFO - Move pan: 35
2026-02-20 18:11:39,630 - main - INFO - Set icon: black.png
2026-02-20 18:11:41,036 - main - INFO - Set icon: listening.png
2026-02-20 18:11:42,446 - main - INFO - Set icon: black.png
2026-02-20 18:11:42,947 - main - INFO - Set icon: listening.png
2026-02-20 18:11:44,409 - main - INFO - Move pan: 35
2026-02-20 18:11:45,895 - main - INFO - Set icon: black.png
2026-02-20 18:11:47,469 - main - INFO - Set icon: listening.png
2026-02-20 18:11:48,383 - main - INFO - Move pan: -35
2026-02-20 18:11:49,840 - main - INFO - Move tilt: -3
2026-02-20 18:11:50,841 - main - INFO - Set icon: black.png
2026-02-20 18:11:51,342 - main - INFO - Set icon: listening.png
2026-02-20 18:11:52,376 - main - INFO - Move pan: -35
2026-02-20 18:11:54,321 - main - INFO - Set icon: black.png
2026-02-20 18:11:54,822 - main - INFO - Set icon: listening.png
2026-02-20 18:11:56,325 - main - INFO - Set icon: black.png
2026-02-20 18:11:56,826 - main - INFO - Set icon: listening.png
2026-02-20 18:11:58,583 - main - INFO - Move tilt: -3
2026-02-20 18:11:59,584 - main - INFO - Set icon: black.png
2026-02-20 18:12:00,085 - main - INFO - Set icon: listening.png
2026-02-20 18:12:01,302 - main - INFO - Move pan: -35
2026-02-20 18:12:03,359 - main - INFO - Move pan: -35
2026-02-20 18:12:04,984 - main - INFO - Move tilt: -3
2026-02-20 18:12:08,906 - main - INFO - Move pan: -35
2026-02-20 18:12:10,841 - main - INFO - Set icon: black.png
2026-02-20 18:12:11,342 - main - INFO - Set icon: listening.png
2026-02-20 18:12:12,842 - main - INFO - Set icon: black.png
2026-02-20 18:12:13,343 - main - INFO - Set icon: listening.png
2026-02-20 18:12:14,527 - main - INFO - Move pan: -35
2026-02-20 18:12:16,112 - main - INFO - Set icon: black.png
2026-02-20 18:12:16,614 - main - INFO - Set icon: listening.png
2026-02-20 18:12:23,046 - main - INFO - Set icon: black.png
2026-02-20 18:12:27,469 - main - INFO - Set icon: listening.png
2026-02-20 18:12:28,444 - main - INFO - Move pan: -35
2026-02-20 18:12:30,684 - main - INFO - Set icon: black.png
2026-02-20 18:12:32,091 - main - INFO - Set icon: listening.png
2026-02-20 18:12:38,610 - main - INFO - Set icon: black.png
2026-02-20 18:12:39,111 - main - INFO - Set icon: listening.png
2026-02-20 18:12:40,142 - main - INFO - Move pan: -35
2026-02-20 18:12:41,732 - main - INFO - Move tilt: -3
2026-02-20 18:12:42,733 - main - INFO - Set icon: black.png
2026-02-20 18:12:43,234 - main - INFO - Set icon: listening.png
2026-02-20 18:12:45,390 - main - INFO - Set icon: black.png
2026-02-20 18:12:45,891 - main - INFO - Set icon: listening.png
2026-02-20 18:12:46,786 - main - INFO - Move pan: -35
2026-02-20 18:12:48,965 - main - INFO - Move pan: -35
2026-02-20 18:12:50,412 - main - INFO - Set icon: black.png
2026-02-20 18:12:52,191 - main - INFO - Set icon: listening.png
2026-02-20 18:12:53,163 - main - INFO - Move pan: -35
2026-02-20 18:12:54,964 - main - INFO - Move tilt: -3
2026-02-20 18:12:55,965 - main - INFO - Set icon: black.png
2026-02-20 18:12:56,465 - main - INFO - Set icon: listening.png
2026-02-20 18:12:57,968 - main - INFO - Move pan: -35
2026-02-20 18:12:59,572 - main - INFO - Set icon: black.png
2026-02-20 18:13:00,073 - main - INFO - Set icon: listening.png
2026-02-20 18:13:01,584 - main - INFO - Move pan: -35
2026-02-20 18:13:03,129 - main - INFO - Move tilt: -3
2026-02-20 18:13:05,506 - main - INFO - Move tilt: -3
2026-02-20 18:13:07,108 - main - INFO - Move pan: -35
2026-02-20 18:13:08,554 - main - INFO - Set icon: black.png
2026-02-20 18:13:09,055 - main - INFO - Set icon: listening.png
2026-02-20 18:13:10,687 - main - INFO - Set icon: black.png
2026-02-20 18:13:11,692 - main - INFO - Set icon: listening.png
2026-02-20 18:13:16,717 - main - INFO - Set icon: black.png
2026-02-20 18:13:18,526 - main - INFO - Set icon: listening.png
2026-02-20 18:13:19,533 - main - INFO - Move pan: -35
2026-02-20 18:13:21,547 - main - INFO - Set icon: black.png
2026-02-20 18:13:22,048 - main - INFO - Set icon: listening.png
2026-02-20 18:13:23,577 - main - INFO - Set icon: black.png
2026-02-20 18:13:24,078 - main - INFO - Set icon: listening.png
2026-02-20 18:13:26,835 - main - INFO - Move pan: -35
2026-02-20 18:13:28,583 - main - INFO - Move tilt: -3
2026-02-20 18:13:29,584 - main - INFO - Set icon: black.png
2026-02-20 18:13:30,086 - main - INFO - Set icon: listening.png
2026-02-20 18:13:31,568 - main - INFO - Move pan: -35
2026-02-20 18:13:33,062 - main - INFO - Set icon: black.png
2026-02-20 18:13:33,564 - main - INFO - Set icon: listening.png
2026-02-20 18:13:36,464 - main - INFO - Set icon: black.png
2026-02-20 18:13:36,965 - main - INFO - Set icon: listening.png
2026-02-20 18:13:38,184 - main - INFO - Move pan: -35
2026-02-20 18:13:39,710 - main - INFO - Set icon: black.png
2026-02-20 18:13:40,212 - main - INFO - Set icon: listening.png
2026-02-20 18:13:44,771 - main - INFO - Set icon: black.png
2026-02-20 18:13:45,461 - main - INFO - Set icon: listening.png
2026-02-20 18:13:47,006 - main - INFO - Move tilt: -3
2026-02-20 18:13:48,007 - main - INFO - Set icon: black.png
2026-02-20 18:13:48,508 - main - INFO - Set icon: listening.png
2026-02-20 18:13:49,469 - main - INFO - Move pan: -35
2026-02-20 18:13:52,113 - main - INFO - Move pan: -35
2026-02-20 18:13:54,547 - main - INFO - Move pan: -35
2026-02-20 18:13:56,059 - main - INFO - Set icon: black.png
2026-02-20 18:13:56,560 - main - INFO - Set icon: listening.png
2026-02-20 18:13:57,861 - main - INFO - Move pan: -35
2026-02-20 18:13:59,363 - main - INFO - Move tilt: -3
2026-02-20 18:14:01,117 - main - INFO - Move pan: 0
2026-02-20 18:14:02,548 - main - INFO - Set icon: black.png
2026-02-20 18:14:03,049 - main - INFO - Set icon: listening.png
2026-02-20 18:14:04,071 - main - INFO - Move pan: -35
2026-02-20 18:14:05,570 - main - INFO - Set icon: black.png
2026-02-20 18:14:06,634 - main - INFO - Move pan: 0
2026-02-20 18:14:08,618 - main - INFO - Set icon: listening.png
2026-02-20 18:14:09,731 - main - INFO - Move pan: -35
2026-02-20 18:14:11,643 - main - INFO - Set icon: black.png
2026-02-20 18:14:12,145 - main - INFO - Set icon: listening.png
2026-02-20 18:14:17,037 - main - INFO - Toggle behaviour
2026-02-20 18:14:19,068 - main - INFO - Toggle behaviour
2026-02-20 18:14:20,834 - main - INFO - Set icon: black.png
2026-02-20 18:14:22,040 - main - INFO - Set icon: listening.png
2026-02-20 18:14:23,648 - main - INFO - Set icon: speaking.png
2026-02-20 18:14:24,649 - main - INFO - Set icon: listening.png
2026-02-20 18:14:25,703 - main - INFO - Move pan: -35
2026-02-20 18:14:27,109 - main - INFO - Set icon: speaking.png
2026-02-20 18:14:28,110 - main - INFO - Set icon: listening.png
2026-02-20 18:14:30,485 - main - INFO - Set icon: black.png
2026-02-20 18:14:30,986 - main - INFO - Set icon: listening.png
2026-02-20 18:14:32,076 - main - INFO - Move pan: -35
2026-02-20 18:14:33,950 - main - INFO - Move pan: -35
2026-02-20 18:14:35,399 - main - INFO - Set icon: black.png
2026-02-20 18:14:35,900 - main - INFO - Set icon: listening.png
2026-02-20 18:14:36,892 - main - INFO - Move pan: -35
2026-02-20 18:14:38,694 - main - INFO - Move tilt: -3
2026-02-20 18:14:39,695 - main - INFO - Set icon: black.png
2026-02-20 18:14:40,196 - main - INFO - Set icon: listening.png
2026-02-20 18:14:41,552 - main - INFO - Move pan: -35
2026-02-20 18:14:43,591 - main - INFO - Move pan: -35
2026-02-20 18:14:45,778 - main - INFO - Set icon: black.png
2026-02-20 18:14:46,279 - main - INFO - Set icon: listening.png
2026-02-20 18:14:48,676 - main - INFO - Move pan: -35
2026-02-20 18:14:51,988 - main - INFO - Set icon: black.png
2026-02-20 18:14:52,591 - main - INFO - Set icon: listening.png
2026-02-20 18:14:54,142 - main - INFO - Move tilt: -3
2026-02-20 18:14:55,143 - main - INFO - Set icon: black.png
2026-02-20 18:14:55,644 - main - INFO - Set icon: listening.png
2026-02-20 18:14:56,611 - main - INFO - Move pan: -35
2026-02-20 18:14:59,103 - main - INFO - Move pan: -35
2026-02-20 18:15:00,475 - main - INFO - Set icon: black.png
2026-02-20 18:15:00,976 - main - INFO - Set icon: listening.png
2026-02-20 18:15:02,695 - main - INFO - Set icon: black.png
2026-02-20 18:15:03,196 - main - INFO - Set icon: listening.png
2026-02-20 18:15:04,085 - main - INFO - Move pan: -35
2026-02-20 18:15:05,552 - main - INFO - Set icon: black.png
2026-02-20 18:15:06,535 - main - INFO - Move pan: 0
2026-02-20 18:15:08,375 - main - INFO - Set icon: listening.png
2026-02-20 18:15:09,478 - main - INFO - Move pan: -35
2026-02-20 18:15:10,925 - main - INFO - Set icon: black.png
2026-02-20 18:15:11,426 - main - INFO - Set icon: listening.png
2026-02-20 18:15:12,490 - main - INFO - Move pan: -35
2026-02-20 18:15:13,974 - main - INFO - Set icon: black.png
2026-02-20 18:15:14,476 - main - INFO - Set icon: listening.png
2026-02-20 18:15:16,111 - main - INFO - Set icon: speaking.png
2026-02-20 18:15:17,112 - main - INFO - Set icon: listening.png
2026-02-20 18:15:23,169 - main - INFO - Toggle behaviour
2026-02-20 18:15:25,192 - main - INFO - Toggle behaviour
2026-02-20 18:15:25,693 - main - INFO - Set icon: speaking.png
2026-02-20 18:15:26,694 - main - INFO - Set icon: listening.png
2026-02-20 18:15:27,690 - main - INFO - Move pan: -35
2026-02-20 18:15:31,385 - main - INFO - Set icon: black.png
2026-02-20 18:15:31,988 - main - INFO - Set icon: listening.png
2026-02-20 18:15:33,415 - main - INFO - Move tilt: -3
2026-02-20 18:15:35,257 - main - INFO - Move pan: -35
2026-02-20 18:15:37,906 - main - INFO - Set icon: black.png
2026-02-20 18:15:38,408 - main - INFO - Set icon: listening.png
2026-02-20 18:15:43,675 - main - INFO - Move pan: -35
2026-02-20 18:15:45,477 - main - INFO - Set icon: black.png
2026-02-20 18:15:45,979 - main - INFO - Set icon: listening.png
2026-02-20 18:15:46,953 - main - INFO - Move pan: -35
2026-02-20 18:15:48,785 - main - INFO - Move tilt: -3
2026-02-20 18:15:50,767 - main - INFO - Move tilt: -3
2026-02-20 18:15:51,769 - main - INFO - Set icon: speaking.png
2026-02-20 18:15:58,721 - main - INFO - Set icon: black.png
2026-02-20 18:15:59,927 - main - INFO - Set icon: listening.png
2026-02-20 18:16:00,795 - main - INFO - Move pan: -35
2026-02-20 18:16:02,441 - main - INFO - Move tilt: -3
2026-02-20 18:16:03,790 - main - INFO - Move pan: -35
2026-02-20 18:16:05,683 - main - INFO - Move tilt: -3
2026-02-20 18:16:07,784 - main - INFO - Set icon: black.png
2026-02-20 18:16:10,781 - main - INFO - Set icon: listening.png
2026-02-20 18:16:15,001 - main - INFO - Set icon: speaking.png
2026-02-20 18:16:16,408 - main - INFO - Set icon: black.png
2026-02-20 18:16:18,217 - main - INFO - Set icon: listening.png
2026-02-20 18:16:19,457 - main - INFO - Move pan: -35
2026-02-20 18:16:20,934 - main - INFO - Move tilt: -3
2026-02-20 18:16:23,083 - main - INFO - === Application Terminated ===
