2025-11-28 15:47:23,862 - interface - INFO - send: front : None
2025-11-28 15:47:30,965 - interface - INFO - send: clean : None
2025-11-28 15:49:21,860 - interface - INFO - send: s2 : None
2025-11-28 15:49:33,688 - interface - INFO - send: s3 : None
2025-11-28 15:49:36,049 - interface - INFO - send: s3 : None
2025-11-28 15:49:40,251 - interface - INFO - send: s2 : None
2025-11-28 15:49:50,375 - interface - INFO - send: front : None
2025-11-28 15:50:09,945 - interface - INFO - send: s1 : None
2025-11-28 15:50:12,597 - interface - INFO - send: s1 : None
2025-11-28 15:50:15,474 - interface - INFO - send: s3 : None
2025-11-28 15:50:17,822 - interface - INFO - send: s3 : None
2025-11-28 15:50:20,140 - interface - INFO - send: clean : None
2025-11-28 15:50:22,744 - interface - INFO - send: s3 : None
2025-11-28 15:50:33,006 - interface - INFO - send: s3 : None
2025-11-28 15:50:58,888 - interface - INFO - send: s1 : None
2025-11-28 15:51:07,360 - interface - INFO - send: s3 : None
2025-11-28 15:51:35,116 - interface - INFO - send: s3 : None
2025-11-28 15:51:36,258 - interface - INFO - send: s3 : None
2025-11-28 15:51:54,085 - interface - INFO - send: s3 : None
2025-11-28 15:51:55,157 - interface - INFO - send: s3 : None
2025-11-28 15:51:57,147 - interface - INFO - send: clean : None
2025-11-28 15:51:58,497 - interface - INFO - send: s3 : None
2025-11-28 15:52:59,924 - interface - INFO - send: s1 : None
2025-11-28 15:53:05,231 - interface - INFO - send: s3 : None
2025-11-28 15:55:02,732 - interface - INFO - send: cry : None
2025-11-28 15:55:07,170 - interface - INFO - send: normal : None
2025-11-28 15:55:22,583 - interface - INFO - send: s3 : None
2025-11-28 15:55:29,313 - interface - INFO - send: s3 : None
2025-11-28 15:55:33,136 - interface - INFO - send: s3 : None
2025-11-28 15:55:50,263 - interface - INFO - send: s3 : None
2025-11-28 15:56:01,855 - interface - INFO - send: s3 : None
2025-11-28 15:56:48,574 - interface - INFO - send: s3 : None
2025-11-28 15:57:04,688 - interface - INFO - send: s1 : None
2025-11-28 15:57:08,583 - interface - INFO - send: s1 : None
2025-11-28 15:57:19,540 - interface - INFO - send: s3 : None
2025-11-28 15:57:26,609 - interface - INFO - send: s3 : None
2025-11-28 15:57:31,138 - interface - INFO - send: s3 : None
2025-11-28 15:57:37,231 - interface - INFO - send: clean : None
2025-11-28 15:57:38,422 - interface - INFO - send: s3 : None
2025-11-28 15:58:44,181 - interface - INFO - send: s3 : None
2025-11-28 15:58:50,337 - interface - INFO - send: s3 : None
2025-11-28 15:58:56,394 - interface - INFO - send: s3 : None
2025-11-28 15:59:07,395 - interface - INFO - send: clean : None
2025-11-28 15:59:08,037 - interface - INFO - send: clean : None
2025-11-28 15:59:08,850 - interface - INFO - send: s1 : None
2025-11-28 15:59:11,859 - interface - INFO - send: s1 : None
2025-11-28 16:02:02,448 - interface - INFO - send: delay : None
2025-11-28 16:02:10,649 - interface - INFO - send: clean : None
2025-11-28 16:02:16,479 - interface - INFO - send: clean : None
2025-11-28 16:02:22,834 - interface - INFO - send: speaking : None
2025-11-28 16:02:24,817 - interface - INFO - send: delay : None
2025-11-28 16:03:25,153 - interface - INFO - send: s1 : None
2025-11-28 16:03:29,714 - interface - INFO - send: s1 : None
2025-11-28 16:04:37,541 - interface - INFO - send: s3 : None
2025-11-28 16:04:39,840 - interface - INFO - send: s3 : None
2025-11-28 16:04:41,498 - interface - INFO - send: clean : None
2025-11-28 16:04:42,390 - interface - INFO - send: s3 : None
2025-11-28 16:04:59,417 - interface - INFO - send: front : None
2025-11-28 16:05:06,478 - interface - INFO - send: wink : None
2025-11-28 16:05:14,976 - interface - INFO - send: s3 : None
2025-11-28 16:05:24,230 - interface - INFO - send: front : None
2025-11-28 16:05:50,972 - interface - INFO - send: front : None
2025-11-28 16:05:53,716 - interface - INFO - send: clean : None
2025-11-28 16:05:54,429 - interface - INFO - send: front : None
2025-11-28 16:06:15,751 - interface - INFO - send: clean : None
2025-11-28 16:10:54,048 - interface - INFO - send: delay : None
2025-11-28 16:11:13,385 - interface - INFO - send: delay : None
2025-11-28 16:13:26,794 - interface - INFO - send: front : None
2025-11-28 16:13:31,811 - interface - INFO - send: front : None
2025-11-28 16:13:33,686 - interface - INFO - send: clean : None
2025-11-28 16:13:35,782 - interface - INFO - send: front : None
2025-11-28 16:14:56,841 - interface - INFO - send: clean : None
2025-11-28 16:15:45,253 - interface - INFO - send: clean : None
