2025-11-28 16:19:32,378 - main - INFO - Set icon: listening.png
2025-11-28 16:19:33,278 - main - INFO - Move pan: -35
2025-11-28 16:19:36,100 - main - INFO - Move pan: -35
2025-11-28 16:19:37,535 - main - INFO - Set icon: black.png
2025-11-28 16:19:38,037 - main - INFO - Set icon: listening.png
2025-11-28 16:19:40,606 - main - INFO - Set icon: black.png
2025-11-28 16:19:41,109 - main - INFO - Set icon: listening.png
2025-11-28 16:19:46,270 - main - INFO - Set icon: black.png
2025-11-28 16:19:48,118 - main - INFO - Set icon: listening.png
2025-11-28 16:19:50,335 - main - INFO - Set icon: black.png
2025-11-28 16:19:50,837 - main - INFO - Set icon: listening.png
2025-11-28 16:19:52,587 - main - INFO - Set icon: black.png
2025-11-28 16:19:53,089 - main - INFO - Set icon: listening.png
2025-11-28 16:19:56,683 - main - INFO - Set icon: black.png
2025-11-28 16:19:58,207 - main - INFO - Set icon: listening.png
2025-11-28 16:20:00,425 - main - INFO - Set icon: black.png
2025-11-28 16:20:03,653 - main - INFO - Set icon: listening.png
2025-11-28 16:20:06,513 - main - INFO - Set icon: black.png
2025-11-28 16:20:07,287 - main - INFO - Set icon: listening.png
2025-11-28 16:20:09,278 - main - INFO - Set icon: black.png
2025-11-28 16:20:35,924 - main - INFO - Set icon: listening.png
2025-11-28 16:20:37,738 - main - INFO - Set icon: black.png
2025-11-28 16:20:39,551 - main - INFO - Set icon: speaking.png
2025-11-28 16:20:45,410 - main - INFO - Set icon: listening.png
2025-11-28 16:20:46,820 - main - INFO - Set icon: speaking.png
2025-11-28 16:20:51,286 - main - INFO - Set icon: listening.png
2025-11-28 16:20:53,080 - main - INFO - Set icon: speaking.png
2025-11-28 16:20:55,526 - main - INFO - Set icon: black.png
2025-11-28 16:20:56,027 - main - INFO - Set icon: speaking.png
2025-11-28 16:20:57,747 - main - INFO - Set icon: black.png
2025-11-28 16:21:01,782 - main - INFO - Set icon: listening.png
2025-11-28 16:21:03,755 - main - INFO - Set icon: speaking.png
2025-11-28 16:21:04,758 - main - INFO - Set icon: black.png
2025-11-28 16:21:05,260 - main - INFO - Set icon: speaking.png
2025-11-28 16:21:06,263 - main - INFO - Set icon: black.png
2025-11-28 16:21:14,088 - main - INFO - Set icon: speaking.png
2025-11-28 16:21:15,098 - main - INFO - Set icon: black.png
2025-11-28 16:21:19,133 - main - INFO - Set icon: listening.png
2025-11-28 16:21:20,446 - main - INFO - Set icon: black.png
2025-11-28 16:21:22,968 - main - INFO - Set icon: listening.png
2025-11-28 16:21:24,581 - main - INFO - Set icon: speaking.png
2025-11-28 16:21:25,794 - main - INFO - Set icon: black.png
2025-11-28 16:21:27,005 - main - INFO - Set icon: listening.png
2025-11-28 16:21:34,268 - main - INFO - Set icon: black.png
2025-11-28 16:21:36,087 - main - INFO - Set icon: speaking.png
2025-11-28 16:21:39,119 - main - INFO - Set icon: black.png
2025-11-28 16:21:40,532 - main - INFO - Set icon: speaking.png
2025-11-28 16:21:43,359 - main - INFO - Set icon: black.png
2025-11-28 16:21:44,368 - main - INFO - Set icon: speaking.png
2025-11-28 16:21:46,995 - main - INFO - Set icon: black.png
2025-11-28 16:21:49,415 - main - INFO - Set icon: speaking.png
2025-11-28 16:21:50,416 - main - INFO - Set icon: listening.png
2025-11-28 16:21:51,884 - main - INFO - Set icon: black.png
2025-11-28 16:21:58,092 - main - INFO - Set icon: speaking.png
2025-11-28 16:21:59,095 - main - INFO - Set icon: black.png
2025-11-28 16:22:01,118 - main - INFO - Set icon: speaking.png
2025-11-28 16:22:02,128 - main - INFO - Set icon: black.png
2025-11-28 16:22:04,751 - main - INFO - Set icon: speaking.png
2025-11-28 16:22:05,752 - main - INFO - Set icon: black.png
2025-11-28 16:22:06,255 - main - INFO - Set icon: speaking.png
2025-11-28 16:22:07,257 - main - INFO - Set icon: black.png
2025-11-28 16:22:07,759 - main - INFO - Set icon: speaking.png
2025-11-28 16:22:08,762 - main - INFO - Set icon: black.png
2025-11-28 16:22:11,210 - main - INFO - Set icon: listening.png
2025-11-28 16:22:13,432 - main - INFO - Set icon: black.png
2025-11-28 16:22:20,090 - main - INFO - Set icon: listening.png
2025-11-28 16:22:24,549 - main - INFO - Set icon: black.png
2025-11-28 16:22:25,051 - main - INFO - Set icon: listening.png
2025-11-28 16:22:26,802 - main - INFO - Set icon: black.png
2025-11-28 16:22:27,303 - main - INFO - Set icon: listening.png
2025-11-28 16:22:28,570 - main - INFO - Set icon: speaking.png
2025-11-28 16:22:41,500 - main - INFO - Set icon: black.png
2025-11-28 16:22:46,947 - main - INFO - Set icon: speaking.png
2025-11-28 16:22:48,966 - main - INFO - Set icon: black.png
2025-11-28 16:22:55,422 - main - INFO - Set icon: speaking.png
2025-11-28 16:22:58,049 - main - INFO - Set icon: black.png
2025-11-28 16:22:58,858 - main - INFO - Set icon: speaking.png
2025-11-28 16:23:01,079 - main - INFO - Set icon: black.png
2025-11-28 16:23:01,685 - main - INFO - Set icon: speaking.png
2025-11-28 16:23:02,897 - main - INFO - Set icon: black.png
2025-11-28 16:23:03,505 - main - INFO - Set icon: listening.png
2025-11-28 16:23:05,523 - main - INFO - Set icon: speaking.png
2025-11-28 16:23:06,525 - main - INFO - Set icon: black.png
2025-11-28 16:23:08,148 - main - INFO - Set icon: listening.png
2025-11-28 16:23:09,763 - main - INFO - Set icon: black.png
2025-11-28 16:23:10,973 - main - INFO - Set icon: listening.png
2025-11-28 16:23:12,589 - main - INFO - Set icon: black.png
2025-11-28 16:23:13,397 - main - INFO - Set icon: listening.png
2025-11-28 16:23:14,828 - main - INFO - Set icon: black.png
2025-11-28 16:23:16,224 - main - INFO - Set icon: listening.png
2025-11-28 16:23:18,923 - main - INFO - Set icon: black.png
2025-11-28 16:23:20,460 - main - INFO - Set icon: listening.png
2025-11-28 16:23:22,279 - main - INFO - Set icon: black.png
2025-11-28 16:23:24,095 - main - INFO - Set icon: listening.png
2025-11-28 16:23:25,580 - main - INFO - Set icon: black.png
2025-11-28 16:23:26,082 - main - INFO - Set icon: listening.png
2025-11-28 16:23:27,895 - main - INFO - Set icon: black.png
2025-11-28 16:23:28,397 - main - INFO - Set icon: listening.png
2025-11-28 16:23:29,548 - main - INFO - Set icon: speaking.png
2025-11-28 16:23:32,185 - main - INFO - Set icon: black.png
2025-11-28 16:23:44,288 - main - INFO - Set icon: listening.png
2025-11-28 16:23:47,903 - main - INFO - Set icon: black.png
2025-11-28 16:23:48,405 - main - INFO - Set icon: listening.png
2025-11-28 16:23:49,837 - main - INFO - Set icon: black.png
2025-11-28 16:23:50,339 - main - INFO - Set icon: listening.png
2025-11-28 16:23:52,214 - main - INFO - Move pan: 35
2025-11-28 16:23:54,443 - main - INFO - Move pan: -35
2025-11-28 16:23:56,137 - main - INFO - Move pan: -35
2025-11-28 16:23:57,630 - main - INFO - Set icon: black.png
2025-11-28 16:23:58,133 - main - INFO - Set icon: listening.png
2025-11-28 16:24:01,642 - main - INFO - Set icon: speaking.png
2025-11-28 16:24:02,644 - main - INFO - Set icon: listening.png
2025-11-28 16:24:05,413 - main - INFO - Set icon: black.png
2025-11-28 16:24:05,915 - main - INFO - Set icon: listening.png
2025-11-28 16:24:13,752 - main - INFO - Set icon: black.png
2025-11-28 16:24:14,254 - main - INFO - Set icon: listening.png
2025-11-28 16:24:16,266 - main - INFO - Set icon: black.png
2025-11-28 16:24:18,194 - main - INFO - Set icon: listening.png
2025-11-28 16:24:21,623 - main - INFO - Set icon: black.png
2025-11-28 16:24:26,463 - main - INFO - Set icon: listening.png
2025-11-28 16:24:30,500 - main - INFO - Set icon: black.png
2025-11-28 16:24:34,132 - main - INFO - Set icon: listening.png
2025-11-28 16:24:35,748 - main - INFO - Set icon: black.png
2025-11-28 16:24:44,023 - main - INFO - Set icon: speaking.png
2025-11-28 16:24:45,032 - main - INFO - Set icon: black.png
2025-11-28 16:24:45,534 - main - INFO - Set icon: speaking.png
2025-11-28 16:24:48,061 - main - INFO - Set icon: black.png
2025-11-28 16:24:50,282 - main - INFO - Set icon: speaking.png
2025-11-28 16:24:51,696 - main - INFO - Set icon: black.png
2025-11-28 16:24:56,133 - main - INFO - Set icon: listening.png
2025-11-28 16:24:59,091 - main - INFO - Set icon: black.png
2025-11-28 16:24:59,594 - main - INFO - Set icon: listening.png
2025-11-28 16:25:01,442 - main - INFO - Set icon: speaking.png
2025-11-28 16:25:04,609 - main - INFO - Set icon: listening.png
2025-11-28 16:25:06,023 - main - INFO - Set icon: black.png
2025-11-28 16:25:10,664 - main - INFO - Set icon: listening.png
2025-11-28 16:25:12,684 - main - INFO - Set icon: speaking.png
2025-11-28 16:25:13,686 - main - INFO - Set icon: listening.png
2025-11-28 16:25:14,998 - main - INFO - Set icon: black.png
2025-11-28 16:25:15,500 - main - INFO - Set icon: listening.png
2025-11-28 16:25:21,968 - main - INFO - Set icon: black.png
2025-11-28 16:25:22,470 - main - INFO - Set icon: listening.png
2025-11-28 16:25:24,364 - main - INFO - Set icon: black.png
2025-11-28 16:25:27,617 - main - INFO - Set icon: listening.png
2025-11-28 16:25:30,100 - main - INFO - Set icon: speaking.png
2025-11-28 16:25:31,102 - main - INFO - Set icon: black.png
2025-11-28 16:25:39,121 - main - INFO - Set icon: listening.png
2025-11-28 16:25:40,862 - main - INFO - Set icon: black.png
2025-11-28 16:25:44,971 - main - INFO - Set icon: listening.png
2025-11-28 16:25:48,603 - main - INFO - Set icon: black.png
2025-11-28 16:25:49,105 - main - INFO - Set icon: listening.png
2025-11-28 16:25:51,025 - main - INFO - Set icon: black.png
2025-11-28 16:25:51,527 - main - INFO - Set icon: listening.png
2025-11-28 16:25:52,987 - main - INFO - Set icon: black.png
2025-11-28 16:25:53,489 - main - INFO - Set icon: listening.png
2025-11-28 16:25:59,907 - main - INFO - Set icon: black.png
2025-11-28 16:26:30,982 - main - INFO - Set icon: listening.png
2025-11-28 16:26:35,821 - main - INFO - Set icon: black.png
2025-11-28 16:26:39,652 - main - INFO - Set icon: speaking.png
2025-11-28 16:26:40,655 - main - INFO - Set icon: black.png
2025-11-28 16:26:41,266 - main - INFO - Set icon: listening.png
2025-11-28 16:26:45,881 - main - INFO - Set icon: black.png
2025-11-28 16:26:46,382 - main - INFO - Set icon: listening.png
2025-11-28 16:26:49,078 - main - INFO - Set icon: black.png
2025-11-28 16:26:49,948 - main - INFO - Set icon: listening.png
2025-11-28 16:26:51,916 - main - INFO - Set icon: black.png
2025-11-28 16:26:58,826 - main - INFO - Set icon: listening.png
2025-11-28 16:27:00,296 - main - INFO - Set icon: black.png
2025-11-28 16:27:06,092 - main - INFO - Set icon: listening.png
2025-11-28 16:27:07,378 - main - INFO - Set icon: black.png
2025-11-28 16:27:07,880 - main - INFO - Set icon: listening.png
2025-11-28 16:27:09,529 - main - INFO - Set icon: black.png
2025-11-28 16:27:11,543 - main - INFO - Set icon: listening.png
2025-11-28 16:27:16,493 - main - INFO - Set icon: black.png
2025-11-28 16:27:31,924 - main - INFO - Set icon: listening.png
2025-11-28 16:27:33,242 - main - INFO - Set icon: black.png
2025-11-28 16:27:37,173 - main - INFO - Set icon: listening.png
2025-11-28 16:27:39,394 - main - INFO - Set icon: black.png
2025-11-28 16:27:55,295 - main - INFO - Set icon: speaking.png
2025-11-28 16:27:56,297 - main - INFO - Set icon: listening.png
2025-11-28 16:27:57,696 - main - INFO - Set icon: black.png
2025-11-28 16:28:00,580 - main - INFO - Set icon: speaking.png
2025-11-28 16:28:13,311 - main - INFO - Set icon: black.png
2025-11-28 16:28:13,813 - main - INFO - Set icon: speaking.png
2025-11-28 16:28:18,561 - main - INFO - Set icon: black.png
2025-11-28 16:28:29,458 - main - INFO - Set icon: speaking.png
2025-11-28 16:28:37,747 - main - INFO - Set icon: black.png
2025-11-28 16:28:42,379 - main - INFO - Set icon: listening.png
2025-11-28 16:28:44,195 - main - INFO - Set icon: black.png
2025-11-28 16:28:49,238 - main - INFO - Set icon: listening.png
2025-11-28 16:28:51,456 - main - INFO - Set icon: black.png
2025-11-28 16:28:53,272 - main - INFO - Set icon: speaking.png
2025-11-28 16:29:02,162 - main - INFO - Set icon: black.png
2025-11-28 16:29:03,373 - main - INFO - Set icon: speaking.png
2025-11-28 16:29:04,374 - main - INFO - Set icon: black.png
2025-11-28 16:29:07,607 - main - INFO - Set icon: listening.png
2025-11-28 16:29:09,438 - main - INFO - Set icon: black.png
2025-11-28 16:29:11,644 - main - INFO - Set icon: speaking.png
2025-11-28 16:29:14,269 - main - INFO - Set icon: black.png
2025-11-28 16:29:14,771 - main - INFO - Set icon: speaking.png
2025-11-28 16:29:18,916 - main - INFO - Set icon: black.png
2025-11-28 16:29:19,926 - main - INFO - Set icon: listening.png
2025-11-28 16:29:24,026 - main - INFO - Set icon: speaking.png
2025-11-28 16:29:31,666 - main - INFO - Set icon: black.png
2025-11-28 16:29:33,483 - main - INFO - Set icon: listening.png
2025-11-28 16:29:36,106 - main - INFO - Set icon: black.png
2025-11-28 16:29:38,326 - main - INFO - Set icon: speaking.png
2025-11-28 16:29:46,002 - main - INFO - Set icon: black.png
2025-11-28 16:29:46,607 - main - INFO - Set icon: speaking.png
2025-11-28 16:29:51,057 - main - INFO - Set icon: black.png
2025-11-28 16:29:52,269 - main - INFO - Set icon: speaking.png
2025-11-28 16:29:53,278 - main - INFO - Set icon: black.png
2025-11-28 16:29:53,882 - main - INFO - Set icon: speaking.png
2025-11-28 16:29:59,542 - main - INFO - Set icon: black.png
2025-11-28 16:30:00,956 - main - INFO - Set icon: listening.png
2025-11-28 16:30:03,175 - main - INFO - Set icon: black.png
2025-11-28 16:30:05,593 - main - INFO - Set icon: listening.png
2025-11-28 16:30:07,026 - main - INFO - Set icon: speaking.png
2025-11-28 16:30:12,692 - main - INFO - Set icon: listening.png
2025-11-28 16:30:14,133 - main - INFO - Set icon: black.png
2025-11-28 16:30:15,949 - main - INFO - Set icon: listening.png
2025-11-28 16:30:17,330 - main - INFO - Set icon: speaking.png
2025-11-28 16:30:21,810 - main - INFO - Set icon: listening.png
2025-11-28 16:30:23,271 - main - INFO - Set icon: black.png
2025-11-28 16:30:23,773 - main - INFO - Set icon: listening.png
2025-11-28 16:30:25,318 - main - INFO - Set icon: black.png
2025-11-28 16:30:27,058 - main - INFO - Set icon: speaking.png
2025-11-28 16:30:34,529 - main - INFO - Set icon: black.png
2025-11-28 16:30:35,941 - main - INFO - Set icon: listening.png
2025-11-28 16:30:37,322 - main - INFO - Set icon: black.png
2025-11-28 16:30:39,573 - main - INFO - Set icon: speaking.png
2025-11-28 16:30:44,213 - main - INFO - Set icon: black.png
2025-11-28 16:30:44,820 - main - INFO - Set icon: speaking.png
2025-11-28 16:30:52,844 - main - INFO - Set icon: black.png
2025-11-28 16:30:54,453 - main - INFO - Set icon: speaking.png
2025-11-28 16:30:55,459 - main - INFO - Set icon: black.png
2025-11-28 16:31:05,109 - main - INFO - Set icon: speaking.png
2025-11-28 16:31:06,111 - main - INFO - Set icon: listening.png
2025-11-28 16:31:07,725 - main - INFO - Set icon: black.png
2025-11-28 16:31:19,618 - main - INFO - Set icon: listening.png
2025-11-28 16:31:20,951 - main - INFO - Set icon: black.png
2025-11-28 16:31:21,454 - main - INFO - Set icon: speaking.png
2025-11-28 16:31:22,456 - main - INFO - Set icon: black.png
2025-11-28 16:31:22,958 - main - INFO - Set icon: speaking.png
2025-11-28 16:31:23,960 - main - INFO - Set icon: black.png
2025-11-28 16:31:24,463 - main - INFO - Set icon: speaking.png
2025-11-28 16:31:26,078 - main - INFO - Set icon: black.png
2025-11-28 16:31:26,580 - main - INFO - Set icon: speaking.png
2025-11-28 16:31:27,582 - main - INFO - Set icon: black.png
2025-11-28 16:31:28,095 - main - INFO - Set icon: listening.png
2025-11-28 16:31:29,904 - main - INFO - Set icon: black.png
2025-11-28 16:31:30,406 - main - INFO - Set icon: listening.png
2025-11-28 16:31:31,927 - main - INFO - Set icon: black.png
2025-11-28 16:31:33,743 - main - INFO - Set icon: listening.png
2025-11-28 16:31:35,051 - main - INFO - Set icon: black.png
2025-11-28 16:31:49,683 - main - INFO - Set icon: speaking.png
2025-11-28 16:31:57,965 - main - INFO - Set icon: black.png
2025-11-28 16:32:00,187 - main - INFO - Set icon: speaking.png
2025-11-28 16:32:01,196 - main - INFO - Set icon: black.png
2025-11-28 16:32:06,238 - main - INFO - Set icon: speaking.png
2025-11-28 16:32:12,503 - main - INFO - Set icon: black.png
2025-11-28 16:32:13,004 - main - INFO - Set icon: listening.png
2025-11-28 16:32:14,682 - main - INFO - Set icon: black.png
2025-11-28 16:32:15,733 - main - INFO - Set icon: speaking.png
2025-11-28 16:32:19,981 - main - INFO - Set icon: black.png
2025-11-28 16:32:22,202 - main - INFO - Set icon: speaking.png
2025-11-28 16:32:23,818 - main - INFO - Set icon: black.png
2025-11-28 16:32:24,319 - main - INFO - Set icon: listening.png
2025-11-28 16:32:25,945 - main - INFO - Set icon: black.png
2025-11-28 16:32:28,051 - main - INFO - Set icon: listening.png
2025-11-28 16:32:29,837 - main - INFO - Set icon: black.png
2025-11-28 16:32:30,876 - main - INFO - Set icon: speaking.png
2025-11-28 16:32:37,341 - main - INFO - Set icon: black.png
2025-11-28 16:32:39,157 - main - INFO - Set icon: listening.png
2025-11-28 16:32:40,499 - main - INFO - Set icon: black.png
2025-11-28 16:32:41,580 - main - INFO - Set icon: speaking.png
2025-11-28 16:32:43,398 - main - INFO - Set icon: listening.png
2025-11-28 16:32:44,881 - main - INFO - Set icon: black.png
2025-11-28 16:32:47,638 - main - INFO - Set icon: listening.png
2025-11-28 16:32:51,675 - main - INFO - Set icon: speaking.png
2025-11-28 16:32:56,321 - main - INFO - Set icon: black.png
2025-11-28 16:32:56,824 - main - INFO - Set icon: speaking.png
2025-11-28 16:33:04,408 - main - INFO - Set icon: black.png
2025-11-28 16:33:05,620 - main - INFO - Set icon: listening.png
2025-11-28 16:33:07,437 - main - INFO - Set icon: black.png
2025-11-28 16:33:08,850 - main - INFO - Set icon: speaking.png
2025-11-28 16:33:17,133 - main - INFO - Set icon: black.png
2025-11-28 16:33:18,748 - main - INFO - Set icon: speaking.png
2025-11-28 16:33:19,750 - main - INFO - Set icon: listening.png
2025-11-28 16:33:20,977 - main - INFO - Set icon: black.png
2025-11-28 16:33:58,916 - main - INFO - Set icon: speaking.png
2025-11-28 16:33:59,918 - main - INFO - Set icon: black.png
2025-11-28 16:34:00,420 - main - INFO - Set icon: speaking.png
2025-11-28 16:34:01,423 - main - INFO - Set icon: black.png
2025-11-28 16:34:07,189 - main - INFO - Set icon: listening.png
2025-11-28 16:34:08,654 - main - INFO - Set icon: black.png
2025-11-28 16:34:09,156 - main - INFO - Set icon: speaking.png
2025-11-28 16:34:10,159 - main - INFO - Set icon: black.png
2025-11-28 16:34:12,643 - main - INFO - Set icon: listening.png
2025-11-28 16:34:14,183 - main - INFO - Set icon: black.png
2025-11-28 16:34:20,465 - main - INFO - Move pan: 35
2025-11-28 16:34:21,965 - main - INFO - Set icon: listening.png
2025-11-28 16:34:22,887 - main - INFO - Move pan: -35
2025-11-28 16:34:24,423 - main - INFO - Set icon: speaking.png
2025-11-28 16:34:25,425 - main - INFO - Set icon: listening.png
2025-11-28 16:34:27,356 - main - INFO - Set icon: black.png
2025-11-28 16:34:27,857 - main - INFO - Set icon: listening.png
2025-11-28 16:34:30,674 - main - INFO - Set icon: black.png
2025-11-28 16:34:43,872 - main - INFO - Set icon: listening.png
2025-11-28 16:34:45,390 - main - INFO - Set icon: black.png
2025-11-28 16:34:46,898 - main - INFO - Set icon: listening.png
2025-11-28 16:34:48,487 - main - INFO - Set icon: black.png
2025-11-28 16:34:53,559 - main - INFO - Set icon: speaking.png
2025-11-28 16:34:54,561 - main - INFO - Set icon: black.png
2025-11-28 16:34:55,062 - main - INFO - Set icon: listening.png
2025-11-28 16:34:56,292 - main - INFO - Set icon: black.png
2025-11-28 16:34:56,794 - main - INFO - Set icon: listening.png
2025-11-28 16:34:58,148 - main - INFO - Set icon: black.png
2025-11-28 16:34:58,650 - main - INFO - Set icon: listening.png
2025-11-28 16:35:00,590 - main - INFO - Set icon: black.png
2025-11-28 16:35:01,091 - main - INFO - Set icon: listening.png
2025-11-28 16:35:02,520 - main - INFO - Set icon: black.png
2025-11-28 16:35:03,021 - main - INFO - Set icon: listening.png
2025-11-28 16:35:04,484 - main - INFO - Set icon: black.png
2025-11-28 16:35:04,987 - main - INFO - Set icon: listening.png
2025-11-28 16:35:08,961 - main - INFO - Set icon: speaking.png
2025-11-28 16:35:09,981 - main - INFO - Set icon: black.png
2025-11-28 16:35:52,162 - main - INFO - === Application Terminated ===
