2026-01-09 16:29:02,155 - interface - INFO - send: s3 : None
2026-01-09 16:29:20,759 - interface - INFO - send: s3 : None
2026-01-09 16:29:23,604 - interface - INFO - send: s3 : None
2026-01-09 16:30:06,587 - interface - INFO - send: s3 : None
2026-01-09 16:30:10,401 - interface - INFO - send: s3 : None
2026-01-09 16:30:56,099 - interface - INFO - send: s1 : None
2026-01-09 16:30:57,620 - interface - INFO - send: s1 : None
2026-01-09 16:32:41,258 - interface - INFO - send: s2 : None
2026-01-09 16:35:27,437 - interface - INFO - send: listening : None
2026-01-09 16:35:33,521 - interface - INFO - send: listening : None
2026-01-09 16:35:44,129 - interface - INFO - send: s3 : None
2026-01-09 16:35:45,424 - interface - INFO - send: s3 : None
2026-01-09 16:36:12,173 - interface - INFO - send: s2 : None
2026-01-09 16:36:21,156 - interface - INFO - send: s3 : None
2026-01-09 16:36:31,155 - interface - INFO - send: listening : None
2026-01-09 16:36:37,139 - interface - INFO - send: listening : None
2026-01-09 16:36:40,788 - interface - INFO - send: listening : None
2026-01-09 16:36:55,816 - interface - INFO - send: listening : None
2026-01-09 16:36:56,661 - interface - INFO - send: s3 : None
2026-01-09 16:37:05,649 - interface - INFO - send: s2 : None
2026-01-09 16:37:07,216 - interface - INFO - send: s2 : None
2026-01-09 16:37:13,345 - interface - INFO - send: s2 : None
2026-01-09 16:37:15,563 - interface - INFO - send: s2 : None
2026-01-09 16:37:32,442 - interface - INFO - send: s3 : None
2026-01-09 16:37:38,727 - interface - INFO - send: s3 : None
2026-01-09 16:38:05,413 - interface - INFO - send: s3 : None
2026-01-09 16:38:34,888 - interface - INFO - send: s3 : None
2026-01-09 16:38:38,056 - interface - INFO - send: s3 : None
2026-01-09 16:39:28,496 - interface - INFO - send: s3 : None
2026-01-09 16:39:30,665 - interface - INFO - send: s3 : None
2026-01-09 16:39:55,363 - interface - INFO - send: s3 : None
2026-01-09 16:40:28,134 - interface - INFO - send: s2 : None
2026-01-09 16:40:36,671 - interface - INFO - send: s3 : None
2026-01-09 16:40:52,481 - interface - INFO - send: s2 : None
2026-01-09 16:41:21,391 - interface - INFO - send: s3 : None
2026-01-09 16:41:34,318 - interface - INFO - send: s2 : None
2026-01-09 16:41:35,702 - interface - INFO - send: s2 : None
2026-01-09 16:42:03,001 - interface - INFO - send: s1 : None
2026-01-09 16:42:07,482 - interface - INFO - send: s3 : None
2026-01-09 16:42:09,194 - interface - INFO - send: s3 : None
2026-01-09 16:42:14,074 - interface - INFO - send: s3 : None
2026-01-09 16:42:18,452 - interface - INFO - send: s3 : None
2026-01-09 16:42:23,108 - interface - INFO - send: love : None
2026-01-09 16:42:26,953 - interface - INFO - send: idle : None
2026-01-09 16:42:29,557 - interface - INFO - send: idle : None
2026-01-09 16:42:36,791 - interface - INFO - send: s3 : None
2026-01-09 16:42:59,001 - interface - INFO - send: s3 : None
2026-01-09 16:43:37,516 - interface - INFO - send: listening : None
2026-01-09 16:43:58,246 - interface - INFO - send: front : None
2026-01-09 16:44:04,760 - interface - INFO - send: speaking : None
2026-01-09 16:44:16,738 - interface - INFO - send: s3 : None
2026-01-09 16:44:37,309 - interface - INFO - send: wink : None
2026-01-09 16:45:02,659 - interface - INFO - send: s3 : None
2026-01-09 16:45:13,927 - interface - INFO - send: star : None
2026-01-09 16:45:15,877 - interface - INFO - send: star : None
2026-01-09 16:45:18,508 - interface - INFO - send: idle : None
2026-01-09 16:45:35,925 - interface - INFO - send: s3 : None
2026-01-09 16:45:56,673 - interface - INFO - send: s3 : None
2026-01-09 16:46:03,863 - interface - INFO - send: s3 : None
2026-01-09 16:46:05,350 - interface - INFO - send: s3 : None
2026-01-09 16:46:06,926 - interface - INFO - send: s3 : None
2026-01-09 16:46:48,029 - interface - INFO - send: s3 : None
2026-01-09 16:47:01,585 - interface - INFO - send: listening : None
2026-01-09 16:47:29,034 - interface - INFO - send: listening : None
2026-01-09 16:47:32,429 - interface - INFO - send: s3 : None
2026-01-09 16:47:34,625 - interface - INFO - send: s3 : None
2026-01-09 16:47:43,770 - interface - INFO - send: listening : None
2026-01-09 16:47:50,602 - interface - INFO - send: s1 : None
2026-01-09 16:47:58,327 - interface - INFO - send: s3 : None
2026-01-09 16:48:00,784 - interface - INFO - send: s3 : None
2026-01-09 16:48:03,470 - interface - INFO - send: s3 : None
2026-01-09 16:48:08,633 - interface - INFO - send: love : None
2026-01-09 16:48:12,468 - interface - INFO - send: love : None
2026-01-09 16:48:16,872 - interface - INFO - send: idle : None
2026-01-09 16:48:20,346 - interface - INFO - send: idle : None
2026-01-09 16:49:26,285 - interface - INFO - send: s3 : None
2026-01-09 16:49:30,182 - interface - INFO - send: s3 : None
2026-01-09 16:49:38,250 - interface - INFO - send: listening : None
2026-01-09 16:49:45,272 - interface - INFO - send: listening : None
2026-01-09 16:50:01,265 - interface - INFO - send: listening : None
2026-01-09 16:50:06,553 - interface - INFO - send: s1 : None
2026-01-09 16:50:18,281 - interface - INFO - send: effort : None
2026-01-09 16:50:20,866 - interface - INFO - send: idle : None
2026-01-09 16:50:22,488 - interface - INFO - send: s3 : None
2026-01-09 16:50:24,371 - interface - INFO - send: s3 : None
2026-01-09 16:50:40,248 - interface - INFO - send: listening : None
2026-01-09 16:50:41,969 - interface - INFO - send: s2 : None
2026-01-09 16:50:43,466 - interface - INFO - send: s2 : None
2026-01-09 16:50:44,691 - interface - INFO - send: s2 : None
2026-01-09 16:50:46,020 - interface - INFO - send: s2 : None
2026-01-09 16:51:01,704 - interface - INFO - send: listening : None
2026-01-09 16:51:14,219 - interface - INFO - send: listening : None
2026-01-09 16:51:57,430 - interface - INFO - send: s3 : None
2026-01-09 16:51:58,379 - interface - INFO - send: s3 : None
2026-01-09 16:52:14,684 - interface - INFO - send: listening : None
2026-01-09 16:52:17,961 - interface - INFO - send: s3 : None
2026-01-09 16:52:19,519 - interface - INFO - send: s3 : None
2026-01-09 16:52:30,980 - interface - INFO - send: listening : None
2026-01-09 16:53:11,683 - interface - INFO - send: listening : None
2026-01-09 16:54:20,472 - interface - INFO - send: s2 : None
2026-01-09 16:54:30,702 - interface - INFO - send: s3 : None
2026-01-09 16:54:35,653 - interface - INFO - send: s2 : None
2026-01-09 16:55:34,658 - interface - INFO - send: s2 : None
2026-01-09 16:55:36,719 - interface - INFO - send: s2 : None
2026-01-09 16:55:53,686 - interface - INFO - send: s2 : None
2026-01-09 16:56:21,466 - interface - INFO - send: s3 : None
2026-01-09 16:57:01,722 - interface - INFO - send: s3 : None
2026-01-09 16:57:17,087 - interface - INFO - send: s3 : None
2026-01-09 16:57:30,193 - interface - INFO - send: s3 : None
2026-01-09 16:57:43,809 - interface - INFO - send: s3 : None
2026-01-09 16:57:46,045 - interface - INFO - send: s3 : None
2026-01-09 16:57:49,891 - interface - INFO - send: front : None
2026-01-09 16:57:57,143 - interface - INFO - send: s3 : None
2026-01-09 16:58:08,155 - interface - INFO - send: s3 : None
2026-01-09 16:58:09,422 - interface - INFO - send: listening : None
2026-01-09 16:58:11,646 - interface - INFO - send: s3 : None
2026-01-09 16:58:22,490 - interface - INFO - send: listening : None
2026-01-09 16:58:29,862 - interface - INFO - send: listening : None
2026-01-09 16:59:00,443 - interface - INFO - send: s2 : None
2026-01-09 16:59:03,017 - interface - INFO - send: s2 : None
2026-01-09 16:59:05,297 - interface - INFO - send: s2 : None
2026-01-09 16:59:25,993 - interface - INFO - send: s3 : None
2026-01-09 16:59:26,276 - interface - INFO - send: s3 : None
2026-01-09 16:59:54,107 - interface - INFO - send: listening : None
2026-01-09 17:00:31,993 - interface - INFO - send: listening : None
2026-01-09 17:00:49,008 - interface - INFO - send: s3 : None
2026-01-09 17:01:22,191 - interface - INFO - send: listening : None
2026-01-09 17:01:40,007 - interface - INFO - send: s3 : None
2026-01-09 17:01:40,627 - interface - INFO - send: s3 : None
2026-01-09 17:01:50,075 - interface - INFO - send: s3 : None
2026-01-09 17:02:12,347 - interface - INFO - send: s3 : None
2026-01-09 17:02:13,857 - interface - INFO - send: s3 : None
2026-01-09 17:02:20,768 - interface - INFO - send: listening : None
2026-01-09 17:02:30,633 - interface - INFO - send: listening : None
2026-01-09 17:02:37,912 - interface - INFO - send: listening : None
2026-01-09 17:03:05,769 - interface - INFO - send: s3 : None
2026-01-09 17:03:07,210 - interface - INFO - send: s3 : None
2026-01-09 17:03:08,373 - interface - INFO - send: s3 : None
2026-01-09 17:03:14,947 - interface - INFO - send: s2 : None
2026-01-09 17:04:32,571 - interface - INFO - send: s3 : None
2026-01-09 17:04:41,022 - interface - INFO - send: s3 : None
2026-01-09 17:04:43,108 - interface - INFO - send: s3 : None
2026-01-09 17:04:57,169 - interface - INFO - send: s3 : None
2026-01-09 17:04:58,054 - interface - INFO - send: s3 : None
2026-01-09 17:05:31,082 - interface - INFO - send: listening : None
2026-01-09 17:06:06,292 - interface - INFO - send: star : None
2026-01-09 17:06:12,850 - interface - INFO - send: idle : None
2026-01-09 17:06:15,134 - interface - INFO - send: idle : None
2026-01-09 17:06:17,973 - interface - INFO - send: idle : None
2026-01-09 17:06:20,740 - interface - INFO - send: idle : None
2026-01-09 17:07:49,867 - interface - INFO - send: s3 : None
2026-01-09 17:07:52,551 - interface - INFO - send: s3 : None
2026-01-09 17:08:01,029 - interface - INFO - send: front : None
2026-01-09 17:08:13,614 - interface - INFO - send: front : None
2026-01-09 17:08:49,946 - interface - INFO - send: s3 : None
2026-01-09 17:08:52,010 - interface - INFO - send: love : None
2026-01-09 17:08:53,242 - interface - INFO - send: love : None
2026-01-09 17:08:53,409 - interface - INFO - send: love : None
2026-01-09 17:08:55,531 - interface - INFO - send: love : None
2026-01-09 17:09:00,383 - interface - INFO - send: s3 : None
2026-01-09 17:09:00,899 - interface - INFO - send: s3 : None
2026-01-09 17:09:02,665 - interface - INFO - send: s3 : None
2026-01-09 17:09:12,923 - interface - INFO - send: love : None
2026-01-09 17:09:15,778 - interface - INFO - send: love : None
2026-01-09 17:09:17,825 - interface - INFO - send: idle : None
2026-01-09 17:09:20,192 - interface - INFO - send: idle : None
2026-01-09 17:09:20,781 - interface - INFO - send: idle : None
2026-01-09 17:09:35,186 - interface - INFO - send: front : None
2026-01-09 17:09:36,901 - interface - INFO - send: front : None
2026-01-09 17:09:45,837 - interface - INFO - send: front : None
