2026-01-09 16:28:31,730 - main - INFO - Move pan: 35
2026-01-09 16:28:33,237 - main - INFO - Set icon: listening.png
2026-01-09 16:28:34,194 - main - INFO - Move pan: -35
2026-01-09 16:28:35,911 - main - INFO - Move pan: -35
2026-01-09 16:28:38,834 - main - INFO - Set icon: black.png
2026-01-09 16:28:39,336 - main - INFO - Set icon: listening.png
2026-01-09 16:28:40,690 - main - INFO - Set icon: black.png
2026-01-09 16:28:41,649 - main - INFO - Move pan: 0
2026-01-09 16:28:43,075 - main - INFO - Set icon: listening.png
2026-01-09 16:28:43,901 - main - INFO - Move pan: -35
2026-01-09 16:28:46,527 - main - INFO - Move pan: -35
2026-01-09 16:28:49,169 - main - INFO - Set icon: black.png
2026-01-09 16:28:55,138 - main - INFO - Set icon: speaking.png
2026-01-09 16:28:56,345 - main - INFO - Set icon: black.png
2026-01-09 16:28:56,948 - main - INFO - Set icon: speaking.png
2026-01-09 16:29:02,559 - main - INFO - Move pan: 35
2026-01-09 16:29:06,007 - main - INFO - Set icon: listening.png
2026-01-09 16:29:07,438 - main - INFO - Set icon: speaking.png
2026-01-09 16:29:08,440 - main - INFO - Set icon: black.png
2026-01-09 16:29:09,426 - main - INFO - Set icon: listening.png
2026-01-09 16:29:10,397 - main - INFO - Move pan: -35
2026-01-09 16:29:12,403 - main - INFO - Move pan: -35
2026-01-09 16:29:15,116 - main - INFO - Set icon: black.png
2026-01-09 16:29:17,385 - main - INFO - Set icon: listening.png
2026-01-09 16:29:19,483 - main - INFO - Set icon: black.png
2026-01-09 16:29:19,984 - main - INFO - Set icon: listening.png
2026-01-09 16:29:22,417 - main - INFO - Move pan: 35
2026-01-09 16:29:23,864 - main - INFO - Set icon: black.png
2026-01-09 16:29:25,271 - main - INFO - Move pan: 35
2026-01-09 16:29:26,757 - main - INFO - Set icon: listening.png
2026-01-09 16:29:28,593 - main - INFO - Set icon: black.png
2026-01-09 16:29:45,418 - main - INFO - Set icon: listening.png
2026-01-09 16:29:51,791 - main - INFO - Set icon: black.png
2026-01-09 16:30:01,304 - main - INFO - Set icon: listening.png
2026-01-09 16:30:02,350 - main - INFO - Move pan: -35
2026-01-09 16:30:03,820 - main - INFO - Set icon: black.png
2026-01-09 16:30:05,726 - main - INFO - Set icon: listening.png
2026-01-09 16:30:06,609 - main - INFO - Move pan: 35
2026-01-09 16:30:08,851 - main - INFO - Move pan: 35
2026-01-09 16:30:10,318 - main - INFO - Set icon: black.png
2026-01-09 16:30:10,819 - main - INFO - Set icon: listening.png
2026-01-09 16:30:13,519 - main - INFO - Set icon: black.png
2026-01-09 16:30:16,984 - main - INFO - Set icon: listening.png
2026-01-09 16:30:19,072 - main - INFO - Set icon: black.png
2026-01-09 16:30:25,448 - main - INFO - Set icon: listening.png
2026-01-09 16:30:26,817 - main - INFO - Set icon: black.png
2026-01-09 16:30:27,441 - main - INFO - Set icon: listening.png
2026-01-09 16:30:29,343 - main - INFO - Set icon: black.png
2026-01-09 16:30:30,457 - main - INFO - Set icon: listening.png
2026-01-09 16:30:37,493 - main - INFO - Set icon: black.png
2026-01-09 16:30:37,994 - main - INFO - Set icon: listening.png
2026-01-09 16:30:39,547 - main - INFO - Set icon: black.png
2026-01-09 16:30:40,048 - main - INFO - Set icon: listening.png
2026-01-09 16:30:43,445 - main - INFO - Set icon: black.png
2026-01-09 16:30:44,332 - main - INFO - Set icon: listening.png
2026-01-09 16:30:47,551 - main - INFO - Set icon: black.png
2026-01-09 16:30:48,355 - main - INFO - Set icon: listening.png
2026-01-09 16:30:50,768 - main - INFO - Set icon: black.png
2026-01-09 16:30:51,270 - main - INFO - Set icon: listening.png
2026-01-09 16:30:52,853 - main - INFO - Set icon: black.png
2026-01-09 16:30:56,610 - main - INFO - Move pan: -35
2026-01-09 16:30:58,959 - main - INFO - Move pan: -35
2026-01-09 16:31:01,431 - main - INFO - Set icon: listening.png
2026-01-09 16:31:06,657 - main - INFO - Set icon: black.png
2026-01-09 16:31:07,863 - main - INFO - Set icon: listening.png
2026-01-09 16:31:09,468 - main - INFO - Set icon: black.png
2026-01-09 16:31:09,970 - main - INFO - Set icon: listening.png
2026-01-09 16:31:11,483 - main - INFO - Set icon: black.png
2026-01-09 16:31:15,102 - main - INFO - Set icon: listening.png
2026-01-09 16:31:16,450 - main - INFO - Set icon: black.png
2026-01-09 16:31:17,113 - main - INFO - Set icon: listening.png
2026-01-09 16:31:18,524 - main - INFO - Set icon: black.png
2026-01-09 16:31:20,329 - main - INFO - Set icon: listening.png
2026-01-09 16:31:23,357 - main - INFO - Set icon: black.png
2026-01-09 16:31:25,757 - main - INFO - Set icon: listening.png
2026-01-09 16:31:27,099 - main - INFO - Set icon: black.png
2026-01-09 16:31:31,243 - main - INFO - Set icon: listening.png
2026-01-09 16:31:33,091 - main - INFO - Set icon: black.png
2026-01-09 16:31:33,593 - main - INFO - Set icon: listening.png
2026-01-09 16:31:35,023 - main - INFO - Set icon: black.png
2026-01-09 16:31:37,822 - main - INFO - Set icon: listening.png
2026-01-09 16:31:40,406 - main - INFO - Set icon: black.png
2026-01-09 16:31:44,456 - main - INFO - Set icon: listening.png
2026-01-09 16:31:47,374 - main - INFO - Set icon: black.png
2026-01-09 16:31:48,679 - main - INFO - Set icon: listening.png
2026-01-09 16:31:50,876 - main - INFO - Set icon: black.png
2026-01-09 16:31:52,902 - main - INFO - Set icon: listening.png
2026-01-09 16:31:55,717 - main - INFO - Set icon: black.png
2026-01-09 16:31:56,722 - main - INFO - Set icon: listening.png
2026-01-09 16:32:05,972 - main - INFO - Set icon: black.png
2026-01-09 16:32:06,476 - main - INFO - Set icon: listening.png
2026-01-09 16:32:07,784 - main - INFO - Set icon: black.png
2026-01-09 16:32:09,794 - main - INFO - Set icon: listening.png
2026-01-09 16:32:11,388 - main - INFO - Set icon: black.png
2026-01-09 16:32:12,609 - main - INFO - Set icon: listening.png
2026-01-09 16:32:13,815 - main - INFO - Set icon: black.png
2026-01-09 16:32:14,317 - main - INFO - Set icon: listening.png
2026-01-09 16:32:20,049 - main - INFO - Set icon: black.png
2026-01-09 16:32:22,260 - main - INFO - Set icon: listening.png
2026-01-09 16:32:26,481 - main - INFO - Set icon: black.png
2026-01-09 16:32:27,286 - main - INFO - Set icon: listening.png
2026-01-09 16:32:29,698 - main - INFO - Set icon: black.png
2026-01-09 16:32:31,709 - main - INFO - Set icon: listening.png
2026-01-09 16:32:33,269 - main - INFO - Set icon: black.png
2026-01-09 16:32:37,326 - main - INFO - Move pan: 35
2026-01-09 16:32:39,342 - main - INFO - Set icon: listening.png
2026-01-09 16:32:40,236 - main - INFO - Move pan: -35
2026-01-09 16:32:41,703 - main - INFO - Set icon: black.png
2026-01-09 16:32:42,204 - main - INFO - Set icon: listening.png
2026-01-09 16:32:43,510 - main - INFO - Set icon: black.png
2026-01-09 16:32:44,829 - main - INFO - Set icon: listening.png
2026-01-09 16:32:46,841 - main - INFO - Set icon: black.png
2026-01-09 16:32:47,342 - main - INFO - Set icon: listening.png
2026-01-09 16:32:50,785 - main - INFO - Set icon: black.png
2026-01-09 16:32:51,286 - main - INFO - Set icon: listening.png
2026-01-09 16:32:52,412 - main - INFO - Move pan: 35
2026-01-09 16:32:53,826 - main - INFO - Set icon: black.png
2026-01-09 16:33:00,257 - main - INFO - Set icon: listening.png
2026-01-09 16:33:01,528 - main - INFO - Set icon: black.png
2026-01-09 16:33:10,914 - main - INFO - Set icon: listening.png
2026-01-09 16:33:12,542 - main - INFO - Set icon: black.png
2026-01-09 16:33:16,344 - main - INFO - Set icon: listening.png
2026-01-09 16:33:17,761 - main - INFO - Set icon: black.png
2026-01-09 16:33:20,768 - main - INFO - Set icon: listening.png
2026-01-09 16:33:22,577 - main - INFO - Set icon: black.png
2026-01-09 16:33:23,078 - main - INFO - Set icon: listening.png
2026-01-09 16:33:25,333 - main - INFO - Set icon: black.png
2026-01-09 16:33:25,835 - main - INFO - Set icon: listening.png
2026-01-09 16:33:27,328 - main - INFO - Set icon: black.png
2026-01-09 16:33:27,829 - main - INFO - Set icon: listening.png
2026-01-09 16:33:29,664 - main - INFO - Set icon: black.png
2026-01-09 16:33:30,165 - main - INFO - Set icon: listening.png
2026-01-09 16:33:32,231 - main - INFO - Set icon: black.png
2026-01-09 16:33:34,240 - main - INFO - Set icon: listening.png
2026-01-09 16:33:44,631 - main - INFO - Set icon: black.png
2026-01-09 16:33:45,298 - main - INFO - Set icon: listening.png
2026-01-09 16:33:47,120 - main - INFO - Set icon: black.png
2026-01-09 16:33:51,730 - main - INFO - Set icon: listening.png
2026-01-09 16:33:53,938 - main - INFO - Move pan: -35
2026-01-09 16:33:56,094 - main - INFO - Move pan: -35
2026-01-09 16:33:59,573 - main - INFO - Set icon: black.png
2026-01-09 16:34:00,074 - main - INFO - Set icon: listening.png
2026-01-09 16:34:01,413 - main - INFO - Set icon: black.png
2026-01-09 16:34:01,914 - main - INFO - Set icon: listening.png
2026-01-09 16:34:03,691 - main - INFO - Set icon: black.png
2026-01-09 16:34:04,193 - main - INFO - Set icon: listening.png
2026-01-09 16:34:05,563 - main - INFO - Set icon: black.png
2026-01-09 16:34:06,209 - main - INFO - Set icon: listening.png
2026-01-09 16:34:10,229 - main - INFO - Set icon: black.png
2026-01-09 16:34:10,832 - main - INFO - Set icon: listening.png
2026-01-09 16:34:12,441 - main - INFO - Set icon: black.png
2026-01-09 16:34:14,250 - main - INFO - Set icon: listening.png
2026-01-09 16:34:17,466 - main - INFO - Set icon: black.png
2026-01-09 16:34:18,471 - main - INFO - Set icon: listening.png
2026-01-09 16:34:21,486 - main - INFO - Set icon: black.png
2026-01-09 16:34:24,099 - main - INFO - Set icon: listening.png
2026-01-09 16:34:24,957 - main - INFO - Move pan: 35
2026-01-09 16:34:27,245 - main - INFO - Move pan: 35
2026-01-09 16:34:29,260 - main - INFO - Move pan: -35
2026-01-09 16:34:30,728 - main - INFO - Set icon: black.png
2026-01-09 16:34:31,229 - main - INFO - Set icon: listening.png
2026-01-09 16:34:33,185 - main - INFO - Set icon: black.png
2026-01-09 16:34:33,686 - main - INFO - Set icon: listening.png
2026-01-09 16:34:34,487 - main - INFO - Move pan: 35
2026-01-09 16:34:35,825 - main - INFO - Set icon: black.png
2026-01-09 16:34:36,327 - main - INFO - Set icon: listening.png
2026-01-09 16:34:37,246 - main - INFO - Move pan: 35
2026-01-09 16:34:38,693 - main - INFO - Set icon: black.png
2026-01-09 16:34:40,385 - main - INFO - Set icon: listening.png
2026-01-09 16:34:43,277 - main - INFO - Set icon: black.png
2026-01-09 16:34:55,061 - main - INFO - Set icon: listening.png
2026-01-09 16:35:01,701 - main - INFO - Set icon: black.png
2026-01-09 16:35:02,202 - main - INFO - Set icon: listening.png
2026-01-09 16:35:03,946 - main - INFO - Set icon: black.png
2026-01-09 16:35:04,447 - main - INFO - Set icon: listening.png
2026-01-09 16:35:05,668 - main - INFO - Set icon: black.png
2026-01-09 16:35:06,169 - main - INFO - Set icon: listening.png
2026-01-09 16:35:08,045 - main - INFO - Move pan: -35
2026-01-09 16:35:10,501 - main - INFO - Move pan: 35
2026-01-09 16:35:13,430 - main - INFO - Move pan: 35
2026-01-09 16:35:14,846 - main - INFO - Set icon: black.png
2026-01-09 16:35:15,348 - main - INFO - Set icon: listening.png
2026-01-09 16:35:17,129 - main - INFO - Set icon: black.png
2026-01-09 16:35:17,630 - main - INFO - Set icon: listening.png
2026-01-09 16:35:20,688 - main - INFO - Set icon: black.png
2026-01-09 16:35:21,190 - main - INFO - Set icon: listening.png
2026-01-09 16:35:22,446 - main - INFO - Set icon: black.png
2026-01-09 16:35:22,948 - main - INFO - Set icon: listening.png
2026-01-09 16:35:25,195 - main - INFO - Set icon: black.png
2026-01-09 16:35:27,634 - main - INFO - Set icon: listening.png
2026-01-09 16:35:30,325 - main - INFO - Set icon: black.png
2026-01-09 16:35:30,827 - main - INFO - Set icon: listening.png
2026-01-09 16:35:33,522 - main - INFO - Set icon: black.png
2026-01-09 16:35:34,023 - main - INFO - Set icon: listening.png
2026-01-09 16:35:35,475 - main - INFO - Set icon: black.png
2026-01-09 16:35:38,891 - main - INFO - Set icon: listening.png
2026-01-09 16:35:41,300 - main - INFO - Move pan: -35
2026-01-09 16:35:44,761 - main - INFO - Move pan: 35
2026-01-09 16:35:46,931 - main - INFO - Move pan: 35
2026-01-09 16:35:49,255 - main - INFO - Set icon: black.png
2026-01-09 16:35:50,756 - main - INFO - Set icon: listening.png
2026-01-09 16:35:57,819 - main - INFO - Toggle behaviour
2026-01-09 16:35:59,928 - main - INFO - Toggle behaviour
2026-01-09 16:36:00,429 - main - INFO - Set icon: black.png
2026-01-09 16:36:00,930 - main - INFO - Set icon: listening.png
2026-01-09 16:36:01,907 - main - INFO - Move pan: 35
2026-01-09 16:36:04,542 - main - INFO - Move pan: -35
2026-01-09 16:36:08,444 - main - INFO - Move pan: 35
2026-01-09 16:36:10,852 - main - INFO - Move pan: -35
2026-01-09 16:36:12,679 - main - INFO - Move pan: -35
2026-01-09 16:36:14,133 - main - INFO - Toggle behaviour
2026-01-09 16:36:16,910 - main - INFO - Move pan: 35
2026-01-09 16:36:18,615 - main - INFO - Move pan: -35
2026-01-09 16:36:20,996 - main - INFO - Move pan: 35
2026-01-09 16:36:22,876 - main - INFO - Move pan: 35
2026-01-09 16:36:25,439 - main - INFO - Set icon: black.png
2026-01-09 16:36:25,941 - main - INFO - Set icon: listening.png
2026-01-09 16:36:27,420 - main - INFO - Move pan: 35
2026-01-09 16:36:28,825 - main - INFO - Set icon: black.png
2026-01-09 16:36:29,326 - main - INFO - Set icon: listening.png
2026-01-09 16:36:30,705 - main - INFO - Move pan: 35
2026-01-09 16:36:32,021 - main - INFO - Move tilt: -3
2026-01-09 16:36:34,245 - main - INFO - Move tilt: -3
2026-01-09 16:36:35,247 - main - INFO - Set icon: black.png
2026-01-09 16:36:37,196 - main - INFO - Set icon: listening.png
2026-01-09 16:36:38,083 - main - INFO - Move pan: 35
2026-01-09 16:36:39,447 - main - INFO - Set icon: black.png
2026-01-09 16:36:40,615 - main - INFO - Set icon: listening.png
2026-01-09 16:36:41,548 - main - INFO - Move pan: 35
2026-01-09 16:36:42,992 - main - INFO - Move tilt: -3
2026-01-09 16:36:43,994 - main - INFO - Set icon: black.png
2026-01-09 16:36:44,495 - main - INFO - Set icon: listening.png
2026-01-09 16:36:45,410 - main - INFO - Move pan: 35
2026-01-09 16:36:47,305 - main - INFO - Set icon: black.png
2026-01-09 16:36:53,680 - main - INFO - Set icon: speaking.png
2026-01-09 16:36:54,681 - main - INFO - Set icon: black.png
2026-01-09 16:36:55,182 - main - INFO - Set icon: listening.png
2026-01-09 16:36:56,134 - main - INFO - Move pan: 35
2026-01-09 16:36:57,827 - main - INFO - Move tilt: -3
2026-01-09 16:36:59,523 - main - INFO - Move tilt: -3
2026-01-09 16:37:01,969 - main - INFO - Toggle behaviour
2026-01-09 16:37:04,017 - main - INFO - Toggle behaviour
2026-01-09 16:37:04,923 - main - INFO - Move pan: -35
2026-01-09 16:37:07,826 - main - INFO - Move pan: -35
2026-01-09 16:37:09,716 - main - INFO - Move pan: 35
2026-01-09 16:37:14,182 - main - INFO - Move pan: -35
2026-01-09 16:37:16,016 - main - INFO - Move pan: -35
2026-01-09 16:37:17,703 - main - INFO - Toggle behaviour
2026-01-09 16:37:19,737 - main - INFO - Toggle behaviour
2026-01-09 16:37:21,703 - main - INFO - Set icon: black.png
2026-01-09 16:37:22,205 - main - INFO - Set icon: listening.png
2026-01-09 16:37:23,693 - main - INFO - Set icon: black.png
2026-01-09 16:37:24,838 - main - INFO - Set icon: listening.png
2026-01-09 16:37:25,637 - main - INFO - Move pan: -35
2026-01-09 16:37:27,935 - main - INFO - Move pan: -35
2026-01-09 16:37:29,308 - main - INFO - Set icon: black.png
2026-01-09 16:37:29,809 - main - INFO - Set icon: listening.png
2026-01-09 16:37:31,960 - main - INFO - Move pan: 35
2026-01-09 16:37:33,397 - main - INFO - Move tilt: -3
2026-01-09 16:37:34,730 - main - INFO - Move pan: -35
2026-01-09 16:37:38,160 - main - INFO - Move pan: 35
2026-01-09 16:37:39,620 - main - INFO - Move pan: 35
2026-01-09 16:37:41,555 - main - INFO - Move pan: 35
2026-01-09 16:37:42,987 - main - INFO - Move tilt: -3
2026-01-09 16:37:44,900 - main - INFO - Set icon: black.png
2026-01-09 16:37:45,401 - main - INFO - Set icon: listening.png
2026-01-09 16:37:46,347 - main - INFO - Move pan: 35
2026-01-09 16:37:48,349 - main - INFO - Move pan: 35
2026-01-09 16:37:49,865 - main - INFO - Set icon: black.png
2026-01-09 16:37:50,367 - main - INFO - Set icon: listening.png
2026-01-09 16:37:51,723 - main - INFO - Set icon: black.png
2026-01-09 16:37:52,983 - main - INFO - Set icon: listening.png
2026-01-09 16:37:54,439 - main - INFO - Move pan: 35
2026-01-09 16:37:55,893 - main - INFO - Set icon: black.png
2026-01-09 16:37:56,395 - main - INFO - Set icon: listening.png
2026-01-09 16:37:57,757 - main - INFO - Move pan: 35
2026-01-09 16:37:59,143 - main - INFO - Set icon: black.png
2026-01-09 16:38:01,025 - main - INFO - Set icon: listening.png
2026-01-09 16:38:01,927 - main - INFO - Move pan: -35
2026-01-09 16:38:03,289 - main - INFO - Set icon: black.png
2026-01-09 16:38:03,791 - main - INFO - Set icon: listening.png
2026-01-09 16:38:04,652 - main - INFO - Move pan: 35
2026-01-09 16:38:06,034 - main - INFO - Move tilt: -3
2026-01-09 16:38:07,838 - main - INFO - Move pan: 35
2026-01-09 16:38:09,638 - main - INFO - Move pan: -35
2026-01-09 16:38:11,675 - main - INFO - Move pan: 35
2026-01-09 16:38:13,521 - main - INFO - Move pan: 35
2026-01-09 16:38:14,956 - main - INFO - Move tilt: -3
2026-01-09 16:38:15,957 - main - INFO - Set icon: black.png
2026-01-09 16:38:16,459 - main - INFO - Set icon: listening.png
2026-01-09 16:38:17,837 - main - INFO - Move pan: -35
2026-01-09 16:38:20,727 - main - INFO - Set icon: black.png
2026-01-09 16:38:21,731 - main - INFO - Set icon: listening.png
2026-01-09 16:38:24,546 - main - INFO - Set icon: black.png
2026-01-09 16:38:26,958 - main - INFO - Set icon: listening.png
2026-01-09 16:38:28,068 - main - INFO - Move pan: -35
2026-01-09 16:38:29,849 - main - INFO - Move pan: 35
2026-01-09 16:38:31,287 - main - INFO - Set icon: black.png
2026-01-09 16:38:31,789 - main - INFO - Set icon: listening.png
2026-01-09 16:38:32,618 - main - INFO - Move pan: -35
2026-01-09 16:38:34,405 - main - INFO - Set icon: black.png
2026-01-09 16:38:34,907 - main - INFO - Set icon: listening.png
2026-01-09 16:38:35,889 - main - INFO - Move pan: 35
2026-01-09 16:38:37,904 - main - INFO - Set icon: black.png
2026-01-09 16:38:40,225 - main - INFO - Set icon: listening.png
2026-01-09 16:38:42,035 - main - INFO - Set icon: black.png
2026-01-09 16:38:51,480 - main - INFO - Set icon: listening.png
2026-01-09 16:38:52,405 - main - INFO - Move pan: 35
2026-01-09 16:38:53,880 - main - INFO - Move tilt: -3
2026-01-09 16:38:54,881 - main - INFO - Set icon: black.png
2026-01-09 16:38:58,315 - main - INFO - Set icon: listening.png
2026-01-09 16:38:59,212 - main - INFO - Move pan: 35
2026-01-09 16:39:00,794 - main - INFO - Move tilt: -3
2026-01-09 16:39:01,796 - main - INFO - Set icon: black.png
2026-01-09 16:39:07,764 - main - INFO - Set icon: listening.png
2026-01-09 16:39:08,735 - main - INFO - Move pan: 35
2026-01-09 16:39:13,650 - main - INFO - Move tilt: -3
2026-01-09 16:39:15,413 - main - INFO - Move tilt: -3
2026-01-09 16:39:16,784 - main - INFO - Move pan: 35
2026-01-09 16:39:18,420 - main - INFO - Set icon: black.png
2026-01-09 16:39:20,029 - main - INFO - Set icon: listening.png
2026-01-09 16:39:21,304 - main - INFO - Move pan: 35
2026-01-09 16:39:22,672 - main - INFO - Set icon: speaking.png
2026-01-09 16:39:23,674 - main - INFO - Set icon: black.png
2026-01-09 16:39:24,175 - main - INFO - Set icon: listening.png
2026-01-09 16:39:25,057 - main - INFO - Move pan: -35
2026-01-09 16:39:26,772 - main - INFO - Move pan: -35
2026-01-09 16:39:28,394 - main - INFO - Move tilt: -3
2026-01-09 16:39:29,842 - main - INFO - Move tilt: -3
2026-01-09 16:39:31,773 - main - INFO - Move pan: 35
2026-01-09 16:39:33,460 - main - INFO - Move pan: 35
2026-01-09 16:39:35,027 - main - INFO - Move tilt: -3
2026-01-09 16:39:36,028 - main - INFO - Set icon: black.png
2026-01-09 16:39:36,529 - main - INFO - Set icon: listening.png
2026-01-09 16:39:37,789 - main - INFO - Move pan: 35
2026-01-09 16:39:39,195 - main - INFO - Set icon: black.png
2026-01-09 16:39:39,696 - main - INFO - Set icon: listening.png
2026-01-09 16:39:40,559 - main - INFO - Move pan: -35
2026-01-09 16:39:42,735 - main - INFO - Move tilt: -3
2026-01-09 16:39:44,284 - main - INFO - Move pan: -35
2026-01-09 16:39:45,655 - main - INFO - Move tilt: -3
2026-01-09 16:39:47,374 - main - INFO - Set icon: black.png
2026-01-09 16:39:47,875 - main - INFO - Set icon: listening.png
2026-01-09 16:39:48,719 - main - INFO - Move pan: -35
2026-01-09 16:39:50,503 - main - INFO - Move pan: -35
2026-01-09 16:39:54,807 - main - INFO - Move pan: 35
2026-01-09 16:39:56,170 - main - INFO - Move tilt: -3
2026-01-09 16:39:57,827 - main - INFO - Move pan: 35
2026-01-09 16:39:59,266 - main - INFO - Set icon: black.png
2026-01-09 16:39:59,767 - main - INFO - Set icon: listening.png
2026-01-09 16:40:01,898 - main - INFO - Move pan: 35
2026-01-09 16:40:03,294 - main - INFO - Move pan: 35
2026-01-09 16:40:05,130 - main - INFO - Set icon: black.png
2026-01-09 16:40:05,872 - main - INFO - Set icon: listening.png
2026-01-09 16:40:06,742 - main - INFO - Move pan: 35
2026-01-09 16:40:09,088 - main - INFO - Set icon: black.png
2026-01-09 16:40:10,897 - main - INFO - Set icon: listening.png
2026-01-09 16:40:11,847 - main - INFO - Move pan: 35
2026-01-09 16:40:13,913 - main - INFO - Set icon: black.png
2026-01-09 16:40:14,515 - main - INFO - Set icon: listening.png
2026-01-09 16:40:15,795 - main - INFO - Move tilt: -3
2026-01-09 16:40:16,797 - main - INFO - Set icon: black.png
2026-01-09 16:40:17,299 - main - INFO - Set icon: listening.png
2026-01-09 16:40:19,444 - main - INFO - Move pan: 35
2026-01-09 16:40:21,773 - main - INFO - Move pan: 35
2026-01-09 16:40:23,231 - main - INFO - Set icon: black.png
2026-01-09 16:40:23,733 - main - INFO - Set icon: listening.png
2026-01-09 16:40:25,140 - main - INFO - Move pan: 35
2026-01-09 16:40:26,568 - main - INFO - Set icon: black.png
2026-01-09 16:40:27,070 - main - INFO - Set icon: listening.png
2026-01-09 16:40:28,460 - main - INFO - Move pan: -35
2026-01-09 16:40:30,151 - main - INFO - Move pan: -35
2026-01-09 16:40:31,998 - main - INFO - Move tilt: -3
2026-01-09 16:40:34,558 - main - INFO - Move tilt: -3
2026-01-09 16:40:36,051 - main - INFO - Move pan: 35
2026-01-09 16:40:38,404 - main - INFO - Move pan: 35
2026-01-09 16:40:39,793 - main - INFO - Set icon: black.png
2026-01-09 16:40:40,295 - main - INFO - Set icon: listening.png
2026-01-09 16:40:46,288 - main - INFO - Move pan: 35
2026-01-09 16:40:47,718 - main - INFO - Set icon: black.png
2026-01-09 16:40:48,219 - main - INFO - Set icon: listening.png
2026-01-09 16:40:49,607 - main - INFO - Set icon: black.png
2026-01-09 16:40:50,108 - main - INFO - Set icon: listening.png
2026-01-09 16:40:52,154 - main - INFO - Move pan: -35
2026-01-09 16:40:53,575 - main - INFO - Move tilt: -3
2026-01-09 16:40:54,577 - main - INFO - Set icon: black.png
2026-01-09 16:40:55,330 - main - INFO - Set icon: listening.png
2026-01-09 16:40:57,155 - main - INFO - Move pan: 35
2026-01-09 16:40:58,832 - main - INFO - Set icon: black.png
2026-01-09 16:40:59,350 - main - INFO - Set icon: listening.png
2026-01-09 16:41:00,365 - main - INFO - Move pan: 35
2026-01-09 16:41:06,417 - main - INFO - Toggle behaviour
2026-01-09 16:41:08,444 - main - INFO - Toggle behaviour
2026-01-09 16:41:11,209 - main - INFO - Set icon: black.png
2026-01-09 16:41:12,618 - main - INFO - Set icon: listening.png
2026-01-09 16:41:13,502 - main - INFO - Move pan: 35
2026-01-09 16:41:15,409 - main - INFO - Move tilt: -3
2026-01-09 16:41:16,732 - main - INFO - Move tilt: -3
2026-01-09 16:41:17,734 - main - INFO - Set icon: black.png
2026-01-09 16:41:18,248 - main - INFO - Set icon: listening.png
2026-01-09 16:41:19,206 - main - INFO - Move pan: 35
2026-01-09 16:41:21,263 - main - INFO - Set icon: black.png
2026-01-09 16:41:22,229 - main - INFO - Move pan: 35
2026-01-09 16:41:23,647 - main - INFO - Set icon: listening.png
2026-01-09 16:41:25,554 - main - INFO - Set icon: black.png
2026-01-09 16:41:26,055 - main - INFO - Set icon: listening.png
2026-01-09 16:41:26,929 - main - INFO - Move pan: 35
2026-01-09 16:41:27,930 - main - INFO - Set icon: black.png
2026-01-09 16:41:28,500 - main - INFO - Set icon: speaking.png
2026-01-09 16:41:29,502 - main - INFO - Set icon: listening.png
2026-01-09 16:41:30,341 - main - INFO - Move pan: 35
2026-01-09 16:41:32,134 - main - INFO - Move tilt: -3
2026-01-09 16:41:33,136 - main - INFO - Set icon: black.png
2026-01-09 16:41:33,637 - main - INFO - Set icon: listening.png
2026-01-09 16:41:34,497 - main - INFO - Move pan: -35
2026-01-09 16:41:35,834 - main - INFO - Set icon: black.png
2026-01-09 16:41:36,336 - main - INFO - Set icon: listening.png
2026-01-09 16:41:37,221 - main - INFO - Move pan: -35
2026-01-09 16:41:38,839 - main - INFO - Move pan: 35
2026-01-09 16:41:40,265 - main - INFO - Move tilt: -3
2026-01-09 16:41:42,095 - main - INFO - Move pan: -35
2026-01-09 16:41:44,186 - main - INFO - Set icon: black.png
2026-01-09 16:41:44,687 - main - INFO - Set icon: listening.png
2026-01-09 16:41:45,705 - main - INFO - Move pan: -35
2026-01-09 16:41:47,036 - main - INFO - Set icon: black.png
2026-01-09 16:41:47,538 - main - INFO - Set icon: listening.png
2026-01-09 16:41:49,323 - main - INFO - Move tilt: -3
2026-01-09 16:41:50,324 - main - INFO - Set icon: black.png
2026-01-09 16:41:50,825 - main - INFO - Set icon: listening.png
2026-01-09 16:41:52,744 - main - INFO - Set icon: black.png
2026-01-09 16:41:53,245 - main - INFO - Set icon: listening.png
2026-01-09 16:41:54,163 - main - INFO - Move pan: -35
2026-01-09 16:41:56,639 - main - INFO - Move pan: -35
2026-01-09 16:41:59,374 - main - INFO - Set icon: black.png
2026-01-09 16:41:59,877 - main - INFO - Set icon: listening.png
2026-01-09 16:42:00,780 - main - INFO - Move pan: -35
2026-01-09 16:42:02,337 - main - INFO - Set icon: speaking.png
2026-01-09 16:42:03,338 - main - INFO - Set icon: black.png
2026-01-09 16:42:04,197 - main - INFO - Move pan: -35
2026-01-09 16:42:05,676 - main - INFO - Move tilt: -3
2026-01-09 16:42:08,010 - main - INFO - Move pan: 35
2026-01-09 16:42:09,445 - main - INFO - Set icon: listening.png
2026-01-09 16:42:10,478 - main - INFO - Move pan: -35
2026-01-09 16:42:12,424 - main - INFO - Set icon: black.png
2026-01-09 16:42:13,316 - main - INFO - Move pan: 35
2026-01-09 16:42:14,745 - main - INFO - Set icon: listening.png
2026-01-09 16:42:15,855 - main - INFO - Move pan: -35
2026-01-09 16:42:17,293 - main - INFO - Set icon: black.png
2026-01-09 16:42:18,222 - main - INFO - Move pan: 35
2026-01-09 16:42:20,073 - main - INFO - Move pan: 35
2026-01-09 16:42:23,185 - main - INFO - Set image: love.png
2026-01-09 16:42:23,990 - main - INFO - Set icon: listening.png
2026-01-09 16:42:27,437 - main - INFO - Move pan: 0
2026-01-09 16:42:28,800 - main - INFO - Set image: blink.gif
2026-01-09 16:42:29,302 - main - INFO - Set icon: black.png
2026-01-09 16:42:29,802 - main - INFO - Set icon: listening.png
2026-01-09 16:42:30,703 - main - INFO - Move pan: -35
2026-01-09 16:42:33,261 - main - INFO - Set icon: black.png
2026-01-09 16:42:33,762 - main - INFO - Set icon: listening.png
2026-01-09 16:42:34,918 - main - INFO - Move pan: 35
2026-01-09 16:42:36,727 - main - INFO - Move pan: 35
2026-01-09 16:42:38,093 - main - INFO - Move tilt: -3
2026-01-09 16:42:39,094 - main - INFO - Set icon: black.png
2026-01-09 16:42:39,595 - main - INFO - Set icon: listening.png
2026-01-09 16:42:40,483 - main - INFO - Move pan: 35
2026-01-09 16:42:41,818 - main - INFO - Set icon: black.png
2026-01-09 16:42:42,806 - main - INFO - Move pan: 35
2026-01-09 16:42:44,179 - main - INFO - Set icon: listening.png
2026-01-09 16:42:45,103 - main - INFO - Move pan: 35
2026-01-09 16:42:46,525 - main - INFO - Set icon: black.png
2026-01-09 16:42:47,026 - main - INFO - Set icon: listening.png
2026-01-09 16:42:48,316 - main - INFO - Set icon: black.png
2026-01-09 16:42:48,817 - main - INFO - Set icon: listening.png
2026-01-09 16:42:50,142 - main - INFO - Set icon: black.png
2026-01-09 16:42:50,643 - main - INFO - Set icon: listening.png
2026-01-09 16:42:52,196 - main - INFO - Set icon: black.png
2026-01-09 16:42:53,139 - main - INFO - Set icon: listening.png
2026-01-09 16:42:54,096 - main - INFO - Move pan: -35
2026-01-09 16:42:56,388 - main - INFO - Move pan: -35
2026-01-09 16:42:58,180 - main - INFO - Move pan: 35
2026-01-09 16:42:59,551 - main - INFO - Set icon: black.png
2026-01-09 16:43:00,052 - main - INFO - Set icon: listening.png
2026-01-09 16:43:00,930 - main - INFO - Move pan: 35
2026-01-09 16:43:02,927 - main - INFO - Set icon: black.png
2026-01-09 16:43:03,429 - main - INFO - Set icon: listening.png
2026-01-09 16:43:04,287 - main - INFO - Move pan: 35
2026-01-09 16:43:06,476 - main - INFO - Set icon: black.png
2026-01-09 16:43:06,977 - main - INFO - Set icon: listening.png
2026-01-09 16:43:07,848 - main - INFO - Move pan: 35
2026-01-09 16:43:09,594 - main - INFO - Set icon: black.png
2026-01-09 16:43:11,437 - main - INFO - Set icon: listening.png
2026-01-09 16:43:12,883 - main - INFO - Move pan: 35
2026-01-09 16:43:14,355 - main - INFO - Set icon: black.png
2026-01-09 16:43:14,857 - main - INFO - Set icon: listening.png
2026-01-09 16:43:17,486 - main - INFO - Set icon: black.png
2026-01-09 16:43:21,690 - main - INFO - Set icon: listening.png
2026-01-09 16:43:23,199 - main - INFO - Move pan: 35
2026-01-09 16:43:24,985 - main - INFO - Move pan: -35
2026-01-09 16:43:27,357 - main - INFO - Set icon: black.png
2026-01-09 16:43:30,335 - main - INFO - Set icon: listening.png
2026-01-09 16:43:31,300 - main - INFO - Move pan: 35
2026-01-09 16:43:33,118 - main - INFO - Move tilt: -3
2026-01-09 16:43:34,521 - main - INFO - Move pan: 35
2026-01-09 16:43:40,389 - main - INFO - Set icon: black.png
2026-01-09 16:43:41,194 - main - INFO - Set icon: listening.png
2026-01-09 16:43:42,219 - main - INFO - Move pan: -35
2026-01-09 16:43:43,651 - main - INFO - Move tilt: -3
2026-01-09 16:43:44,652 - main - INFO - Set icon: black.png
2026-01-09 16:43:45,153 - main - INFO - Set icon: listening.png
2026-01-09 16:43:46,633 - main - INFO - Move pan: -35
2026-01-09 16:43:48,089 - main - INFO - Set icon: black.png
2026-01-09 16:43:48,590 - main - INFO - Set icon: listening.png
2026-01-09 16:43:50,334 - main - INFO - Move tilt: -3
2026-01-09 16:43:51,335 - main - INFO - Set icon: black.png
2026-01-09 16:43:51,836 - main - INFO - Set icon: listening.png
2026-01-09 16:43:53,214 - main - INFO - Move pan: -35
2026-01-09 16:43:55,868 - main - INFO - Set icon: black.png
2026-01-09 16:43:58,736 - main - INFO - Move pan: 0
2026-01-09 16:44:00,178 - main - INFO - Move tilt: -3
2026-01-09 16:44:04,513 - main - INFO - Set icon: speaking.png
2026-01-09 16:44:05,514 - main - INFO - Set icon: black.png
2026-01-09 16:44:06,015 - main - INFO - Set icon: speaking.png
2026-01-09 16:44:11,554 - main - INFO - Set icon: listening.png
2026-01-09 16:44:12,497 - main - INFO - Move pan: -35
2026-01-09 16:44:13,864 - main - INFO - Set icon: black.png
2026-01-09 16:44:14,366 - main - INFO - Set icon: speaking.png
2026-01-09 16:44:15,367 - main - INFO - Set icon: black.png
2026-01-09 16:44:17,155 - main - INFO - Move pan: 35
2026-01-09 16:44:18,539 - main - INFO - Move tilt: -3
2026-01-09 16:44:19,540 - main - INFO - Set icon: listening.png
2026-01-09 16:44:20,377 - main - INFO - Move pan: -35
2026-01-09 16:44:26,311 - main - INFO - Move pan: 35
2026-01-09 16:44:28,129 - main - INFO - Move tilt: -3
2026-01-09 16:44:29,130 - main - INFO - Set icon: black.png
2026-01-09 16:44:29,632 - main - INFO - Set icon: listening.png
2026-01-09 16:44:30,694 - main - INFO - Move pan: -35
2026-01-09 16:44:32,130 - main - INFO - Set icon: speaking.png
2026-01-09 16:44:33,132 - main - INFO - Set icon: listening.png
2026-01-09 16:44:34,245 - main - INFO - Move pan: -35
2026-01-09 16:44:35,710 - main - INFO - Move tilt: -3
2026-01-09 16:44:36,712 - main - INFO - Set icon: black.png
2026-01-09 16:44:37,213 - main - INFO - Set icon: speaking.png
2026-01-09 16:44:38,214 - main - INFO - Set icon: black.png
2026-01-09 16:44:38,715 - main - INFO - Set image: wink-2.gif
2026-01-09 16:44:41,650 - main - INFO - Move pan: -35
2026-01-09 16:44:44,129 - main - INFO - Set icon: listening.png
2026-01-09 16:44:47,146 - main - INFO - Set icon: black.png
2026-01-09 16:44:50,966 - main - INFO - Set icon: listening.png
2026-01-09 16:44:51,946 - main - INFO - Move pan: -35
2026-01-09 16:44:59,026 - main - INFO - Toggle behaviour
2026-01-09 16:45:01,060 - main - INFO - Toggle behaviour
2026-01-09 16:45:01,561 - main - INFO - Set icon: black.png
2026-01-09 16:45:02,062 - main - INFO - Set icon: listening.png
2026-01-09 16:45:02,882 - main - INFO - Move pan: -35
2026-01-09 16:45:05,202 - main - INFO - Move pan: 35
2026-01-09 16:45:07,079 - main - INFO - Move pan: -35
2026-01-09 16:45:08,460 - main - INFO - Set icon: black.png
2026-01-09 16:45:08,961 - main - INFO - Set icon: listening.png
2026-01-09 16:45:09,833 - main - INFO - Move pan: -35
2026-01-09 16:45:11,490 - main - INFO - Move tilt: -3
2026-01-09 16:45:12,870 - main - INFO - Move pan: 35
2026-01-09 16:45:14,696 - main - INFO - Set icon: black.png
2026-01-09 16:45:15,197 - main - INFO - Set image: star.png
2026-01-09 16:45:19,132 - main - INFO - Move pan: 0
2026-01-09 16:45:20,570 - main - INFO - Set image: blink.gif
2026-01-09 16:45:21,071 - main - INFO - Set icon: speaking.png
2026-01-09 16:45:27,155 - main - INFO - Set icon: black.png
2026-01-09 16:45:28,964 - main - INFO - Set icon: speaking.png
2026-01-09 16:45:32,182 - main - INFO - Set icon: black.png
2026-01-09 16:45:33,387 - main - INFO - Set icon: listening.png
2026-01-09 16:45:34,676 - main - INFO - Move pan: 35
2026-01-09 16:45:36,002 - main - INFO - Set icon: black.png
2026-01-09 16:45:36,504 - main - INFO - Set icon: listening.png
2026-01-09 16:45:37,946 - main - INFO - Move pan: 35
2026-01-09 16:45:39,272 - main - INFO - Set icon: speaking.png
2026-01-09 16:45:40,274 - main - INFO - Set icon: black.png
2026-01-09 16:45:42,645 - main - INFO - Move pan: -35
2026-01-09 16:45:44,414 - main - INFO - Set icon: listening.png
2026-01-09 16:45:45,366 - main - INFO - Move pan: -35
2026-01-09 16:45:48,029 - main - INFO - Set icon: black.png
2026-01-09 16:45:48,530 - main - INFO - Set icon: listening.png
2026-01-09 16:45:49,771 - main - INFO - Set icon: black.png
2026-01-09 16:45:52,287 - main - INFO - Set icon: listening.png
2026-01-09 16:45:53,165 - main - INFO - Move pan: -35
2026-01-09 16:45:55,704 - main - INFO - Set icon: black.png
2026-01-09 16:45:57,170 - main - INFO - Move pan: 35
2026-01-09 16:46:00,128 - main - INFO - Set icon: listening.png
2026-01-09 16:46:01,374 - main - INFO - Move pan: -35
2026-01-09 16:46:02,776 - main - INFO - Move tilt: -3
2026-01-09 16:46:03,777 - main - INFO - Set icon: black.png
2026-01-09 16:46:04,719 - main - INFO - Move pan: 35
2026-01-09 16:46:06,074 - main - INFO - Set icon: listening.png
2026-01-09 16:46:06,889 - main - INFO - Move pan: 35
2026-01-09 16:46:08,699 - main - INFO - Move pan: 35
2026-01-09 16:46:10,083 - main - INFO - Set icon: speaking.png
2026-01-09 16:46:11,084 - main - INFO - Set icon: black.png
2026-01-09 16:46:11,585 - main - INFO - Set icon: listening.png
2026-01-09 16:46:12,778 - main - INFO - Move tilt: -3
2026-01-09 16:46:14,833 - main - INFO - Move pan: 35
2026-01-09 16:46:16,329 - main - INFO - Set icon: black.png
2026-01-09 16:46:17,016 - main - INFO - Set icon: listening.png
2026-01-09 16:46:18,611 - main - INFO - Set icon: speaking.png
2026-01-09 16:46:19,613 - main - INFO - Set icon: black.png
2026-01-09 16:46:20,113 - main - INFO - Set icon: listening.png
2026-01-09 16:46:23,847 - main - INFO - Set icon: black.png
2026-01-09 16:46:25,057 - main - INFO - Set icon: listening.png
2026-01-09 16:46:25,945 - main - INFO - Move pan: 35
2026-01-09 16:46:27,340 - main - INFO - Set icon: black.png
2026-01-09 16:46:31,087 - main - INFO - Set icon: listening.png
2026-01-09 16:46:32,356 - main - INFO - Move tilt: -3
2026-01-09 16:46:33,357 - main - INFO - Set icon: black.png
2026-01-09 16:46:34,520 - main - INFO - Set icon: listening.png
2026-01-09 16:46:35,494 - main - INFO - Move pan: -35
2026-01-09 16:46:36,893 - main - INFO - Set icon: black.png
2026-01-09 16:46:41,356 - main - INFO - Set icon: listening.png
2026-01-09 16:46:42,234 - main - INFO - Move pan: 35
2026-01-09 16:46:43,686 - main - INFO - Set icon: black.png
2026-01-09 16:46:45,163 - main - INFO - Move pan: -35
2026-01-09 16:46:46,537 - main - INFO - Set icon: listening.png
2026-01-09 16:46:47,658 - main - INFO - Move pan: 35
2026-01-09 16:46:49,004 - main - INFO - Move tilt: -3
2026-01-09 16:46:50,005 - main - INFO - Set icon: black.png
2026-01-09 16:46:50,506 - main - INFO - Set icon: listening.png
2026-01-09 16:46:52,033 - main - INFO - Set icon: black.png
2026-01-09 16:46:53,036 - main - INFO - Move pan: 35
2026-01-09 16:46:54,957 - main - INFO - Set icon: listening.png
2026-01-09 16:46:57,232 - main - INFO - Move tilt: -3
2026-01-09 16:46:58,233 - main - INFO - Set icon: black.png
2026-01-09 16:46:58,734 - main - INFO - Set icon: listening.png
2026-01-09 16:46:59,656 - main - INFO - Move pan: 35
2026-01-09 16:47:02,448 - main - INFO - Set icon: black.png
2026-01-09 16:47:02,950 - main - INFO - Set icon: listening.png
2026-01-09 16:47:04,808 - main - INFO - Move pan: 35
2026-01-09 16:47:10,986 - main - INFO - Toggle behaviour
2026-01-09 16:47:13,030 - main - INFO - Toggle behaviour
2026-01-09 16:47:13,532 - main - INFO - Set icon: black.png
2026-01-09 16:47:14,033 - main - INFO - Set icon: listening.png
2026-01-09 16:47:15,140 - main - INFO - Move pan: 35
2026-01-09 16:47:16,495 - main - INFO - Move tilt: -3
2026-01-09 16:47:18,994 - main - INFO - Move tilt: -3
2026-01-09 16:47:20,764 - main - INFO - Set icon: black.png
2026-01-09 16:47:21,265 - main - INFO - Set icon: listening.png
2026-01-09 16:47:22,218 - main - INFO - Move pan: 35
2026-01-09 16:47:24,019 - main - INFO - Move pan: 35
2026-01-09 16:47:25,458 - main - INFO - Set icon: black.png
2026-01-09 16:47:25,960 - main - INFO - Set icon: listening.png
2026-01-09 16:47:26,771 - main - INFO - Move pan: -35
2026-01-09 16:47:28,424 - main - INFO - Set icon: black.png
2026-01-09 16:47:28,925 - main - INFO - Set icon: listening.png
2026-01-09 16:47:29,776 - main - INFO - Move tilt: -3
2026-01-09 16:47:30,777 - main - INFO - Set icon: speaking.png
2026-01-09 16:47:31,779 - main - INFO - Set icon: listening.png
2026-01-09 16:47:32,626 - main - INFO - Move pan: 35
2026-01-09 16:47:34,019 - main - INFO - Set icon: black.png
2026-01-09 16:47:35,288 - main - INFO - Move pan: 35
2026-01-09 16:47:37,548 - main - INFO - Set icon: listening.png
2026-01-09 16:47:38,551 - main - INFO - Move pan: 35
2026-01-09 16:47:39,977 - main - INFO - Set icon: black.png
2026-01-09 16:47:40,478 - main - INFO - Set icon: listening.png
2026-01-09 16:47:42,421 - main - INFO - Move tilt: -3
2026-01-09 16:47:43,422 - main - INFO - Set icon: black.png
2026-01-09 16:47:43,924 - main - INFO - Set icon: listening.png
2026-01-09 16:47:48,730 - main - INFO - Move pan: 35
2026-01-09 16:47:50,136 - main - INFO - Set icon: black.png
2026-01-09 16:47:51,226 - main - INFO - Move pan: -35
2026-01-09 16:47:52,614 - main - INFO - Set icon: listening.png
2026-01-09 16:47:53,535 - main - INFO - Move pan: -35
2026-01-09 16:47:55,237 - main - INFO - Set icon: black.png
2026-01-09 16:47:55,738 - main - INFO - Set icon: listening.png
2026-01-09 16:47:56,974 - main - INFO - Move tilt: -3
2026-01-09 16:47:57,975 - main - INFO - Set icon: black.png
2026-01-09 16:47:58,890 - main - INFO - Move pan: 35
2026-01-09 16:48:00,309 - main - INFO - Set icon: listening.png
2026-01-09 16:48:01,527 - main - INFO - Move pan: -35
2026-01-09 16:48:03,375 - main - INFO - Move pan: 35
2026-01-09 16:48:05,921 - main - INFO - Move pan: 35
2026-01-09 16:48:07,365 - main - INFO - Set icon: black.png
2026-01-09 16:48:07,866 - main - INFO - Set icon: listening.png
2026-01-09 16:48:08,793 - main - INFO - Move pan: 35
2026-01-09 16:48:10,148 - main - INFO - Set icon: black.png
2026-01-09 16:48:10,650 - main - INFO - Set icon: listening.png
2026-01-09 16:48:12,587 - main - INFO - Set image: love.png
2026-01-09 16:48:13,088 - main - INFO - Set icon: black.png
2026-01-09 16:48:13,589 - main - INFO - Set icon: listening.png
2026-01-09 16:48:14,623 - main - INFO - Move pan: 35
2026-01-09 16:48:16,128 - main - INFO - Set icon: black.png
2026-01-09 16:48:17,466 - main - INFO - Move pan: 0
2026-01-09 16:48:18,927 - main - INFO - Move tilt: -3
2026-01-09 16:48:19,928 - main - INFO - Set image: blink.gif
2026-01-09 16:48:20,430 - main - INFO - Set icon: listening.png
2026-01-09 16:48:21,260 - main - INFO - Move pan: 35
2026-01-09 16:48:22,810 - main - INFO - Set icon: black.png
2026-01-09 16:48:23,312 - main - INFO - Set icon: listening.png
2026-01-09 16:48:25,051 - main - INFO - Move pan: 0
2026-01-09 16:48:26,811 - main - INFO - Set icon: black.png
2026-01-09 16:48:27,313 - main - INFO - Set icon: listening.png
2026-01-09 16:48:28,206 - main - INFO - Move pan: 35
2026-01-09 16:48:29,611 - main - INFO - Move tilt: -3
2026-01-09 16:48:31,025 - main - INFO - Move pan: -35
2026-01-09 16:48:32,780 - main - INFO - Move pan: 35
2026-01-09 16:48:34,099 - main - INFO - Move tilt: -3
2026-01-09 16:48:35,466 - main - INFO - Move pan: -35
2026-01-09 16:48:37,579 - main - INFO - Move pan: -35
2026-01-09 16:48:41,439 - main - INFO - Toggle behaviour
2026-01-09 16:48:43,478 - main - INFO - Toggle behaviour
2026-01-09 16:48:43,979 - main - INFO - Set icon: black.png
2026-01-09 16:48:44,480 - main - INFO - Set icon: listening.png
2026-01-09 16:48:45,407 - main - INFO - Move pan: -35
2026-01-09 16:48:50,657 - main - INFO - Set icon: black.png
2026-01-09 16:48:52,065 - main - INFO - Set icon: listening.png
2026-01-09 16:48:53,991 - main - INFO - Move tilt: -3
2026-01-09 16:48:55,080 - main - INFO - Set icon: black.png
2026-01-09 16:48:56,086 - main - INFO - Set icon: listening.png
2026-01-09 16:48:57,840 - main - INFO - Set icon: black.png
2026-01-09 16:48:59,905 - main - INFO - Set icon: listening.png
2026-01-09 16:49:00,877 - main - INFO - Move pan: -35
2026-01-09 16:49:02,316 - main - INFO - Move pan: -35
2026-01-09 16:49:04,145 - main - INFO - Move tilt: -3
2026-01-09 16:49:05,147 - main - INFO - Set icon: black.png
2026-01-09 16:49:05,648 - main - INFO - Set icon: listening.png
2026-01-09 16:49:07,668 - main - INFO - Set icon: black.png
2026-01-09 16:49:10,967 - main - INFO - Set icon: listening.png
2026-01-09 16:49:11,912 - main - INFO - Move pan: -35
2026-01-09 16:49:14,808 - main - INFO - Move tilt: -3
2026-01-09 16:49:15,992 - main - INFO - Set icon: black.png
2026-01-09 16:49:16,596 - main - INFO - Set icon: listening.png
2026-01-09 16:49:17,710 - main - INFO - Move pan: -35
2026-01-09 16:49:19,101 - main - INFO - Set icon: black.png
2026-01-09 16:49:19,602 - main - INFO - Set icon: listening.png
2026-01-09 16:49:21,238 - main - INFO - Set icon: black.png
2026-01-09 16:49:21,739 - main - INFO - Set icon: listening.png
2026-01-09 16:49:22,772 - main - INFO - Move pan: -35
2026-01-09 16:49:24,682 - main - INFO - Move pan: 35
2026-01-09 16:49:26,079 - main - INFO - Move tilt: -3
2026-01-09 16:49:27,426 - main - INFO - Move pan: -35
2026-01-09 16:49:29,195 - main - INFO - Move pan: 35
2026-01-09 16:49:30,802 - main - INFO - Set icon: black.png
2026-01-09 16:49:31,303 - main - INFO - Set icon: listening.png
2026-01-09 16:49:39,918 - main - INFO - Set icon: black.png
2026-01-09 16:49:43,938 - main - INFO - Set icon: listening.png
2026-01-09 16:49:44,787 - main - INFO - Move pan: 35
2026-01-09 16:49:46,221 - main - INFO - Set icon: black.png
2026-01-09 16:49:46,721 - main - INFO - Set icon: listening.png
2026-01-09 16:49:52,421 - main - INFO - Toggle behaviour
2026-01-09 16:49:54,449 - main - INFO - Toggle behaviour
2026-01-09 16:49:58,834 - main - INFO - Move pan: -35
2026-01-09 16:50:00,170 - main - INFO - Move tilt: -3
2026-01-09 16:50:02,062 - main - INFO - Move pan: 35
2026-01-09 16:50:04,369 - main - INFO - Set icon: black.png
2026-01-09 16:50:05,852 - main - INFO - Set icon: listening.png
2026-01-09 16:50:06,672 - main - INFO - Move pan: -35
2026-01-09 16:50:08,582 - main - INFO - Move pan: -35
2026-01-09 16:50:09,966 - main - INFO - Move tilt: -3
2026-01-09 16:50:11,781 - main - INFO - Move tilt: -3
2026-01-09 16:50:12,783 - main - INFO - Set icon: black.png
2026-01-09 16:50:14,053 - main - INFO - Set icon: listening.png
2026-01-09 16:50:16,484 - main - INFO - Move pan: -35
2026-01-09 16:50:18,319 - main - INFO - Set image: effort.png
2026-01-09 16:50:18,822 - main - INFO - Set icon: black.png
2026-01-09 16:50:21,335 - main - INFO - Move pan: 0
2026-01-09 16:50:22,683 - main - INFO - Set image: blink.gif
2026-01-09 16:50:23,643 - main - INFO - Move pan: 35
2026-01-09 16:50:25,098 - main - INFO - Move tilt: -3
2026-01-09 16:50:26,853 - main - INFO - Move pan: 35
2026-01-09 16:50:28,244 - main - INFO - Set icon: listening.png
2026-01-09 16:50:29,973 - main - INFO - Set icon: black.png
2026-01-09 16:50:30,474 - main - INFO - Set icon: listening.png
2026-01-09 16:50:31,390 - main - INFO - Move pan: 35
2026-01-09 16:50:33,290 - main - INFO - Set icon: black.png
2026-01-09 16:50:35,407 - main - INFO - Set icon: listening.png
2026-01-09 16:50:36,861 - main - INFO - Move pan: 35
2026-01-09 16:50:38,777 - main - INFO - Move pan: 35
2026-01-09 16:50:40,303 - main - INFO - Set icon: black.png
2026-01-09 16:50:40,804 - main - INFO - Set icon: listening.png
2026-01-09 16:50:43,473 - main - INFO - Set icon: black.png
2026-01-09 16:50:44,333 - main - INFO - Set icon: listening.png
2026-01-09 16:50:45,233 - main - INFO - Move pan: -35
2026-01-09 16:50:46,778 - main - INFO - Move tilt: -3
2026-01-09 16:50:48,183 - main - INFO - Move pan: -35
2026-01-09 16:50:49,996 - main - INFO - Set icon: black.png
2026-01-09 16:50:53,301 - main - INFO - Set icon: listening.png
2026-01-09 16:50:56,696 - main - INFO - Move tilt: -3
2026-01-09 16:50:57,697 - main - INFO - Set icon: black.png
2026-01-09 16:51:01,744 - main - INFO - Set icon: listening.png
2026-01-09 16:51:03,049 - main - INFO - Move pan: -35
2026-01-09 16:51:04,527 - main - INFO - Set icon: black.png
2026-01-09 16:51:06,369 - main - INFO - Set icon: listening.png
2026-01-09 16:51:07,282 - main - INFO - Move pan: -35
2026-01-09 16:51:08,786 - main - INFO - Move tilt: -3
2026-01-09 16:51:10,727 - main - INFO - Move tilt: -3
2026-01-09 16:51:11,729 - main - INFO - Set icon: black.png
2026-01-09 16:51:12,230 - main - INFO - Set icon: listening.png
2026-01-09 16:51:14,294 - main - INFO - Set icon: black.png
2026-01-09 16:51:14,795 - main - INFO - Set icon: listening.png
2026-01-09 16:51:19,237 - main - INFO - Set icon: black.png
2026-01-09 16:51:20,443 - main - INFO - Set icon: listening.png
2026-01-09 16:51:21,331 - main - INFO - Move pan: -35
2026-01-09 16:51:22,702 - main - INFO - Move pan: -35
2026-01-09 16:51:26,272 - main - INFO - Set icon: black.png
2026-01-09 16:51:26,774 - main - INFO - Set icon: listening.png
2026-01-09 16:51:28,687 - main - INFO - Set icon: black.png
2026-01-09 16:51:29,893 - main - INFO - Set icon: listening.png
2026-01-09 16:51:30,802 - main - INFO - Move pan: -35
2026-01-09 16:51:36,955 - main - INFO - Toggle behaviour
2026-01-09 16:51:38,988 - main - INFO - Toggle behaviour
2026-01-09 16:51:40,388 - main - INFO - Move pan: -35
2026-01-09 16:51:41,889 - main - INFO - Move tilt: -3
2026-01-09 16:51:44,767 - main - INFO - Set icon: black.png
2026-01-09 16:51:45,370 - main - INFO - Set icon: listening.png
2026-01-09 16:51:46,392 - main - INFO - Move pan: -35
2026-01-09 16:51:52,447 - main - INFO - Toggle behaviour
2026-01-09 16:51:57,802 - main - INFO - Move pan: 35
2026-01-09 16:51:59,169 - main - INFO - Set icon: black.png
2026-01-09 16:52:00,493 - main - INFO - Move pan: 35
2026-01-09 16:52:01,884 - main - INFO - Set icon: listening.png
2026-01-09 16:52:03,745 - main - INFO - Set icon: black.png
2026-01-09 16:52:04,247 - main - INFO - Set icon: listening.png
2026-01-09 16:52:05,571 - main - INFO - Set icon: black.png
2026-01-09 16:52:06,076 - main - INFO - Set icon: listening.png
2026-01-09 16:52:08,287 - main - INFO - Set icon: black.png
2026-01-09 16:52:09,493 - main - INFO - Set icon: speaking.png
2026-01-09 16:52:10,495 - main - INFO - Set icon: black.png
2026-01-09 16:52:13,918 - main - INFO - Set icon: listening.png
2026-01-09 16:52:14,769 - main - INFO - Move pan: -35
2026-01-09 16:52:16,135 - main - INFO - Set icon: speaking.png
2026-01-09 16:52:17,136 - main - INFO - Set icon: listening.png
2026-01-09 16:52:18,055 - main - INFO - Move pan: 35
2026-01-09 16:52:19,430 - main - INFO - Set icon: black.png
2026-01-09 16:52:19,931 - main - INFO - Set icon: speaking.png
2026-01-09 16:52:20,931 - main - INFO - Set icon: black.png
2026-01-09 16:52:22,289 - main - INFO - Set icon: listening.png
2026-01-09 16:52:23,440 - main - INFO - Move pan: -35
2026-01-09 16:52:24,777 - main - INFO - Set icon: black.png
2026-01-09 16:52:30,404 - main - INFO - Set icon: listening.png
2026-01-09 16:52:31,812 - main - INFO - Set icon: black.png
2026-01-09 16:52:33,824 - main - INFO - Set icon: listening.png
2026-01-09 16:52:35,113 - main - INFO - Set icon: black.png
2026-01-09 16:52:36,036 - main - INFO - Set icon: listening.png
2026-01-09 16:52:40,056 - main - INFO - Set icon: black.png
2026-01-09 16:52:40,861 - main - INFO - Set icon: listening.png
2026-01-09 16:52:45,083 - main - INFO - Set icon: black.png
2026-01-09 16:52:45,887 - main - INFO - Set icon: listening.png
2026-01-09 16:52:52,958 - main - INFO - Toggle behaviour
2026-01-09 16:53:00,176 - main - INFO - Move pan: -35
2026-01-09 16:53:01,631 - main - INFO - Move tilt: -3
2026-01-09 16:53:02,633 - main - INFO - Set icon: black.png
2026-01-09 16:53:03,134 - main - INFO - Set icon: listening.png
2026-01-09 16:53:04,267 - main - INFO - Move pan: -35
2026-01-09 16:53:05,687 - main - INFO - Set icon: black.png
2026-01-09 16:53:06,188 - main - INFO - Set icon: listening.png
2026-01-09 16:53:07,876 - main - INFO - Set icon: black.png
2026-01-09 16:53:08,377 - main - INFO - Set icon: listening.png
2026-01-09 16:53:09,574 - main - INFO - Set icon: black.png
2026-01-09 16:53:11,849 - main - INFO - Set icon: listening.png
2026-01-09 16:53:15,249 - main - INFO - Move pan: -35
2026-01-09 16:53:16,782 - main - INFO - Move tilt: -3
2026-01-09 16:53:17,783 - main - INFO - Set icon: black.png
2026-01-09 16:53:18,284 - main - INFO - Set icon: listening.png
2026-01-09 16:53:21,298 - main - INFO - Set icon: black.png
2026-01-09 16:53:22,103 - main - INFO - Set icon: listening.png
2026-01-09 16:53:24,933 - main - INFO - Move pan: -35
2026-01-09 16:53:31,754 - main - INFO - Set icon: black.png
2026-01-09 16:53:34,166 - main - INFO - Set icon: listening.png
2026-01-09 16:53:35,033 - main - INFO - Move pan: -35
2026-01-09 16:53:36,779 - main - INFO - Set icon: black.png
2026-01-09 16:53:37,281 - main - INFO - Set icon: listening.png
2026-01-09 16:53:39,348 - main - INFO - Move pan: -35
2026-01-09 16:53:43,213 - main - INFO - Set icon: black.png
2026-01-09 16:53:43,714 - main - INFO - Set icon: listening.png
2026-01-09 16:53:44,614 - main - INFO - Move pan: -35
2026-01-09 16:53:46,009 - main - INFO - Set icon: black.png
2026-01-09 16:53:46,510 - main - INFO - Set icon: listening.png
2026-01-09 16:53:48,101 - main - INFO - Set icon: black.png
2026-01-09 16:53:48,602 - main - INFO - Set icon: listening.png
2026-01-09 16:53:49,463 - main - INFO - Move pan: -35
2026-01-09 16:53:51,190 - main - INFO - Set icon: black.png
2026-01-09 16:53:51,691 - main - INFO - Set icon: listening.png
2026-01-09 16:53:58,941 - main - INFO - Move pan: -35
2026-01-09 16:54:00,502 - main - INFO - Set icon: black.png
2026-01-09 16:54:01,003 - main - INFO - Set icon: listening.png
2026-01-09 16:54:03,125 - main - INFO - Set icon: black.png
2026-01-09 16:54:03,719 - main - INFO - Set icon: listening.png
2026-01-09 16:54:04,582 - main - INFO - Move pan: -35
2026-01-09 16:54:06,428 - main - INFO - Move pan: -35
2026-01-09 16:54:07,838 - main - INFO - Set icon: black.png
2026-01-09 16:54:10,556 - main - INFO - Set icon: listening.png
2026-01-09 16:54:11,441 - main - INFO - Move pan: -35
2026-01-09 16:54:12,862 - main - INFO - Move tilt: -3
2026-01-09 16:54:13,864 - main - INFO - Set icon: black.png
2026-01-09 16:54:14,365 - main - INFO - Set icon: listening.png
2026-01-09 16:54:15,214 - main - INFO - Move pan: -35
2026-01-09 16:54:17,446 - main - INFO - Move pan: 35
2026-01-09 16:54:21,099 - main - INFO - Move pan: -35
2026-01-09 16:54:22,510 - main - INFO - Set icon: black.png
2026-01-09 16:54:23,012 - main - INFO - Set icon: listening.png
2026-01-09 16:54:24,428 - main - INFO - Move pan: -35
2026-01-09 16:54:25,828 - main - INFO - Set icon: black.png
2026-01-09 16:54:28,857 - main - INFO - Set icon: listening.png
2026-01-09 16:54:31,468 - main - INFO - Move pan: 35
2026-01-09 16:54:36,102 - main - INFO - Move pan: -35
2026-01-09 16:54:38,036 - main - INFO - Toggle behaviour
2026-01-09 16:54:40,064 - main - INFO - Toggle behaviour
2026-01-09 16:54:46,362 - main - INFO - Move pan: -35
2026-01-09 16:54:48,084 - main - INFO - Move tilt: -3
2026-01-09 16:54:50,195 - main - INFO - Move tilt: -3
2026-01-09 16:54:51,774 - main - INFO - Set icon: black.png
2026-01-09 16:54:52,980 - main - INFO - Set icon: listening.png
2026-01-09 16:54:53,842 - main - INFO - Move pan: -35
2026-01-09 16:54:55,193 - main - INFO - Set icon: black.png
2026-01-09 16:54:55,796 - main - INFO - Set icon: listening.png
2026-01-09 16:54:57,427 - main - INFO - Move tilt: -3
2026-01-09 16:55:01,854 - main - INFO - Move pan: -35
2026-01-09 16:55:03,225 - main - INFO - Set icon: black.png
2026-01-09 16:55:03,727 - main - INFO - Set icon: listening.png
2026-01-09 16:55:04,816 - main - INFO - Move pan: 35
2026-01-09 16:55:07,953 - main - INFO - Move pan: 35
2026-01-09 16:55:09,480 - main - INFO - Move tilt: -3
2026-01-09 16:55:11,845 - main - INFO - Move pan: 35
2026-01-09 16:55:13,300 - main - INFO - Set icon: black.png
2026-01-09 16:55:21,331 - main - INFO - Set icon: listening.png
2026-01-09 16:55:22,216 - main - INFO - Move pan: 35
2026-01-09 16:55:23,616 - main - INFO - Move tilt: -3
2026-01-09 16:55:25,956 - main - INFO - Set icon: black.png
2026-01-09 16:55:30,178 - main - INFO - Set icon: listening.png
2026-01-09 16:55:32,042 - main - INFO - Set icon: black.png
2026-01-09 16:55:34,400 - main - INFO - Set icon: listening.png
2026-01-09 16:55:35,207 - main - INFO - Move pan: -35
2026-01-09 16:55:37,024 - main - INFO - Move pan: -35
2026-01-09 16:55:41,869 - main - INFO - Toggle behaviour
2026-01-09 16:55:43,905 - main - INFO - Toggle behaviour
2026-01-09 16:55:44,407 - main - INFO - Set icon: black.png
2026-01-09 16:55:44,908 - main - INFO - Set icon: listening.png
2026-01-09 16:55:45,796 - main - INFO - Move pan: -35
2026-01-09 16:55:47,294 - main - INFO - Move tilt: -3
2026-01-09 16:55:48,710 - main - INFO - Move pan: 35
2026-01-09 16:55:50,127 - main - INFO - Move tilt: -3
2026-01-09 16:55:52,093 - main - INFO - Move pan: 35
2026-01-09 16:55:53,540 - main - INFO - Set icon: black.png
2026-01-09 16:55:54,042 - main - INFO - Set icon: listening.png
2026-01-09 16:55:55,057 - main - INFO - Move pan: -35
2026-01-09 16:55:56,434 - main - INFO - Move pan: -35
2026-01-09 16:55:58,294 - main - INFO - Move tilt: -3
2026-01-09 16:55:59,801 - main - INFO - Move pan: 35
2026-01-09 16:56:02,065 - main - INFO - Move pan: -35
2026-01-09 16:56:03,403 - main - INFO - Set icon: black.png
2026-01-09 16:56:03,904 - main - INFO - Set icon: listening.png
2026-01-09 16:56:05,108 - main - INFO - Move pan: -35
2026-01-09 16:56:06,512 - main - INFO - Set icon: black.png
2026-01-09 16:56:07,013 - main - INFO - Set icon: listening.png
2026-01-09 16:56:08,706 - main - INFO - Set icon: black.png
2026-01-09 16:56:09,207 - main - INFO - Set icon: listening.png
2026-01-09 16:56:10,181 - main - INFO - Move pan: -35
2026-01-09 16:56:11,727 - main - INFO - Set icon: black.png
2026-01-09 16:56:12,229 - main - INFO - Set icon: listening.png
2026-01-09 16:56:13,163 - main - INFO - Move pan: -35
2026-01-09 16:56:14,983 - main - INFO - Move tilt: -3
2026-01-09 16:56:15,984 - main - INFO - Set icon: black.png
2026-01-09 16:56:16,485 - main - INFO - Set icon: listening.png
2026-01-09 16:56:17,365 - main - INFO - Move pan: -35
2026-01-09 16:56:18,786 - main - INFO - Set icon: black.png
2026-01-09 16:56:19,288 - main - INFO - Set icon: listening.png
2026-01-09 16:56:20,192 - main - INFO - Move pan: -35
2026-01-09 16:56:21,888 - main - INFO - Toggle behaviour
2026-01-09 16:56:23,909 - main - INFO - Toggle behaviour
2026-01-09 16:56:24,410 - main - INFO - Set icon: black.png
2026-01-09 16:56:24,911 - main - INFO - Set icon: listening.png
2026-01-09 16:56:25,736 - main - INFO - Move pan: 35
2026-01-09 16:56:27,575 - main - INFO - Move pan: 35
2026-01-09 16:56:28,924 - main - INFO - Set icon: black.png
2026-01-09 16:56:29,425 - main - INFO - Set icon: listening.png
2026-01-09 16:56:30,322 - main - INFO - Move pan: -35
2026-01-09 16:56:32,189 - main - INFO - Toggle behaviour
2026-01-09 16:56:38,955 - main - INFO - Toggle behaviour
2026-01-09 16:56:40,987 - main - INFO - Toggle behaviour
2026-01-09 16:56:41,490 - main - INFO - Set icon: black.png
2026-01-09 16:56:41,991 - main - INFO - Set icon: listening.png
2026-01-09 16:56:42,964 - main - INFO - Move pan: -35
2026-01-09 16:56:44,311 - main - INFO - Move tilt: -3
2026-01-09 16:56:45,313 - main - INFO - Set icon: black.png
2026-01-09 16:56:46,972 - main - INFO - Set icon: listening.png
2026-01-09 16:56:50,977 - main - INFO - Set icon: black.png
2026-01-09 16:56:51,998 - main - INFO - Set icon: listening.png
2026-01-09 16:56:54,008 - main - INFO - Set icon: black.png
2026-01-09 16:56:54,611 - main - INFO - Set icon: listening.png
2026-01-09 16:56:57,491 - main - INFO - Set icon: black.png
2026-01-09 16:56:57,992 - main - INFO - Set icon: listening.png
2026-01-09 16:57:02,290 - main - INFO - Move pan: 35
2026-01-09 16:57:04,498 - main - INFO - Toggle behaviour
2026-01-09 16:57:12,202 - main - INFO - Move pan: 35
2026-01-09 16:57:14,010 - main - INFO - Move pan: -35
2026-01-09 16:57:15,934 - main - INFO - Move pan: 35
2026-01-09 16:57:17,376 - main - INFO - Set icon: black.png
2026-01-09 16:57:17,877 - main - INFO - Set icon: listening.png
2026-01-09 16:57:19,301 - main - INFO - Move tilt: -3
2026-01-09 16:57:21,166 - main - INFO - Move tilt: -3
2026-01-09 16:57:22,186 - main - INFO - Toggle behaviour
2026-01-09 16:57:24,216 - main - INFO - Toggle behaviour
2026-01-09 16:57:25,486 - main - INFO - Move pan: -35
2026-01-09 16:57:29,454 - main - INFO - Move pan: 35
2026-01-09 16:57:31,074 - main - INFO - Move pan: 35
2026-01-09 16:57:34,418 - main - INFO - Set icon: black.png
2026-01-09 16:57:35,825 - main - INFO - Set icon: listening.png
2026-01-09 16:57:36,811 - main - INFO - Move pan: -35
2026-01-09 16:57:39,462 - main - INFO - Move tilt: -3
2026-01-09 16:57:40,464 - main - INFO - Set icon: black.png
2026-01-09 16:57:40,966 - main - INFO - Set icon: listening.png
2026-01-09 16:57:42,295 - main - INFO - Move pan: -35
2026-01-09 16:57:43,767 - main - INFO - Move pan: 35
2026-01-09 16:57:46,323 - main - INFO - Move pan: 35
2026-01-09 16:57:47,829 - main - INFO - Move tilt: -3
2026-01-09 16:57:50,307 - main - INFO - Move pan: 0
2026-01-09 16:57:52,176 - main - INFO - Set icon: black.png
2026-01-09 16:57:55,583 - main - INFO - Set icon: listening.png
2026-01-09 16:57:56,381 - main - INFO - Move pan: 35
2026-01-09 16:57:57,811 - main - INFO - Move tilt: -3
2026-01-09 16:57:58,812 - main - INFO - Set icon: black.png
2026-01-09 16:57:59,688 - main - INFO - Move pan: 35
2026-01-09 16:58:01,615 - main - INFO - Set icon: listening.png
2026-01-09 16:58:02,557 - main - INFO - Move pan: -35
2026-01-09 16:58:04,335 - main - INFO - Move pan: -35
2026-01-09 16:58:05,773 - main - INFO - Set icon: black.png
2026-01-09 16:58:06,274 - main - INFO - Set icon: listening.png
2026-01-09 16:58:07,727 - main - INFO - Move tilt: -3
2026-01-09 16:58:09,638 - main - INFO - Set icon: black.png
2026-01-09 16:58:10,520 - main - INFO - Move pan: 35
2026-01-09 16:58:12,292 - main - INFO - Set icon: listening.png
2026-01-09 16:58:13,178 - main - INFO - Move pan: 35
2026-01-09 16:58:15,763 - main - INFO - Set icon: black.png
2026-01-09 16:58:16,264 - main - INFO - Set icon: listening.png
2026-01-09 16:58:17,145 - main - INFO - Move pan: 35
2026-01-09 16:58:18,934 - main - INFO - Move tilt: -3
2026-01-09 16:58:19,936 - main - INFO - Set icon: black.png
2026-01-09 16:58:20,437 - main - INFO - Set icon: listening.png
2026-01-09 16:58:21,393 - main - INFO - Move pan: 35
2026-01-09 16:58:23,472 - main - INFO - Set icon: black.png
2026-01-09 16:58:23,973 - main - INFO - Set icon: listening.png
2026-01-09 16:58:25,629 - main - INFO - Set icon: black.png
2026-01-09 16:58:26,130 - main - INFO - Set icon: listening.png
2026-01-09 16:58:29,493 - main - INFO - Move pan: 35
2026-01-09 16:58:30,566 - main - INFO - Set icon: black.png
2026-01-09 16:58:32,175 - main - INFO - Set icon: listening.png
2026-01-09 16:58:33,056 - main - INFO - Move pan: -35
2026-01-09 16:58:35,190 - main - INFO - Set icon: black.png
2026-01-09 16:58:37,803 - main - INFO - Set icon: listening.png
2026-01-09 16:58:39,150 - main - INFO - Move pan: -35
2026-01-09 16:58:40,935 - main - INFO - Move pan: -35
2026-01-09 16:58:42,593 - main - INFO - Set icon: black.png
2026-01-09 16:58:43,094 - main - INFO - Set icon: listening.png
2026-01-09 16:58:44,065 - main - INFO - Move pan: -35
2026-01-09 16:58:46,241 - main - INFO - Move pan: 35
2026-01-09 16:58:49,377 - main - INFO - Move pan: 35
2026-01-09 16:58:50,789 - main - INFO - Move pan: -35
2026-01-09 16:58:53,079 - main - INFO - Move pan: 35
2026-01-09 16:58:55,861 - main - INFO - Move tilt: -3
2026-01-09 16:58:59,919 - main - INFO - Set icon: black.png
2026-01-09 16:59:00,420 - main - INFO - Set icon: listening.png
2026-01-09 16:59:01,334 - main - INFO - Move pan: -35
2026-01-09 16:59:02,770 - main - INFO - Move tilt: -3
2026-01-09 16:59:04,198 - main - INFO - Move pan: -35
2026-01-09 16:59:05,873 - main - INFO - Move tilt: -3
2026-01-09 16:59:07,732 - main - INFO - Move tilt: -3
2026-01-09 16:59:09,928 - main - INFO - Set icon: black.png
2026-01-09 16:59:10,430 - main - INFO - Set icon: listening.png
2026-01-09 16:59:11,738 - main - INFO - Set icon: black.png
2026-01-09 16:59:12,239 - main - INFO - Set icon: listening.png
2026-01-09 16:59:13,591 - main - INFO - Set icon: black.png
2026-01-09 16:59:14,092 - main - INFO - Set icon: listening.png
2026-01-09 16:59:15,036 - main - INFO - Move pan: -35
2026-01-09 16:59:16,419 - main - INFO - Move tilt: -3
2026-01-09 16:59:17,421 - main - INFO - Set icon: black.png
2026-01-09 16:59:17,922 - main - INFO - Set icon: listening.png
2026-01-09 16:59:21,642 - main - INFO - Set icon: black.png
2026-01-09 16:59:22,143 - main - INFO - Set icon: listening.png
2026-01-09 16:59:23,123 - main - INFO - Move pan: -35
2026-01-09 16:59:24,947 - main - INFO - Move pan: 35
2026-01-09 16:59:26,240 - main - INFO - Set icon: black.png
2026-01-09 16:59:26,742 - main - INFO - Set icon: listening.png
2026-01-09 16:59:27,719 - main - INFO - Move pan: 35
2026-01-09 16:59:29,777 - main - INFO - Set icon: black.png
2026-01-09 16:59:33,308 - main - INFO - Set icon: listening.png
2026-01-09 16:59:34,487 - main - INFO - Move tilt: -3
2026-01-09 16:59:35,720 - main - INFO - Set icon: black.png
2026-01-09 16:59:37,127 - main - INFO - Set icon: listening.png
2026-01-09 16:59:38,038 - main - INFO - Move pan: 35
2026-01-09 16:59:39,485 - main - INFO - Set icon: black.png
2026-01-09 16:59:39,986 - main - INFO - Set icon: listening.png
2026-01-09 16:59:40,949 - main - INFO - Move pan: -35
2026-01-09 16:59:43,316 - main - INFO - Move pan: -35
2026-01-09 16:59:44,709 - main - INFO - Set icon: black.png
2026-01-09 16:59:45,212 - main - INFO - Set icon: listening.png
2026-01-09 16:59:46,652 - main - INFO - Set icon: black.png
2026-01-09 16:59:47,178 - main - INFO - Set icon: listening.png
2026-01-09 16:59:48,434 - main - INFO - Move tilt: -3
2026-01-09 16:59:50,316 - main - INFO - Move tilt: -3
2026-01-09 16:59:51,317 - main - INFO - Set icon: black.png
2026-01-09 16:59:54,215 - main - INFO - Set icon: listening.png
2026-01-09 16:59:56,316 - main - INFO - Move pan: -35
2026-01-09 16:59:57,715 - main - INFO - Move tilt: -3
2026-01-09 16:59:58,716 - main - INFO - Set icon: black.png
2026-01-09 17:00:00,117 - main - INFO - Move tilt: -3
2026-01-09 17:00:02,058 - main - INFO - Set icon: listening.png
2026-01-09 17:00:03,324 - main - INFO - Set icon: black.png
2026-01-09 17:00:03,826 - main - INFO - Set icon: listening.png
2026-01-09 17:00:06,682 - main - INFO - Set icon: black.png
2026-01-09 17:00:08,492 - main - INFO - Set icon: listening.png
2026-01-09 17:00:10,154 - main - INFO - Move tilt: -3
2026-01-09 17:00:11,155 - main - INFO - Set icon: black.png
2026-01-09 17:00:11,656 - main - INFO - Set icon: listening.png
2026-01-09 17:00:13,075 - main - INFO - Move pan: -35
2026-01-09 17:00:14,483 - main - INFO - Set icon: black.png
2026-01-09 17:00:14,984 - main - INFO - Set icon: listening.png
2026-01-09 17:00:16,314 - main - INFO - Move pan: -35
2026-01-09 17:00:18,286 - main - INFO - Move pan: -35
2026-01-09 17:00:19,739 - main - INFO - Move tilt: -3
2026-01-09 17:00:21,307 - main - INFO - Move pan: -35
2026-01-09 17:00:23,103 - main - INFO - Set icon: black.png
2026-01-09 17:00:23,604 - main - INFO - Set icon: listening.png
2026-01-09 17:00:25,142 - main - INFO - Move tilt: -3
2026-01-09 17:00:26,144 - main - INFO - Set icon: black.png
2026-01-09 17:00:26,645 - main - INFO - Set icon: listening.png
2026-01-09 17:00:27,963 - main - INFO - Move tilt: -3
2026-01-09 17:00:28,964 - main - INFO - Set icon: black.png
2026-01-09 17:00:32,010 - main - INFO - Set icon: listening.png
2026-01-09 17:00:33,536 - main - INFO - Set icon: black.png
2026-01-09 17:00:34,038 - main - INFO - Set icon: listening.png
2026-01-09 17:00:36,837 - main - INFO - Set icon: black.png
2026-01-09 17:00:37,338 - main - INFO - Set icon: listening.png
2026-01-09 17:00:38,262 - main - INFO - Move pan: -35
2026-01-09 17:00:39,952 - main - INFO - Set icon: black.png
2026-01-09 17:00:40,454 - main - INFO - Set icon: listening.png
2026-01-09 17:00:41,857 - main - INFO - Set icon: black.png
2026-01-09 17:00:42,358 - main - INFO - Set icon: listening.png
2026-01-09 17:00:44,877 - main - INFO - Set icon: black.png
2026-01-09 17:00:45,883 - main - INFO - Set icon: listening.png
2026-01-09 17:00:47,922 - main - INFO - Move pan: 35
2026-01-09 17:00:50,264 - main - INFO - Move pan: 35
2026-01-09 17:00:53,939 - main - INFO - Move tilt: -3
2026-01-09 17:00:54,940 - main - INFO - Set icon: black.png
2026-01-09 17:00:55,441 - main - INFO - Set icon: listening.png
2026-01-09 17:00:56,891 - main - INFO - Move tilt: -3
2026-01-09 17:00:57,892 - main - INFO - Set icon: black.png
2026-01-09 17:00:58,393 - main - INFO - Set icon: listening.png
2026-01-09 17:01:00,299 - main - INFO - Set icon: black.png
2026-01-09 17:01:03,574 - main - INFO - Set icon: listening.png
2026-01-09 17:01:04,418 - main - INFO - Move pan: 35
2026-01-09 17:01:06,283 - main - INFO - Set icon: black.png
2026-01-09 17:01:07,324 - main - INFO - Set icon: listening.png
2026-01-09 17:01:08,204 - main - INFO - Move pan: 35
2026-01-09 17:01:10,235 - main - INFO - Move pan: -35
2026-01-09 17:01:12,071 - main - INFO - Move pan: 35
2026-01-09 17:01:13,511 - main - INFO - Set icon: black.png
2026-01-09 17:01:14,013 - main - INFO - Set icon: listening.png
2026-01-09 17:01:14,918 - main - INFO - Move pan: -35
2026-01-09 17:01:16,703 - main - INFO - Move tilt: -3
2026-01-09 17:01:19,659 - main - INFO - Set icon: black.png
2026-01-09 17:01:22,272 - main - INFO - Set icon: listening.png
2026-01-09 17:01:26,489 - main - INFO - Move pan: -35
2026-01-09 17:01:28,906 - main - INFO - Set icon: black.png
2026-01-09 17:01:31,721 - main - INFO - Set icon: listening.png
2026-01-09 17:01:33,503 - main - INFO - Move tilt: -3
2026-01-09 17:01:35,308 - main - INFO - Move pan: -35
2026-01-09 17:01:38,127 - main - INFO - Move pan: 35
2026-01-09 17:01:40,016 - main - INFO - Set icon: black.png
2026-01-09 17:01:40,518 - main - INFO - Set icon: listening.png
2026-01-09 17:01:41,462 - main - INFO - Move pan: 35
2026-01-09 17:01:44,589 - main - INFO - Set icon: black.png
2026-01-09 17:01:46,799 - main - INFO - Set icon: listening.png
2026-01-09 17:01:47,714 - main - INFO - Move pan: -35
2026-01-09 17:01:49,977 - main - INFO - Move pan: 35
2026-01-09 17:01:51,428 - main - INFO - Set icon: black.png
2026-01-09 17:01:52,274 - main - INFO - Move pan: 35
2026-01-09 17:01:54,842 - main - INFO - Set icon: listening.png
2026-01-09 17:01:56,171 - main - INFO - Set icon: black.png
2026-01-09 17:01:59,867 - main - INFO - Set icon: listening.png
2026-01-09 17:02:00,683 - main - INFO - Move pan: 35
2026-01-09 17:02:02,112 - main - INFO - Set icon: black.png
2026-01-09 17:02:02,614 - main - INFO - Set icon: listening.png
2026-01-09 17:02:03,945 - main - INFO - Set icon: black.png
2026-01-09 17:02:05,094 - main - INFO - Set icon: listening.png
2026-01-09 17:02:05,933 - main - INFO - Move pan: 35
2026-01-09 17:02:07,731 - main - INFO - Move pan: -35
2026-01-09 17:02:09,262 - main - INFO - Set icon: black.png
2026-01-09 17:02:10,322 - main - INFO - Set icon: listening.png
2026-01-09 17:02:11,235 - main - INFO - Move pan: -35
2026-01-09 17:02:13,579 - main - INFO - Move pan: 35
2026-01-09 17:02:15,805 - main - INFO - Move pan: 35
2026-01-09 17:02:17,166 - main - INFO - Move tilt: -3
2026-01-09 17:02:18,167 - main - INFO - Set icon: black.png
2026-01-09 17:02:20,780 - main - INFO - Set icon: listening.png
2026-01-09 17:02:21,865 - main - INFO - Move pan: 35
2026-01-09 17:02:23,631 - main - INFO - Set icon: speaking.png
2026-01-09 17:02:24,632 - main - INFO - Set icon: listening.png
2026-01-09 17:02:25,950 - main - INFO - Set icon: black.png
2026-01-09 17:02:26,452 - main - INFO - Set icon: listening.png
2026-01-09 17:02:27,317 - main - INFO - Move pan: 35
2026-01-09 17:02:28,689 - main - INFO - Move tilt: -3
2026-01-09 17:02:29,690 - main - INFO - Set icon: black.png
2026-01-09 17:02:30,192 - main - INFO - Set icon: listening.png
2026-01-09 17:02:32,186 - main - INFO - Set icon: black.png
2026-01-09 17:02:32,688 - main - INFO - Set icon: listening.png
2026-01-09 17:02:33,816 - main - INFO - Move pan: 35
2026-01-09 17:02:36,864 - main - INFO - Set icon: black.png
2026-01-09 17:02:38,071 - main - INFO - Set icon: listening.png
2026-01-09 17:02:40,310 - main - INFO - Move tilt: -3
2026-01-09 17:02:41,312 - main - INFO - Set icon: black.png
2026-01-09 17:02:41,890 - main - INFO - Set icon: listening.png
2026-01-09 17:02:42,772 - main - INFO - Move pan: 35
2026-01-09 17:02:44,161 - main - INFO - Set icon: black.png
2026-01-09 17:02:46,312 - main - INFO - Set icon: listening.png
2026-01-09 17:02:48,162 - main - INFO - Set icon: black.png
2026-01-09 17:02:55,342 - main - INFO - Move pan: 35
2026-01-09 17:02:57,104 - main - INFO - Move tilt: -3
2026-01-09 17:02:58,105 - main - INFO - Set icon: listening.png
2026-01-09 17:02:58,912 - main - INFO - Move pan: 35
2026-01-09 17:03:00,842 - main - INFO - Move pan: 35
2026-01-09 17:03:02,680 - main - INFO - Move pan: -35
2026-01-09 17:03:04,034 - main - INFO - Set icon: speaking.png
2026-01-09 17:03:05,037 - main - INFO - Set icon: black.png
2026-01-09 17:03:05,538 - main - INFO - Set icon: speaking.png
2026-01-09 17:03:06,539 - main - INFO - Set icon: black.png
2026-01-09 17:03:07,540 - main - INFO - Move pan: 35
2026-01-09 17:03:09,021 - main - INFO - Move tilt: -3
2026-01-09 17:03:10,588 - main - INFO - Move pan: 35
2026-01-09 17:03:13,282 - main - INFO - Set icon: listening.png
2026-01-09 17:03:14,221 - main - INFO - Move pan: -35
2026-01-09 17:03:17,551 - main - INFO - Move pan: -35
2026-01-09 17:03:19,084 - main - INFO - Move tilt: -3
2026-01-09 17:03:20,087 - main - INFO - Set icon: black.png
2026-01-09 17:03:20,690 - main - INFO - Set icon: listening.png
2026-01-09 17:03:22,141 - main - INFO - Set icon: black.png
2026-01-09 17:03:24,106 - main - INFO - Set icon: listening.png
2026-01-09 17:03:25,003 - main - INFO - Move pan: -35
2026-01-09 17:03:26,341 - main - INFO - Set icon: black.png
2026-01-09 17:03:27,524 - main - INFO - Set icon: listening.png
2026-01-09 17:03:28,770 - main - INFO - Set icon: black.png
2026-01-09 17:03:29,937 - main - INFO - Set icon: listening.png
2026-01-09 17:03:30,863 - main - INFO - Move pan: -35
2026-01-09 17:03:36,997 - main - INFO - Toggle behaviour
2026-01-09 17:03:39,020 - main - INFO - Toggle behaviour
2026-01-09 17:03:39,521 - main - INFO - Set icon: black.png
2026-01-09 17:03:40,023 - main - INFO - Set icon: listening.png
2026-01-09 17:03:40,910 - main - INFO - Move pan: -35
2026-01-09 17:03:42,320 - main - INFO - Set icon: black.png
2026-01-09 17:03:42,822 - main - INFO - Set icon: listening.png
2026-01-09 17:03:44,582 - main - INFO - Set icon: black.png
2026-01-09 17:03:45,083 - main - INFO - Set icon: listening.png
2026-01-09 17:03:45,858 - main - INFO - Move pan: -35
2026-01-09 17:03:57,685 - main - INFO - Set icon: black.png
2026-01-09 17:03:58,483 - main - INFO - Set icon: listening.png
2026-01-09 17:03:59,445 - main - INFO - Move pan: -35
2026-01-09 17:04:01,044 - main - INFO - Set icon: black.png
2026-01-09 17:04:01,545 - main - INFO - Set icon: listening.png
2026-01-09 17:04:02,812 - main - INFO - Set icon: black.png
2026-01-09 17:04:04,916 - main - INFO - Set icon: listening.png
2026-01-09 17:04:05,823 - main - INFO - Move pan: -35
2026-01-09 17:04:08,460 - main - INFO - Set icon: black.png
2026-01-09 17:04:09,339 - main - INFO - Set icon: listening.png
2026-01-09 17:04:12,554 - main - INFO - Set icon: black.png
2026-01-09 17:04:14,365 - main - INFO - Set icon: listening.png
2026-01-09 17:04:15,349 - main - INFO - Move pan: -35
2026-01-09 17:04:16,920 - main - INFO - Set icon: black.png
2026-01-09 17:04:20,932 - main - INFO - Move pan: -35
2026-01-09 17:04:22,331 - main - INFO - Set icon: listening.png
2026-01-09 17:04:24,015 - main - INFO - Set icon: black.png
2026-01-09 17:04:25,221 - main - INFO - Set icon: listening.png
2026-01-09 17:04:27,809 - main - INFO - Move pan: -35
2026-01-09 17:04:32,162 - main - INFO - Move pan: 35
2026-01-09 17:04:34,501 - main - INFO - Move pan: -35
2026-01-09 17:04:36,332 - main - INFO - Move pan: 35
2026-01-09 17:04:38,291 - main - INFO - Move pan: -35
2026-01-09 17:04:40,057 - main - INFO - Move pan: -35
2026-01-09 17:04:42,080 - main - INFO - Move pan: 35
2026-01-09 17:04:44,460 - main - INFO - Move pan: 35
2026-01-09 17:04:45,847 - main - INFO - Move tilt: -3
2026-01-09 17:04:47,585 - main - INFO - Move pan: -35
2026-01-09 17:04:49,321 - main - INFO - Move pan: 35
2026-01-09 17:04:51,103 - main - INFO - Move pan: -35
2026-01-09 17:04:54,278 - main - INFO - Move pan: -35
2026-01-09 17:04:55,626 - main - INFO - Set icon: black.png
2026-01-09 17:04:56,128 - main - INFO - Set icon: listening.png
2026-01-09 17:04:57,479 - main - INFO - Move pan: 35
2026-01-09 17:04:59,292 - main - INFO - Move pan: 35
2026-01-09 17:05:01,540 - main - INFO - Move pan: 35
2026-01-09 17:05:03,001 - main - INFO - Set icon: black.png
2026-01-09 17:05:03,502 - main - INFO - Set icon: listening.png
2026-01-09 17:05:04,437 - main - INFO - Move pan: 35
2026-01-09 17:05:05,912 - main - INFO - Move tilt: -3
2026-01-09 17:05:06,913 - main - INFO - Set icon: black.png
2026-01-09 17:05:11,266 - main - INFO - Set icon: listening.png
2026-01-09 17:05:12,198 - main - INFO - Move pan: 35
2026-01-09 17:05:13,621 - main - INFO - Set icon: black.png
2026-01-09 17:05:14,884 - main - INFO - Set icon: listening.png
2026-01-09 17:05:16,180 - main - INFO - Move tilt: -3
2026-01-09 17:05:17,181 - main - INFO - Set icon: black.png
2026-01-09 17:05:17,682 - main - INFO - Set icon: listening.png
2026-01-09 17:05:18,584 - main - INFO - Move pan: 35
2026-01-09 17:05:20,091 - main - INFO - Set icon: black.png
2026-01-09 17:05:21,227 - main - INFO - Move pan: 35
2026-01-09 17:05:22,670 - main - INFO - Set icon: listening.png
2026-01-09 17:05:23,860 - main - INFO - Move pan: 35
2026-01-09 17:05:25,328 - main - INFO - Set icon: black.png
2026-01-09 17:05:31,174 - main - INFO - Set icon: listening.png
2026-01-09 17:05:39,897 - main - INFO - Move tilt: -3
2026-01-09 17:05:41,607 - main - INFO - Move tilt: -3
2026-01-09 17:05:42,609 - main - INFO - Set icon: black.png
2026-01-09 17:05:47,058 - main - INFO - Set icon: listening.png
2026-01-09 17:05:48,107 - main - INFO - Move pan: 35
2026-01-09 17:05:49,834 - main - INFO - Move pan: 35
2026-01-09 17:05:51,726 - main - INFO - Move pan: 35
2026-01-09 17:05:53,098 - main - INFO - Move tilt: -3
2026-01-09 17:05:54,848 - main - INFO - Move pan: 35
2026-01-09 17:05:56,240 - main - INFO - Set icon: black.png
2026-01-09 17:05:57,916 - main - INFO - Set icon: listening.png
2026-01-09 17:05:58,857 - main - INFO - Move pan: 35
2026-01-09 17:06:01,424 - main - INFO - Move tilt: -3
2026-01-09 17:06:02,426 - main - INFO - Set icon: black.png
2026-01-09 17:06:02,927 - main - INFO - Set icon: listening.png
2026-01-09 17:06:03,868 - main - INFO - Move pan: 35
2026-01-09 17:06:05,285 - main - INFO - Set icon: black.png
2026-01-09 17:06:05,787 - main - INFO - Set icon: listening.png
2026-01-09 17:06:07,118 - main - INFO - Set icon: black.png
2026-01-09 17:06:07,620 - main - INFO - Set image: star.png
2026-01-09 17:06:08,120 - main - INFO - Set icon: listening.png
2026-01-09 17:06:09,096 - main - INFO - Move pan: 35
2026-01-09 17:06:10,897 - main - INFO - Move pan: -35
2026-01-09 17:06:12,635 - main - INFO - Move pan: -35
2026-01-09 17:06:14,517 - main - INFO - Move pan: -35
2026-01-09 17:06:18,485 - main - INFO - Move pan: 0
2026-01-09 17:06:19,880 - main - INFO - Set image: blink.gif
2026-01-09 17:06:20,381 - main - INFO - Set icon: black.png
2026-01-09 17:06:20,883 - main - INFO - Set icon: listening.png
2026-01-09 17:06:21,737 - main - INFO - Move pan: 35
2026-01-09 17:06:24,362 - main - INFO - Set icon: black.png
2026-01-09 17:06:27,674 - main - INFO - Set icon: listening.png
2026-01-09 17:06:28,608 - main - INFO - Move pan: 35
2026-01-09 17:06:30,518 - main - INFO - Set icon: black.png
2026-01-09 17:06:31,019 - main - INFO - Set icon: listening.png
2026-01-09 17:06:32,358 - main - INFO - Move tilt: -3
2026-01-09 17:06:33,359 - main - INFO - Set icon: black.png
2026-01-09 17:06:33,860 - main - INFO - Set icon: listening.png
2026-01-09 17:06:34,857 - main - INFO - Move pan: 35
2026-01-09 17:06:38,959 - main - INFO - Toggle behaviour
2026-01-09 17:06:40,986 - main - INFO - Toggle behaviour
2026-01-09 17:06:45,990 - main - INFO - Toggle behaviour
2026-01-09 17:06:53,032 - main - INFO - Toggle behaviour
2026-01-09 17:06:55,056 - main - INFO - Toggle behaviour
2026-01-09 17:07:00,093 - main - INFO - Toggle behaviour
2026-01-09 17:07:02,118 - main - INFO - Toggle behaviour
2026-01-09 17:07:07,108 - main - INFO - Toggle behaviour
2026-01-09 17:07:09,132 - main - INFO - Toggle behaviour
2026-01-09 17:07:11,093 - main - INFO - Set icon: black.png
2026-01-09 17:07:11,594 - main - INFO - Set icon: listening.png
2026-01-09 17:07:13,036 - main - INFO - Move tilt: -3
2026-01-09 17:07:14,037 - main - INFO - Set icon: black.png
2026-01-09 17:07:14,537 - main - INFO - Set icon: listening.png
2026-01-09 17:07:18,062 - main - INFO - Set icon: black.png
2026-01-09 17:07:18,563 - main - INFO - Set icon: listening.png
2026-01-09 17:07:23,155 - main - INFO - Set icon: black.png
2026-01-09 17:07:24,161 - main - INFO - Set icon: listening.png
2026-01-09 17:07:25,115 - main - INFO - Move pan: -35
2026-01-09 17:07:26,463 - main - INFO - Set icon: black.png
2026-01-09 17:07:26,964 - main - INFO - Set icon: listening.png
2026-01-09 17:07:27,849 - main - INFO - Move pan: -35
2026-01-09 17:07:29,290 - main - INFO - Set icon: black.png
2026-01-09 17:07:30,191 - main - INFO - Set icon: listening.png
2026-01-09 17:07:31,598 - main - INFO - Set icon: black.png
2026-01-09 17:07:32,099 - main - INFO - Set icon: listening.png
2026-01-09 17:07:33,861 - main - INFO - Set icon: black.png
2026-01-09 17:07:34,362 - main - INFO - Set icon: listening.png
2026-01-09 17:07:35,813 - main - INFO - Set icon: black.png
2026-01-09 17:07:44,664 - main - INFO - Set icon: speaking.png
2026-01-09 17:07:50,785 - main - INFO - Move pan: 35
2026-01-09 17:07:53,106 - main - INFO - Move pan: 35
2026-01-09 17:08:01,619 - main - INFO - Move pan: 0
2026-01-09 17:08:04,181 - main - INFO - Set icon: black.png
2026-01-09 17:08:04,682 - main - INFO - Set icon: listening.png
2026-01-09 17:08:05,555 - main - INFO - Move pan: -35
2026-01-09 17:08:07,009 - main - INFO - Set icon: black.png
2026-01-09 17:08:07,510 - main - INFO - Set icon: listening.png
2026-01-09 17:08:10,815 - main - INFO - Set icon: black.png
2026-01-09 17:08:13,027 - main - INFO - Set icon: listening.png
2026-01-09 17:08:15,157 - main - INFO - Move pan: 0
2026-01-09 17:08:16,586 - main - INFO - Set icon: black.png
2026-01-09 17:08:19,860 - main - INFO - Set icon: speaking.png
2026-01-09 17:08:20,862 - main - INFO - Set icon: black.png
2026-01-09 17:08:21,364 - main - INFO - Set icon: speaking.png
2026-01-09 17:08:27,738 - main - INFO - Set icon: black.png
2026-01-09 17:08:28,341 - main - INFO - Set icon: speaking.png
2026-01-09 17:08:36,190 - main - INFO - Set icon: black.png
2026-01-09 17:08:36,995 - main - INFO - Set icon: speaking.png
2026-01-09 17:08:38,201 - main - INFO - Set icon: listening.png
2026-01-09 17:08:39,154 - main - INFO - Move pan: -35
2026-01-09 17:08:41,016 - main - INFO - Set icon: speaking.png
2026-01-09 17:08:42,625 - main - INFO - Set icon: listening.png
2026-01-09 17:08:44,325 - main - INFO - Set icon: black.png
2026-01-09 17:08:44,826 - main - INFO - Set icon: listening.png
2026-01-09 17:08:46,255 - main - INFO - Set icon: black.png
2026-01-09 17:08:48,655 - main - INFO - Set icon: listening.png
2026-01-09 17:08:49,622 - main - INFO - Move pan: 35
2026-01-09 17:08:51,425 - main - INFO - Set icon: black.png
2026-01-09 17:08:52,289 - main - INFO - Move pan: 35
2026-01-09 17:08:53,624 - main - INFO - Set icon: listening.png
2026-01-09 17:08:55,591 - main - INFO - Move pan: -35
2026-01-09 17:08:56,900 - main - INFO - Set icon: black.png
2026-01-09 17:08:57,504 - main - INFO - Set icon: listening.png
2026-01-09 17:08:58,917 - main - INFO - Set icon: black.png
2026-01-09 17:09:01,321 - main - INFO - Move pan: 35
2026-01-09 17:09:03,149 - main - INFO - Move pan: 35
2026-01-09 17:09:05,580 - main - INFO - Set icon: listening.png
2026-01-09 17:09:06,694 - main - INFO - Set icon: black.png
2026-01-09 17:09:07,195 - main - INFO - Set icon: listening.png
2026-01-09 17:09:08,122 - main - INFO - Move pan: -35
2026-01-09 17:09:10,975 - main - INFO - Set icon: black.png
2026-01-09 17:09:12,985 - main - INFO - Set image: love.png
2026-01-09 17:09:14,192 - main - INFO - Set icon: listening.png
2026-01-09 17:09:16,853 - main - INFO - Move pan: 35
2026-01-09 17:09:18,886 - main - INFO - Move pan: 0
2026-01-09 17:09:20,294 - main - INFO - Set image: blink.gif
2026-01-09 17:09:20,795 - main - INFO - Set icon: black.png
2026-01-09 17:09:21,296 - main - INFO - Set icon: listening.png
2026-01-09 17:09:24,044 - main - INFO - Set icon: black.png
2026-01-09 17:09:25,451 - main - INFO - Set icon: listening.png
2026-01-09 17:09:26,371 - main - INFO - Move pan: -35
2026-01-09 17:09:32,508 - main - INFO - Toggle behaviour
2026-01-09 17:09:34,527 - main - INFO - Toggle behaviour
2026-01-09 17:09:35,681 - main - INFO - Move pan: 0
2026-01-09 17:09:37,866 - main - INFO - Move pan: 0
2026-01-09 17:09:39,314 - main - INFO - Set icon: black.png
2026-01-09 17:09:40,727 - main - INFO - Set icon: listening.png
2026-01-09 17:09:41,587 - main - INFO - Move pan: -35
2026-01-09 17:09:42,996 - main - INFO - Set icon: black.png
2026-01-09 17:09:43,497 - main - INFO - Set icon: listening.png
2026-01-09 17:09:47,390 - main - INFO - Move pan: 0
2026-01-09 17:09:49,456 - main - INFO - Move pan: -35
2026-01-09 17:09:51,553 - main - INFO - Move pan: -35
2026-01-09 17:09:54,037 - main - INFO - Toggle behaviour
2026-01-09 17:09:57,415 - main - INFO - Set icon: black.png
2026-01-09 17:09:59,827 - main - INFO - Set icon: listening.png
2026-01-09 17:10:01,078 - main - INFO - Move pan: 35
2026-01-09 17:10:14,490 - main - INFO - Move pan: -35
2026-01-09 17:10:15,957 - main - INFO - Move tilt: -3
2026-01-09 17:10:20,796 - main - INFO - Toggle behaviour
2026-01-09 17:10:22,828 - main - INFO - Toggle behaviour
2026-01-09 17:10:27,806 - main - INFO - Toggle behaviour
2026-01-09 17:10:29,832 - main - INFO - Toggle behaviour
2026-01-09 17:10:31,991 - main - INFO - Set icon: speaking.png
2026-01-09 17:10:32,993 - main - INFO - Set icon: listening.png
2026-01-09 17:10:34,349 - main - INFO - Move pan: -35
2026-01-09 17:10:35,754 - main - INFO - Move tilt: -3
2026-01-09 17:10:36,755 - main - INFO - Set icon: speaking.png
2026-01-09 17:10:37,756 - main - INFO - Set icon: listening.png
2026-01-09 17:10:38,595 - main - INFO - Move pan: -35
2026-01-09 17:10:39,988 - main - INFO - Move tilt: -3
2026-01-09 17:10:41,416 - main - INFO - Move pan: 35
2026-01-09 17:10:43,177 - main - INFO - Move pan: -35
2026-01-09 17:10:45,034 - main - INFO - Move pan: 35
2026-01-09 17:10:46,836 - main - INFO - Move pan: -35
2026-01-09 17:10:48,702 - main - INFO - Move pan: 35
2026-01-09 17:10:51,358 - main - INFO - Move pan: -35
2026-01-09 17:10:53,158 - main - INFO - Move pan: 35
2026-01-09 17:10:55,111 - main - INFO - Move pan: 35
2026-01-09 17:10:56,714 - main - INFO - Move pan: -35
2026-01-09 17:10:58,517 - main - INFO - Move pan: 35
2026-01-09 17:10:59,913 - main - INFO - Set icon: black.png
2026-01-09 17:11:00,414 - main - INFO - Set icon: listening.png
2026-01-09 17:11:01,484 - main - INFO - Move pan: -35
2026-01-09 17:11:03,226 - main - INFO - Move pan: -35
2026-01-09 17:11:05,175 - main - INFO - Move pan: 35
2026-01-09 17:11:08,787 - main - INFO - Set icon: black.png
2026-01-09 17:11:09,992 - main - INFO - Set icon: listening.png
2026-01-09 17:11:11,195 - main - INFO - Move pan: 35
2026-01-09 17:11:12,649 - main - INFO - Move tilt: -3
2026-01-09 17:11:13,651 - main - INFO - Set icon: black.png
2026-01-09 17:11:14,152 - main - INFO - Set icon: listening.png
2026-01-09 17:11:15,116 - main - INFO - Move pan: 35
2026-01-09 17:11:16,528 - main - INFO - Set icon: black.png
2026-01-09 17:11:17,432 - main - INFO - Set icon: listening.png
2026-01-09 17:11:18,334 - main - INFO - Move pan: -35
2026-01-09 17:11:20,244 - main - INFO - Move pan: -35
2026-01-09 17:11:21,680 - main - INFO - Set icon: black.png
2026-01-09 17:11:22,182 - main - INFO - Set icon: listening.png
2026-01-09 17:11:23,097 - main - INFO - Move pan: 35
2026-01-09 17:11:24,824 - main - INFO - Move tilt: -3
2026-01-09 17:11:25,825 - main - INFO - Set icon: black.png
2026-01-09 17:11:26,330 - main - INFO - Set icon: listening.png
2026-01-09 17:11:27,183 - main - INFO - Move pan: 35
2026-01-09 17:11:28,519 - main - INFO - Set icon: speaking.png
2026-01-09 17:11:59,490 - main - INFO - === Application Terminated ===
