2025-11-28 11:06:38,909 - main - INFO - Set icon: listening.png
2025-11-28 11:06:39,929 - main - INFO - Move pan: -35
2025-11-28 11:06:41,496 - main - INFO - Move tilt: -3
2025-11-28 11:06:43,478 - main - INFO - Move pan: -35
2025-11-28 11:06:47,838 - main - INFO - Set icon: black.png
2025-11-28 11:06:48,892 - main - INFO - Set icon: listening.png
2025-11-28 11:06:52,519 - main - INFO - Set icon: black.png
2025-11-28 11:06:53,147 - main - INFO - Set icon: listening.png
2025-11-28 11:06:56,871 - main - INFO - Set icon: black.png
2025-11-28 11:06:57,382 - main - INFO - Set icon: listening.png
2025-11-28 11:07:00,715 - main - INFO - Set icon: black.png
2025-11-28 11:07:02,666 - main - INFO - Set icon: speaking.png
2025-11-28 11:07:06,746 - main - INFO - Set icon: black.png
2025-11-28 11:07:08,013 - main - INFO - Set icon: speaking.png
2025-11-28 11:07:34,212 - main - INFO - Set icon: black.png
2025-11-28 11:07:36,739 - main - INFO - Set icon: speaking.png
2025-11-28 11:07:48,232 - main - INFO - Set icon: black.png
2025-11-28 11:07:49,752 - main - INFO - Set icon: listening.png
2025-11-28 11:07:50,841 - main - INFO - Move pan: 35
2025-11-28 11:07:52,461 - main - INFO - Set icon: black.png
2025-11-28 11:07:52,976 - main - INFO - Set icon: listening.png
2025-11-28 11:07:54,125 - main - INFO - Move pan: 35
2025-11-28 11:07:55,653 - main - INFO - Set icon: black.png
2025-11-28 11:07:56,169 - main - INFO - Set icon: listening.png
2025-11-28 11:08:01,627 - main - INFO - Move pan: -35
2025-11-28 11:08:04,249 - main - INFO - Move pan: 35
2025-11-28 11:08:05,846 - main - INFO - Set icon: black.png
2025-11-28 11:08:06,360 - main - INFO - Set icon: listening.png
2025-11-28 11:08:07,459 - main - INFO - Move pan: 35
2025-11-28 11:08:08,965 - main - INFO - Set icon: black.png
2025-11-28 11:08:09,474 - main - INFO - Set icon: listening.png
2025-11-28 11:08:11,867 - main - INFO - Move pan: -35
2025-11-28 11:08:14,353 - main - INFO - Move pan: 35
2025-11-28 11:08:15,866 - main - INFO - Set icon: black.png
2025-11-28 11:08:18,239 - main - INFO - Set icon: listening.png
2025-11-28 11:08:19,331 - main - INFO - Move pan: -35
2025-11-28 11:08:22,606 - main - INFO - Move pan: 35
2025-11-28 11:08:26,013 - main - INFO - Move pan: 35
2025-11-28 11:08:28,095 - main - INFO - Move pan: -35
2025-11-28 11:08:30,553 - main - INFO - Move pan: -35
2025-11-28 11:08:33,873 - main - INFO - Set icon: black.png
2025-11-28 11:08:38,358 - main - INFO - Move pan: 0
2025-11-28 11:08:40,312 - main - INFO - Move tilt: -7
2025-11-28 11:08:42,022 - main - INFO - Toggle behaviour
2025-11-28 11:08:45,121 - main - INFO - Toggle behaviour
2025-11-28 11:08:45,631 - main - INFO - Set icon: listening.png
2025-11-28 11:08:47,166 - main - INFO - Move pan: -35
2025-11-28 11:08:48,658 - main - INFO - Set icon: black.png
2025-11-28 11:08:50,044 - main - INFO - Set icon: lupa.png
2025-11-28 11:08:56,313 - main - INFO - Set icon: listening.png
2025-11-28 11:08:58,123 - main - INFO - Set icon: black.png
2025-11-28 11:08:58,677 - main - INFO - Delay mode: setting loading.gif
2025-11-28 11:09:00,489 - main - INFO - Delay mode: setting loading.gif
2025-11-28 11:09:02,291 - main - INFO - Delay mode: setting loading.gif
2025-11-28 11:09:05,973 - main - INFO - Set image: effort.png
2025-11-28 11:09:08,677 - main - INFO - Set image: wink-2.gif
2025-11-28 11:09:13,043 - main - INFO - Set image: sad.png
2025-11-28 11:09:16,795 - main - INFO - Set image: wink-2.gif
2025-11-28 11:09:19,552 - main - INFO - Set icon: listening.png
2025-11-28 11:09:21,423 - main - INFO - Set icon: black.png
2025-11-28 11:09:21,941 - main - INFO - Set icon: listening.png
2025-11-28 11:09:23,636 - main - INFO - Set icon: black.png
2025-11-28 11:09:26,105 - main - INFO - Move pan: 0
2025-11-28 11:09:43,396 - main - INFO - === Application Terminated ===
