2025-12-19 17:24:01,078 - interface - INFO - send: front : None
2025-12-19 17:24:03,784 - interface - INFO - send: clean : None
2025-12-19 17:24:26,086 - interface - INFO - send: front : None
2025-12-19 17:25:03,875 - interface - INFO - send: s3 : None
2025-12-19 17:25:05,948 - interface - INFO - send: s3 : None
2025-12-19 17:25:18,709 - interface - INFO - send: s3 : None
2025-12-19 17:25:39,102 - interface - INFO - send: front : None
2025-12-19 17:26:10,818 - interface - INFO - send: s3 : None
2025-12-19 17:26:26,555 - interface - INFO - send: s3 : None
2025-12-19 17:26:35,078 - interface - INFO - send: s3 : None
2025-12-19 17:26:42,284 - interface - INFO - send: star : None
2025-12-19 17:26:48,586 - interface - INFO - send: clean : None
2025-12-19 17:26:59,879 - interface - INFO - send: clean : None
2025-12-19 17:27:02,038 - interface - INFO - send: normal : None
2025-12-19 17:28:37,203 - interface - INFO - send: s3 : None
2025-12-19 17:28:53,316 - interface - INFO - send: s3 : None
2025-12-19 17:29:16,267 - interface - INFO - send: s3 : None
2025-12-19 17:29:52,270 - interface - INFO - send: s1 : None
2025-12-19 17:29:54,709 - interface - INFO - send: s3 : None
2025-12-19 17:31:04,945 - interface - INFO - send: s3 : None
2025-12-19 17:31:08,251 - interface - INFO - send: s3 : None
2025-12-19 17:31:41,581 - interface - INFO - send: s3 : None
2025-12-19 17:32:12,606 - interface - INFO - send: s1 : None
2025-12-19 17:34:17,771 - interface - INFO - send: s2 : None
2025-12-19 17:35:02,405 - interface - INFO - send: s3 : None
2025-12-19 17:35:24,552 - interface - INFO - send: s1 : None
2025-12-19 17:35:26,759 - interface - INFO - send: s3 : None
2025-12-19 17:37:04,709 - interface - INFO - send: s3 : None
2025-12-19 17:38:10,961 - interface - INFO - send: s3 : None
2025-12-19 17:38:23,726 - interface - INFO - send: s3 : None
2025-12-19 17:38:31,626 - interface - INFO - send: s3 : None
2025-12-19 17:38:38,885 - interface - INFO - send: s3 : None
2025-12-19 17:38:50,773 - interface - INFO - send: s2 : None
2025-12-19 17:40:22,694 - interface - INFO - send: s3 : None
2025-12-19 17:40:27,786 - interface - INFO - send: s3 : None
2025-12-19 17:41:00,422 - interface - INFO - send: s3 : None
2025-12-19 17:42:05,691 - interface - INFO - send: s3 : None
2025-12-19 17:42:22,447 - interface - INFO - send: s3 : None
2025-12-19 17:42:25,564 - interface - INFO - send: s3 : None
2025-12-19 17:43:29,831 - interface - INFO - send: s3 : None
2025-12-19 17:44:07,049 - interface - INFO - send: s3 : None
2025-12-19 17:44:37,820 - interface - INFO - send: s2 : None
2025-12-19 17:46:50,651 - interface - INFO - send: s3 : None
2025-12-19 17:47:07,189 - interface - INFO - send: s3 : None
2025-12-19 17:47:15,117 - interface - INFO - send: s3 : None
2025-12-19 17:47:49,794 - interface - INFO - send: front : None
2025-12-19 17:47:55,605 - interface - INFO - send: s3 : None
2025-12-19 17:48:02,552 - interface - INFO - send: effort : None
2025-12-19 17:48:04,790 - interface - INFO - send: normal : None
2025-12-19 17:48:44,211 - interface - INFO - send: s3 : None
2025-12-19 17:50:02,993 - interface - INFO - send: s1 : None
2025-12-19 17:50:07,375 - interface - INFO - send: backchanneling : None
2025-12-19 17:51:13,112 - interface - INFO - send: s3 : None
2025-12-19 17:51:16,366 - interface - INFO - send: s3 : None
2025-12-19 17:51:22,351 - interface - INFO - send: s3 : None
2025-12-19 17:52:18,447 - interface - INFO - send: s3 : None
2025-12-19 17:53:11,267 - interface - INFO - send: s1 : None
2025-12-19 17:53:14,511 - interface - INFO - send: s3 : None
2025-12-19 17:53:18,870 - interface - INFO - send: s1 : None
2025-12-19 17:55:20,594 - interface - INFO - send: s3 : None
2025-12-19 17:55:23,473 - interface - INFO - send: s3 : None
2025-12-19 17:55:28,625 - interface - INFO - send: s3 : None
2025-12-19 17:55:34,098 - interface - INFO - send: s3 : None
2025-12-19 17:56:30,024 - interface - INFO - send: s3 : None
2025-12-19 17:56:48,178 - interface - INFO - send: s3 : None
2025-12-19 17:58:28,118 - interface - INFO - send: s3 : None
2025-12-19 17:59:48,631 - interface - INFO - send: s3 : None
2025-12-19 18:00:19,993 - interface - INFO - send: s2 : None
2025-12-19 18:02:48,841 - interface - INFO - send: s3 : None
2025-12-19 18:04:19,555 - interface - INFO - send: s3 : None
2025-12-19 18:04:28,940 - interface - INFO - send: star : None
2025-12-19 18:04:32,473 - interface - INFO - send: normal : None
2025-12-19 18:04:57,328 - interface - INFO - send: backchanneling : None
2025-12-19 18:06:11,378 - interface - INFO - send: s2 : None
2025-12-19 18:06:13,900 - interface - INFO - send: s3 : None
2025-12-19 18:06:21,899 - interface - INFO - send: s3 : None
2025-12-19 18:06:32,743 - interface - INFO - send: s2 : None
2025-12-19 18:06:35,304 - interface - INFO - send: s2 : None
2025-12-19 18:06:43,194 - interface - INFO - send: s2 : None
2025-12-19 18:07:21,883 - interface - INFO - send: s3 : None
2025-12-19 18:07:32,761 - interface - INFO - send: front : None
2025-12-19 18:07:52,176 - interface - INFO - send: s3 : None
2025-12-19 18:07:59,103 - interface - INFO - send: s3 : None
2025-12-19 18:09:21,869 - interface - INFO - send: s3 : None
2025-12-19 18:10:19,759 - interface - INFO - send: idle : None
2025-12-19 18:11:31,959 - interface - INFO - send: s3 : None
2025-12-19 18:12:14,189 - interface - INFO - send: s3 : None
2025-12-19 18:17:49,214 - interface - INFO - send: front : None
2025-12-19 18:17:52,420 - interface - INFO - send: front : None
