2025-10-01 11:08:38,605 - INFO - image::normal.png
2025-10-01 11:08:38,605 - INFO - icon::black.png
2025-10-01 11:08:38,605 - INFO - pan::0
2025-10-01 11:08:38,605 - INFO - tilt::0
2025-10-01 11:08:51,035 - INFO - image::normal.png
2025-10-01 11:08:52,760 - INFO - icon::elmo_idm.png
2025-10-01 11:08:56,445 - INFO - pan::0
2025-10-01 11:08:56,445 - INFO - tilt::0
2025-10-01 11:09:06,010 - INFO - image::normal.png
2025-10-01 11:09:06,010 - INFO - icon::black.png
2025-10-01 11:09:06,010 - INFO - pan::0
2025-10-01 11:09:06,026 - INFO - tilt::0
2025-10-01 11:09:10,949 - INFO - speakers::increaseVolume
2025-10-01 11:09:12,652 - INFO - speakers::decreaseVolume
2025-10-01 11:09:13,245 - INFO - speakers::decreaseVolume
2025-10-01 11:09:13,339 - INFO - speakers::decreaseVolume
2025-10-01 11:09:14,402 - INFO - motors::False
2025-10-01 11:09:23,075 - INFO - pan::30
2025-10-01 11:09:23,934 - INFO - pan::30
2025-10-01 11:09:26,090 - INFO - pan::30
2025-10-01 11:09:28,684 - INFO - pan::30
2025-10-01 11:09:28,684 - INFO - tilt::0
2025-10-01 11:40:00,679 - INFO - image::normal.png
2025-10-01 11:40:00,679 - INFO - icon::black.png
2025-10-01 11:40:00,679 - INFO - pan::0
2025-10-01 11:40:00,679 - INFO - tilt::0
2025-10-01 11:40:08,681 - INFO - pan::0
2025-10-01 11:40:08,681 - INFO - tilt::0
2025-10-01 11:40:16,734 - INFO - image::normal.png
2025-10-01 11:40:16,734 - INFO - icon::black.png
2025-10-01 11:40:16,734 - INFO - pan::0
2025-10-01 11:40:16,734 - INFO - tilt::0
2025-10-01 11:40:21,077 - INFO - behaviour::True
2025-10-01 11:40:22,547 - INFO - motors::False
2025-10-01 11:40:22,687 - INFO - motors::True
2025-10-01 11:40:24,767 - INFO - blush::True
2025-10-01 11:40:29,746 - INFO - pan::0
2025-10-01 11:40:29,746 - INFO - tilt::0
2025-10-01 11:53:26,085 - INFO - image::normal.png
2025-10-01 11:53:26,085 - INFO - icon::black.png
2025-10-01 11:53:26,085 - INFO - pan::0
2025-10-01 11:53:26,085 - INFO - tilt::0
2025-10-01 11:53:32,801 - INFO - behaviour::True
2025-10-01 11:53:35,110 - INFO - blush::True
2025-10-01 11:53:40,903 - INFO - pan::40
2025-10-01 11:53:44,426 - INFO - pan::40
2025-10-01 11:53:50,878 - INFO - speakers::increaseVolume
2025-10-01 11:53:52,859 - INFO - speakers::decreaseVolume
2025-10-01 11:54:02,493 - INFO - tilt::-15
2025-10-01 11:54:04,104 - INFO - tilt::-15
2025-10-01 11:54:13,639 - INFO - tilt::15
2025-10-01 11:54:15,361 - INFO - tilt::15
2025-10-01 11:54:19,770 - INFO - image::normal.png
2025-10-01 11:54:22,525 - INFO - icon::elmo_idm.png
2025-10-01 11:54:25,179 - INFO - image::idle.png
2025-10-01 11:54:27,849 - INFO - speakers::decreaseVolume
2025-10-01 11:54:28,910 - INFO - speakers::decreaseVolume
2025-10-01 11:54:30,185 - INFO - speakers::increaseVolume
2025-10-01 11:54:30,620 - INFO - speakers::increaseVolume
2025-10-01 11:54:33,647 - INFO - pan::40
2025-10-01 11:54:33,647 - INFO - tilt::15
2025-10-01 11:54:41,572 - INFO - image::normal.png
2025-10-01 11:54:41,572 - INFO - icon::black.png
2025-10-01 11:54:41,572 - INFO - pan::0
2025-10-01 11:54:41,572 - INFO - tilt::0
2025-10-01 11:54:49,298 - INFO - sound::picture.wav
2025-10-01 12:01:11,847 - INFO - image::normal.png
2025-10-01 12:01:11,847 - INFO - icon::black.png
2025-10-01 12:01:11,847 - INFO - pan::0
2025-10-01 12:01:11,847 - INFO - tilt::0
2025-10-01 12:01:17,766 - INFO - behaviour::True
2025-10-01 12:01:19,200 - INFO - blush::True
2025-10-01 12:01:25,911 - INFO - blush::False
2025-10-01 12:01:35,535 - INFO - sound::picture.wav
2025-10-01 12:01:38,062 - INFO - sound::picture.wav
2025-10-01 12:10:37,851 - INFO - image::normal.png
2025-10-01 12:10:37,851 - INFO - icon::black.png
2025-10-01 12:10:37,851 - INFO - pan::0
2025-10-01 12:10:37,851 - INFO - tilt::0
2025-10-01 12:10:42,149 - INFO - sound::picture.wav
2025-10-01 12:10:42,805 - INFO - sound::picture.wav
2025-10-01 12:10:46,126 - INFO - pan::0
2025-10-01 12:10:46,126 - INFO - tilt::0
2025-10-01 12:10:51,229 - INFO - image::normal.png
2025-10-01 12:10:51,229 - INFO - icon::black.png
2025-10-01 12:10:51,229 - INFO - pan::0
2025-10-01 12:10:51,229 - INFO - tilt::0
2025-10-01 12:10:55,172 - INFO - motors::False
2025-10-01 12:11:02,297 - INFO - pan::90
2025-10-01 12:11:03,231 - INFO - pan::90
2025-10-01 12:11:05,672 - INFO - motors::True
2025-10-01 12:11:06,934 - INFO - blush::True
2025-10-01 12:11:08,041 - INFO - behaviour::True
2025-10-01 12:11:08,432 - INFO - behaviour::False
