2026-02-26 11:14:44,184 - interface - INFO - send: sad : None
2026-02-26 11:14:49,341 - interface - INFO - send: cry : None
2026-02-26 11:14:51,066 - interface - INFO - send: love : None
2026-02-26 11:14:53,006 - interface - INFO - send: effort : None
2026-02-26 11:14:54,894 - interface - INFO - send: wink : None
2026-02-26 11:14:58,019 - interface - INFO - send: star : None
2026-02-26 11:15:00,794 - interface - INFO - send: normal : None
2026-02-26 11:15:05,867 - interface - INFO - send: idle : None
2026-02-26 11:15:08,883 - interface - INFO - send: front : None
2026-02-26 11:15:11,392 - interface - INFO - send: s1 : None
2026-02-26 11:15:15,000 - interface - INFO - send: s3 : None
2026-02-26 11:15:23,000 - interface - INFO - send: lupa : None
2026-02-26 11:15:24,595 - interface - INFO - send: delay : None
2026-02-26 11:15:28,665 - interface - INFO - send: delay : None
2026-02-26 11:15:32,476 - interface - INFO - send: listening : None
2026-02-26 11:15:34,640 - interface - INFO - send: speaking : None
2026-02-26 11:15:36,473 - interface - INFO - send: backchanneling : None
2026-02-26 11:15:47,123 - interface - INFO - send: backchanneling : None
2026-02-26 11:15:58,782 - interface - INFO - send: backchanneling : None
2026-02-26 11:16:09,099 - interface - INFO - send: backchanneling : None
2026-02-26 11:16:14,872 - interface - INFO - send: backchanneling : None
2026-02-26 11:16:19,766 - interface - INFO - send: s1 : None
2026-02-26 11:16:27,945 - interface - INFO - send: s3 : None
2026-02-26 11:16:31,925 - interface - INFO - send: front : None
2026-02-26 11:16:36,106 - interface - INFO - send: s2 : None
2026-02-26 11:17:01,207 - interface - INFO - send: lupa : None
