2025-10-31 15:08:46,724 - main - INFO - Started interface control thread
2025-10-31 15:08:51,738 - main - INFO - Set icon: listening.png
2025-10-31 15:08:53,260 - main - INFO - Move pan: -35
2025-10-31 15:08:55,300 - main - INFO - Set icon: black.png
2025-10-31 15:08:55,811 - main - INFO - Set icon: listening.png
2025-10-31 15:08:57,335 - main - INFO - Move pan: 35
2025-10-31 15:08:59,357 - main - INFO - Set icon: black.png
2025-10-31 15:08:59,859 - main - INFO - Set icon: listening.png
2025-10-31 15:09:03,384 - main - INFO - Move pan: -35
2025-10-31 15:09:06,410 - main - INFO - Move pan: 35
2025-10-31 15:09:09,450 - main - INFO - Move pan: -35
2025-10-31 15:09:13,486 - main - INFO - Set icon: black.png
2025-10-31 15:09:13,992 - main - INFO - Set icon: listening.png
2025-10-31 15:09:17,531 - main - INFO - Move pan: 35
2025-10-31 15:09:20,558 - main - INFO - Move pan: -35
2025-10-31 15:09:22,578 - main - INFO - Set icon: black.png
2025-10-31 15:09:45,692 - main - INFO - Set icon: listening.png
2025-10-31 15:09:47,163 - main - INFO - Move pan: -35
2025-10-31 15:09:48,994 - main - INFO - Move tilt: -15
2025-10-31 15:09:50,757 - main - INFO - Move pan: -35
2025-10-31 15:09:54,849 - main - INFO - Set icon: black.png
2025-10-31 15:09:55,365 - main - INFO - Set icon: listening.png
2025-10-31 15:09:59,845 - main - INFO - Move tilt: -15
2025-10-31 15:10:02,911 - main - INFO - Set icon: black.png
2025-10-31 15:10:03,436 - main - INFO - Set icon: listening.png
2025-10-31 15:10:04,919 - main - INFO - Move pan: -35
2025-10-31 15:10:09,815 - main - INFO - Move pan: -35
2025-10-31 15:10:11,442 - main - INFO - Move tilt: -15
2025-10-31 15:10:12,464 - main - INFO - Set icon: black.png
2025-10-31 15:10:17,322 - main - INFO - Set icon: listening.png
2025-10-31 15:10:18,339 - main - INFO - Move pan: -35
2025-10-31 15:10:19,983 - main - INFO - Move tilt: -15
2025-10-31 15:10:20,985 - main - INFO - Set icon: black.png
2025-10-31 15:10:22,807 - main - INFO - Set icon: lupa.png
2025-10-31 15:10:26,483 - main - INFO - Set icon: listening.png
2025-10-31 15:10:30,945 - main - INFO - Move pan: 35
2025-10-31 15:10:33,014 - main - INFO - Move pan: -35
2025-10-31 15:10:36,087 - main - INFO - Move pan: 35
2025-10-31 15:10:38,960 - main - INFO - Move pan: -35
2025-10-31 15:10:45,025 - main - INFO - Set icon: black.png
2025-10-31 15:10:45,537 - main - INFO - Set icon: listening.png
2025-10-31 15:10:49,077 - main - INFO - Toggle behaviour
2025-10-31 15:10:52,104 - main - INFO - Toggle behaviour
2025-10-31 15:11:05,585 - main - INFO - Toggle behaviour
2025-10-31 15:11:08,607 - main - INFO - Toggle behaviour
2025-10-31 15:11:10,134 - main - INFO - Move pan: 35
2025-10-31 15:11:13,188 - main - INFO - Move pan: -35
2025-10-31 15:11:16,213 - main - INFO - Toggle behaviour
2025-10-31 15:11:19,244 - main - INFO - Toggle behaviour
2025-10-31 15:11:20,763 - main - INFO - Move pan: 35
2025-10-31 15:11:23,799 - main - INFO - Move pan: -35
2025-10-31 15:11:26,812 - main - INFO - Move pan: 35
2025-10-31 15:11:29,837 - main - INFO - Move pan: -35
2025-10-31 15:11:34,887 - main - INFO - Move pan: 35
2025-10-31 15:11:37,931 - main - INFO - Move pan: -35
2025-10-31 15:11:40,942 - main - INFO - Move pan: 35
2025-10-31 15:11:42,963 - main - INFO - Set icon: speaking.png
2025-10-31 15:11:43,973 - main - INFO - Set icon: listening.png
2025-10-31 15:11:46,502 - main - INFO - Set icon: black.png
2025-10-31 15:11:47,006 - main - INFO - Set icon: listening.png
2025-10-31 15:11:48,522 - main - INFO - Move pan: -35
2025-10-31 15:11:50,542 - main - INFO - Set icon: black.png
2025-10-31 15:11:51,058 - main - INFO - Set icon: listening.png
2025-10-31 15:11:55,606 - main - INFO - Set icon: black.png
2025-10-31 15:11:56,114 - main - INFO - Set icon: listening.png
2025-10-31 15:11:59,649 - main - INFO - Toggle behaviour
2025-10-31 15:12:02,670 - main - INFO - Toggle behaviour
2025-10-31 15:12:06,203 - main - INFO - Toggle behaviour
2025-10-31 15:12:09,225 - main - INFO - Toggle behaviour
2025-10-31 15:12:13,773 - main - INFO - Set icon: speaking.png
2025-10-31 15:12:14,777 - main - INFO - Set icon: listening.png
2025-10-31 15:12:17,305 - main - INFO - Set icon: black.png
2025-10-31 15:12:17,814 - main - INFO - Set icon: listening.png
2025-10-31 15:12:20,351 - main - INFO - Set icon: black.png
2025-10-31 15:12:20,867 - main - INFO - Set icon: listening.png
2025-10-31 15:12:22,389 - main - INFO - Move pan: 35
2025-10-31 15:12:24,399 - main - INFO - Set icon: black.png
2025-10-31 15:12:24,900 - main - INFO - Set icon: listening.png
2025-10-31 15:12:26,418 - main - INFO - Move pan: -35
2025-10-31 15:12:28,091 - main - INFO - Move tilt: -15
2025-10-31 15:12:29,226 - main - INFO - Move pan: 35
2025-10-31 15:12:30,514 - main - INFO - Move tilt: -15
2025-10-31 15:12:31,516 - main - INFO - Set icon: black.png
2025-10-31 15:12:32,032 - main - INFO - Set icon: speaking.png
2025-10-31 15:12:33,033 - main - INFO - Set icon: listening.png
2025-10-31 15:12:34,492 - main - INFO - Move pan: 35
2025-10-31 15:12:36,528 - main - INFO - Set icon: black.png
2025-10-31 15:12:37,039 - main - INFO - Set icon: listening.png
2025-10-31 15:12:38,404 - main - INFO - Move pan: -35
2025-10-31 15:12:40,367 - main - INFO - Move tilt: -15
2025-10-31 15:12:42,404 - main - INFO - Move pan: 35
2025-10-31 15:12:45,470 - main - INFO - Move pan: -35
2025-10-31 15:12:51,619 - main - INFO - Move tilt: -15
2025-10-31 15:12:53,223 - main - INFO - Move pan: -35
2025-10-31 15:12:56,040 - main - INFO - Move pan: -35
2025-10-31 15:12:57,631 - main - INFO - Move tilt: -15
2025-10-31 15:12:58,672 - main - INFO - Set icon: speaking.png
2025-10-31 15:12:59,686 - main - INFO - Set icon: listening.png
2025-10-31 15:13:00,669 - main - INFO - Move pan: 35
2025-10-31 15:13:02,311 - main - INFO - Move tilt: -15
2025-10-31 15:13:04,329 - main - INFO - Move pan: -35
2025-10-31 15:13:05,924 - main - INFO - Move tilt: -15
2025-10-31 15:13:06,936 - main - INFO - Set icon: speaking.png
2025-10-31 15:13:07,953 - main - INFO - Set icon: black.png
2025-10-31 15:13:08,470 - main - INFO - Set icon: listening.png
2025-10-31 15:13:09,609 - main - INFO - Move pan: 35
2025-10-31 15:13:11,229 - main - INFO - Set icon: black.png
2025-10-31 15:13:11,738 - main - INFO - Set icon: listening.png
2025-10-31 15:13:12,695 - main - INFO - Move pan: 35
2025-10-31 15:13:14,971 - main - INFO - Move pan: -35
2025-10-31 15:13:17,214 - main - INFO - Move pan: -35
2025-10-31 15:13:18,977 - main - INFO - Toggle behaviour
2025-10-31 15:13:22,288 - main - INFO - Move tilt: -15
2025-10-31 15:13:27,069 - main - INFO - Toggle behaviour
2025-10-31 15:13:29,103 - main - INFO - Toggle behaviour
2025-10-31 15:13:31,776 - main - INFO - Set icon: speaking.png
2025-10-31 15:13:32,794 - main - INFO - Set icon: listening.png
2025-10-31 15:13:33,804 - main - INFO - Move pan: -35
2025-10-31 15:13:35,304 - main - INFO - Set icon: speaking.png
2025-10-31 15:13:41,455 - main - INFO - Set icon: lupa.png
2025-10-31 15:13:41,970 - main - INFO - Set icon: speaking.png
2025-10-31 15:13:43,403 - main - INFO - Set icon: listening.png
2025-10-31 15:13:44,525 - main - INFO - Move pan: 35
2025-10-31 15:13:46,110 - main - INFO - Set icon: speaking.png
2025-10-31 15:13:53,508 - main - INFO - Set icon: listening.png
2025-10-31 15:13:54,479 - main - INFO - Move pan: 35
2025-10-31 15:13:56,049 - main - INFO - Move tilt: -15
2025-10-31 15:13:57,069 - main - INFO - Set icon: speaking.png
2025-10-31 15:13:58,071 - main - INFO - Set icon: listening.png
2025-10-31 15:13:59,660 - main - INFO - Set icon: speaking.png
2025-10-31 15:14:07,297 - main - INFO - Set icon: listening.png
2025-10-31 15:14:08,374 - main - INFO - Move pan: 35
2025-10-31 15:14:10,002 - main - INFO - Move tilt: -15
2025-10-31 15:14:11,590 - main - INFO - Move pan: -35
2025-10-31 15:14:13,804 - main - INFO - Move pan: -35
2025-10-31 15:14:15,931 - main - INFO - Move pan: 35
2025-10-31 15:14:17,471 - main - INFO - Set icon: black.png
2025-10-31 15:14:17,989 - main - INFO - Set icon: listening.png
2025-10-31 15:14:19,148 - main - INFO - Move pan: -35
2025-10-31 15:14:20,716 - main - INFO - Toggle behaviour
2025-10-31 15:14:22,779 - main - INFO - Toggle behaviour
2025-10-31 15:14:23,288 - main - INFO - Set icon: speaking.png
2025-10-31 15:14:24,297 - main - INFO - Set icon: listening.png
2025-10-31 15:14:25,347 - main - INFO - Move pan: 35
2025-10-31 15:14:27,148 - main - INFO - Move pan: 35
2025-10-31 15:14:29,884 - main - INFO - Move pan: -35
2025-10-31 15:14:31,397 - main - INFO - Move tilt: -15
2025-10-31 15:14:32,864 - main - INFO - Move pan: 35
2025-10-31 15:14:34,884 - main - INFO - Move pan: 35
2025-10-31 15:14:36,921 - main - INFO - Move pan: 35
2025-10-31 15:14:41,154 - main - INFO - Toggle behaviour
2025-10-31 15:14:43,204 - main - INFO - Toggle behaviour
2025-10-31 15:14:44,292 - main - INFO - Move pan: -35
2025-10-31 15:14:47,576 - main - INFO - Move pan: 35
2025-10-31 15:14:49,297 - main - INFO - Move tilt: -15
2025-10-31 15:14:50,800 - main - INFO - Move pan: 35
2025-10-31 15:14:52,309 - main - INFO - Move tilt: -15
2025-10-31 15:14:53,346 - main - INFO - Toggle behaviour
2025-10-31 15:14:55,385 - main - INFO - Toggle behaviour
2025-10-31 15:14:56,468 - main - INFO - Move pan: -35
2025-10-31 15:14:58,585 - main - INFO - Move pan: -35
2025-10-31 15:15:00,905 - main - INFO - Move pan: 35
2025-10-31 15:15:02,519 - main - INFO - Set icon: black.png
2025-10-31 15:15:03,037 - main - INFO - Set icon: listening.png
2025-10-31 15:15:04,055 - main - INFO - Move pan: 35
2025-10-31 15:15:09,516 - main - INFO - Set icon: black.png
2025-10-31 15:15:10,032 - main - INFO - Set icon: listening.png
2025-10-31 15:15:11,017 - main - INFO - Move pan: -35
2025-10-31 15:15:13,208 - main - INFO - Move pan: -35
2025-10-31 15:15:16,536 - main - INFO - Move pan: 35
2025-10-31 15:15:20,016 - main - INFO - Move pan: 35
2025-10-31 15:15:22,244 - main - INFO - Move pan: -35
2025-10-31 15:15:23,762 - main - INFO - Move tilt: -15
2025-10-31 15:15:25,434 - main - INFO - Move pan: 35
2025-10-31 15:15:27,487 - main - INFO - Move pan: -35
2025-10-31 15:15:29,615 - main - INFO - Move pan: 35
2025-10-31 15:15:31,183 - main - INFO - Set icon: black.png
2025-10-31 15:15:31,694 - main - INFO - Set icon: speaking.png
2025-10-31 15:15:32,700 - main - INFO - Set icon: black.png
2025-10-31 15:15:33,219 - main - INFO - Set icon: listening.png
2025-10-31 15:15:34,303 - main - INFO - Move pan: 35
2025-10-31 15:15:36,086 - main - INFO - Move tilt: -15
2025-10-31 15:15:38,145 - main - INFO - Move tilt: -15
2025-10-31 15:15:39,785 - main - INFO - Move pan: -35
2025-10-31 15:15:41,929 - main - INFO - Move pan: 35
2025-10-31 15:15:44,085 - main - INFO - Move pan: 35
2025-10-31 15:15:45,678 - main - INFO - Set icon: speaking.png
2025-10-31 15:15:46,701 - main - INFO - Set icon: listening.png
2025-10-31 15:15:47,734 - main - INFO - Move pan: -35
2025-10-31 15:15:49,244 - main - INFO - Set icon: speaking.png
2025-10-31 15:15:50,271 - main - INFO - Set icon: listening.png
2025-10-31 15:15:51,352 - main - INFO - Move pan: 35
2025-10-31 15:15:53,103 - main - INFO - Set icon: speaking.png
2025-10-31 15:15:54,131 - main - INFO - Set icon: listening.png
2025-10-31 15:15:59,691 - main - INFO - Toggle behaviour
2025-10-31 15:16:02,705 - main - INFO - Toggle behaviour
2025-10-31 15:16:04,224 - main - INFO - Toggle behaviour
2025-10-31 15:16:07,231 - main - INFO - Toggle behaviour
2025-10-31 15:16:08,748 - main - INFO - Move pan: -35
2025-10-31 15:16:11,772 - main - INFO - Move pan: 35
2025-10-31 15:16:14,784 - main - INFO - Move pan: -35
2025-10-31 15:16:17,823 - main - INFO - Move pan: 35
2025-10-31 15:16:20,845 - main - INFO - Move pan: -35
2025-10-31 15:16:22,878 - main - INFO - Set icon: black.png
2025-10-31 15:16:23,384 - main - INFO - Set icon: listening.png
2025-10-31 15:16:26,919 - main - INFO - Toggle behaviour
2025-10-31 15:16:29,942 - main - INFO - Toggle behaviour
2025-10-31 15:16:31,460 - main - INFO - Move pan: 35
2025-10-31 15:16:34,482 - main - INFO - Move pan: -35
2025-10-31 15:16:37,497 - main - INFO - Toggle behaviour
2025-10-31 15:16:40,503 - main - INFO - Toggle behaviour
2025-10-31 15:16:42,039 - main - INFO - Toggle behaviour
2025-10-31 15:16:45,059 - main - INFO - Toggle behaviour
2025-10-31 15:16:46,578 - main - INFO - Toggle behaviour
2025-10-31 15:16:49,584 - main - INFO - Toggle behaviour
2025-10-31 15:16:51,105 - main - INFO - Toggle behaviour
2025-10-31 15:16:54,115 - main - INFO - Toggle behaviour
2025-10-31 15:16:55,634 - main - INFO - Toggle behaviour
2025-10-31 15:16:58,658 - main - INFO - Toggle behaviour
2025-10-31 15:17:00,176 - main - INFO - Toggle behaviour
2025-10-31 15:17:03,182 - main - INFO - Toggle behaviour
2025-10-31 15:17:04,697 - main - INFO - Toggle behaviour
2025-10-31 15:17:07,714 - main - INFO - Toggle behaviour
2025-10-31 15:17:09,230 - main - INFO - Move pan: 35
2025-10-31 15:17:12,263 - main - INFO - Move pan: -35
2025-10-31 15:17:15,306 - main - INFO - Toggle behaviour
2025-10-31 15:17:18,330 - main - INFO - Toggle behaviour
2025-10-31 15:17:19,865 - main - INFO - Move pan: 35
2025-10-31 15:17:22,887 - main - INFO - Move pan: -35
2025-10-31 15:17:25,911 - main - INFO - Move pan: 35
2025-10-31 15:17:28,935 - main - INFO - Move pan: -35
2025-10-31 15:17:31,956 - main - INFO - Toggle behaviour
2025-10-31 15:17:34,982 - main - INFO - Toggle behaviour
2025-10-31 15:17:38,508 - main - INFO - Move pan: 35
2025-10-31 15:17:40,526 - main - INFO - Set icon: black.png
2025-10-31 15:17:41,029 - main - INFO - Set icon: listening.png
2025-10-31 15:17:42,556 - main - INFO - Move pan: -35
2025-10-31 15:17:45,580 - main - INFO - Move pan: 35
2025-10-31 15:17:48,631 - main - INFO - Move pan: -35
2025-10-31 15:17:51,653 - main - INFO - Move pan: 35
2025-10-31 15:17:54,699 - main - INFO - Move pan: -35
2025-10-31 15:17:57,730 - main - INFO - Move pan: 35
2025-10-31 15:18:00,756 - main - INFO - Move pan: -35
2025-10-31 15:18:03,786 - main - INFO - Move pan: 35
2025-10-31 15:18:05,806 - main - INFO - Set icon: black.png
2025-10-31 15:18:06,322 - main - INFO - Set icon: listening.png
2025-10-31 15:18:08,847 - main - INFO - Set icon: black.png
2025-10-31 15:18:09,358 - main - INFO - Set icon: listening.png
2025-10-31 15:18:12,881 - main - INFO - Move pan: -35
2025-10-31 15:18:14,889 - main - INFO - Set icon: black.png
2025-10-31 15:18:15,392 - main - INFO - Set icon: listening.png
2025-10-31 15:18:16,193 - main - INFO - Move pan: -35
2025-10-31 15:18:17,818 - main - INFO - Set icon: black.png
2025-10-31 15:18:18,336 - main - INFO - Set icon: listening.png
2025-10-31 15:18:19,701 - main - INFO - Move pan: 35
2025-10-31 15:18:21,644 - main - INFO - Move tilt: -15
2025-10-31 15:18:23,497 - main - INFO - Move pan: -35
2025-10-31 15:18:25,529 - main - INFO - Set icon: black.png
2025-10-31 15:18:26,055 - main - INFO - Set icon: listening.png
2025-10-31 15:18:29,654 - main - INFO - Move pan: 35
2025-10-31 15:18:32,728 - main - INFO - Move pan: -35
2025-10-31 15:18:34,672 - main - INFO - Move tilt: -15
2025-10-31 15:18:36,677 - main - INFO - Move pan: 35
2025-10-31 15:18:38,344 - main - INFO - Move tilt: -15
2025-10-31 15:18:39,362 - main - INFO - Set icon: black.png
2025-10-31 15:18:39,885 - main - INFO - Set icon: listening.png
2025-10-31 15:18:41,199 - main - INFO - Move pan: -35
2025-10-31 15:18:42,771 - main - INFO - Move tilt: -15
2025-10-31 15:18:44,361 - main - INFO - Move pan: -35
2025-10-31 15:18:46,150 - main - INFO - Move tilt: -15
2025-10-31 15:18:47,571 - main - INFO - Move pan: 35
2025-10-31 15:18:49,039 - main - INFO - Move tilt: -15
2025-10-31 15:18:50,902 - main - INFO - Move pan: -35
2025-10-31 15:18:52,381 - main - INFO - Move tilt: -15
2025-10-31 15:18:54,072 - main - INFO - Move pan: 35
2025-10-31 15:18:55,980 - main - INFO - Move pan: -35
2025-10-31 15:18:58,882 - main - INFO - Move pan: -35
2025-10-31 15:19:00,915 - main - INFO - Move pan: 35
2025-10-31 15:19:02,737 - main - INFO - Move pan: -35
2025-10-31 15:19:05,566 - main - INFO - Move pan: -35
2025-10-31 15:19:07,382 - main - INFO - Move pan: 35
2025-10-31 15:19:10,276 - main - INFO - Move pan: -35
2025-10-31 15:19:11,777 - main - INFO - Set icon: black.png
2025-10-31 15:19:12,295 - main - INFO - Set icon: listening.png
2025-10-31 15:19:13,280 - main - INFO - Move pan: -35
2025-10-31 15:19:15,290 - main - INFO - Move pan: 35
2025-10-31 15:19:18,012 - main - INFO - Move pan: 35
2025-10-31 15:19:19,895 - main - INFO - Move pan: -35
2025-10-31 15:19:21,797 - main - INFO - Move pan: -35
2025-10-31 15:19:23,697 - main - INFO - Move pan: 35
2025-10-31 15:19:26,713 - main - INFO - Move pan: -35
2025-10-31 15:19:28,111 - main - INFO - Set icon: black.png
2025-10-31 15:19:28,622 - main - INFO - Set icon: listening.png
2025-10-31 15:19:29,530 - main - INFO - Move pan: -35
2025-10-31 15:19:31,004 - main - INFO - Toggle behaviour
2025-10-31 15:19:33,066 - main - INFO - Toggle behaviour
2025-10-31 15:19:34,043 - main - INFO - Move pan: 35
2025-10-31 15:19:35,779 - main - INFO - Move pan: -35
2025-10-31 15:19:37,221 - main - INFO - Set icon: black.png
2025-10-31 15:19:37,732 - main - INFO - Set icon: listening.png
2025-10-31 15:19:39,063 - main - INFO - Toggle behaviour
2025-10-31 15:19:41,108 - main - INFO - Toggle behaviour
2025-10-31 15:19:41,628 - main - INFO - Set icon: black.png
2025-10-31 15:19:42,148 - main - INFO - Set icon: listening.png
2025-10-31 15:19:43,065 - main - INFO - Move pan: -35
2025-10-31 15:19:44,487 - main - INFO - Move tilt: -15
2025-10-31 15:19:45,958 - main - INFO - Move pan: -35
2025-10-31 15:19:47,510 - main - INFO - Set icon: speaking.png
2025-10-31 15:19:48,528 - main - INFO - Set icon: listening.png
2025-10-31 15:19:49,971 - main - INFO - Set icon: speaking.png
2025-10-31 15:19:50,984 - main - INFO - Set icon: listening.png
2025-10-31 15:19:51,871 - main - INFO - Move pan: 35
2025-10-31 15:19:53,759 - main - INFO - Move pan: -35
2025-10-31 15:19:55,645 - main - INFO - Move pan: 35
2025-10-31 15:19:57,586 - main - INFO - Move pan: -35
2025-10-31 15:19:59,421 - main - INFO - Set icon: speaking.png
2025-10-31 15:20:04,157 - main - INFO - Set icon: listening.png
2025-10-31 15:20:05,096 - main - INFO - Move pan: 35
2025-10-31 15:20:11,261 - main - INFO - Toggle behaviour
2025-10-31 15:20:13,295 - main - INFO - Toggle behaviour
2025-10-31 15:20:16,349 - main - INFO - Set icon: black.png
2025-10-31 15:20:17,190 - main - INFO - Set icon: listening.png
2025-10-31 15:20:18,109 - main - INFO - Move pan: 35
2025-10-31 15:20:19,646 - main - INFO - Move tilt: -15
2025-10-31 15:20:24,309 - main - INFO - Toggle behaviour
2025-10-31 15:20:26,332 - main - INFO - Toggle behaviour
2025-10-31 15:20:30,283 - main - INFO - Set icon: speaking.png
2025-10-31 15:20:53,258 - main - INFO - Set icon: listening.png
2025-10-31 15:20:54,198 - main - INFO - Move pan: 35
2025-10-31 15:20:56,949 - main - INFO - Set icon: black.png
2025-10-31 15:20:58,468 - main - INFO - Set icon: listening.png
2025-10-31 15:20:59,395 - main - INFO - Move pan: 35
2025-10-31 15:21:05,579 - main - INFO - Toggle behaviour
2025-10-31 15:21:07,625 - main - INFO - Toggle behaviour
2025-10-31 15:21:09,985 - main - INFO - Set icon: black.png
2025-10-31 15:21:11,721 - main - INFO - Set icon: listening.png
2025-10-31 15:21:16,431 - main - INFO - Set icon: speaking.png
2025-10-31 15:21:17,434 - main - INFO - Set icon: listening.png
2025-10-31 15:21:18,802 - main - INFO - Set icon: speaking.png
2025-10-31 15:21:19,870 - main - INFO - Set icon: listening.png
2025-10-31 15:21:21,261 - main - INFO - Move tilt: -15
2025-10-31 15:21:22,276 - main - INFO - Set icon: speaking.png
2025-10-31 15:21:30,263 - main - INFO - Set icon: listening.png
2025-10-31 15:21:31,195 - main - INFO - Move pan: 35
2025-10-31 15:21:32,584 - main - INFO - Set icon: speaking.png
2025-10-31 15:21:33,608 - main - INFO - Set icon: listening.png
2025-10-31 15:21:34,610 - main - INFO - Move pan: -35
2025-10-31 15:21:36,058 - main - INFO - Set icon: speaking.png
2025-10-31 15:21:39,987 - main - INFO - Set icon: listening.png
2025-10-31 15:21:40,890 - main - INFO - Move pan: 35
2025-10-31 15:21:42,291 - main - INFO - Move tilt: -15
2025-10-31 15:21:43,309 - main - INFO - Set icon: speaking.png
2025-10-31 15:21:44,883 - main - INFO - Set icon: listening.png
2025-10-31 15:21:46,689 - main - INFO - Move pan: -35
2025-10-31 15:21:48,534 - main - INFO - Move pan: 35
2025-10-31 15:21:49,927 - main - INFO - Set icon: black.png
2025-10-31 15:21:50,445 - main - INFO - Set icon: listening.png
2025-10-31 15:21:51,385 - main - INFO - Move pan: 35
2025-10-31 15:21:53,090 - main - INFO - Move pan: -35
2025-10-31 15:21:54,487 - main - INFO - Set icon: black.png
2025-10-31 15:21:55,443 - main - INFO - Move pan: 35
2025-10-31 15:21:57,102 - main - INFO - Toggle behaviour
2025-10-31 15:21:59,147 - main - INFO - Toggle behaviour
2025-10-31 15:21:59,663 - main - INFO - Set icon: listening.png
2025-10-31 15:22:00,702 - main - INFO - Move pan: -35
2025-10-31 15:22:02,540 - main - INFO - Move pan: 35
2025-10-31 15:22:04,506 - main - INFO - Move pan: 35
2025-10-31 15:22:05,917 - main - INFO - Set icon: black.png
2025-10-31 15:22:06,433 - main - INFO - Set icon: listening.png
2025-10-31 15:22:07,358 - main - INFO - Move pan: 35
2025-10-31 15:22:08,853 - main - INFO - Move tilt: -15
2025-10-31 15:22:10,226 - main - INFO - Move pan: -35
2025-10-31 15:22:12,030 - main - INFO - Move pan: 35
2025-10-31 15:22:13,793 - main - INFO - Move pan: 35
2025-10-31 15:22:16,487 - main - INFO - Toggle behaviour
2025-10-31 15:22:18,508 - main - INFO - Toggle behaviour
2025-10-31 15:22:22,665 - main - INFO - Set icon: black.png
2025-10-31 15:22:23,321 - main - INFO - Set icon: listening.png
2025-10-31 15:22:24,266 - main - INFO - Move pan: -35
2025-10-31 15:22:26,125 - main - INFO - Move pan: -35
2025-10-31 15:22:27,530 - main - INFO - Set icon: black.png
2025-10-31 15:22:28,048 - main - INFO - Set icon: listening.png
2025-10-31 15:22:28,961 - main - INFO - Move pan: 35
2025-10-31 15:22:30,860 - main - INFO - Move pan: -35
2025-10-31 15:22:32,812 - main - INFO - Move pan: 35
2025-10-31 15:22:34,818 - main - INFO - Move pan: -35
2025-10-31 15:22:36,300 - main - INFO - Move tilt: -15
2025-10-31 15:22:37,322 - main - INFO - Set icon: black.png
2025-10-31 15:22:37,825 - main - INFO - Set icon: listening.png
2025-10-31 15:22:39,314 - main - INFO - Move pan: 35
2025-10-31 15:22:41,195 - main - INFO - Move pan: 35
2025-10-31 15:22:42,699 - main - INFO - Set icon: black.png
2025-10-31 15:22:43,210 - main - INFO - Set icon: speaking.png
2025-10-31 15:22:44,240 - main - INFO - Set icon: listening.png
2025-10-31 15:22:45,219 - main - INFO - Move pan: 35
2025-10-31 15:22:52,438 - main - INFO - Move pan: -35
2025-10-31 15:22:54,107 - main - INFO - Move pan: 35
2025-10-31 15:22:55,930 - main - INFO - Move pan: 35
2025-10-31 15:22:57,408 - main - INFO - Set icon: black.png
2025-10-31 15:22:57,929 - main - INFO - Set icon: listening.png
2025-10-31 15:23:00,161 - main - INFO - Move pan: -35
2025-10-31 15:23:01,976 - main - INFO - Move pan: 35
2025-10-31 15:23:03,481 - main - INFO - Toggle behaviour
2025-10-31 15:23:05,523 - main - INFO - Toggle behaviour
2025-10-31 15:23:07,120 - main - INFO - Set icon: black.png
2025-10-31 15:23:07,642 - main - INFO - Set icon: listening.png
2025-10-31 15:23:09,336 - main - INFO - Move pan: 35
2025-10-31 15:23:10,700 - main - INFO - Set icon: black.png
2025-10-31 15:23:11,218 - main - INFO - Set icon: listening.png
2025-10-31 15:23:12,142 - main - INFO - Move pan: 35
2025-10-31 15:23:17,885 - main - INFO - Toggle behaviour
2025-10-31 15:23:19,934 - main - INFO - Toggle behaviour
2025-10-31 15:23:23,668 - main - INFO - Set icon: black.png
2025-10-31 15:23:24,175 - main - INFO - Set icon: listening.png
2025-10-31 15:23:25,114 - main - INFO - Move pan: 35
2025-10-31 15:23:26,507 - main - INFO - Set icon: black.png
2025-10-31 15:23:27,118 - main - INFO - Set icon: listening.png
2025-10-31 15:23:28,105 - main - INFO - Move pan: -35
2025-10-31 15:23:29,693 - main - INFO - Move tilt: -15
2025-10-31 15:23:31,216 - main - INFO - Move pan: 35
2025-10-31 15:23:33,054 - main - INFO - Move pan: -35
2025-10-31 15:23:35,736 - main - INFO - Toggle behaviour
2025-10-31 15:23:37,763 - main - INFO - Toggle behaviour
2025-10-31 15:23:38,759 - main - INFO - Move pan: -35
2025-10-31 15:23:45,210 - main - INFO - Toggle behaviour
2025-10-31 15:23:47,271 - main - INFO - Toggle behaviour
2025-10-31 15:23:52,248 - main - INFO - Toggle behaviour
2025-10-31 15:23:54,286 - main - INFO - Toggle behaviour
2025-10-31 15:23:59,359 - main - INFO - Toggle behaviour
2025-10-31 15:24:01,472 - main - INFO - Toggle behaviour
2025-10-31 15:24:03,230 - main - INFO - Move pan: -35
2025-10-31 15:24:04,726 - main - INFO - Move tilt: -15
2025-10-31 15:24:06,771 - main - INFO - Move tilt: -15
2025-10-31 15:24:10,943 - main - INFO - Toggle behaviour
2025-10-31 15:24:13,112 - main - INFO - Toggle behaviour
2025-10-31 15:24:18,032 - main - INFO - Toggle behaviour
2025-10-31 15:24:20,079 - main - INFO - Toggle behaviour
2025-10-31 15:24:25,997 - main - INFO - Toggle behaviour
2025-10-31 15:24:29,020 - main - INFO - Toggle behaviour
2025-10-31 15:24:33,038 - main - INFO - Toggle behaviour
2025-10-31 15:24:36,054 - main - INFO - Toggle behaviour
2025-10-31 15:24:40,078 - main - INFO - Toggle behaviour
2025-10-31 15:24:43,101 - main - INFO - Toggle behaviour
2025-10-31 15:24:51,664 - main - INFO - Move pan: 35
2025-10-31 15:24:54,686 - main - INFO - Move pan: -35
2025-10-31 15:24:57,728 - main - INFO - Move pan: 35
2025-10-31 15:25:00,751 - main - INFO - Move pan: -35
2025-10-31 15:25:03,772 - main - INFO - Move pan: 35
2025-10-31 15:25:06,796 - main - INFO - Move pan: -35
2025-10-31 15:25:09,829 - main - INFO - Move pan: 35
2025-10-31 15:25:12,867 - main - INFO - Move pan: -35
2025-10-31 15:25:15,889 - main - INFO - Move pan: 35
2025-10-31 15:25:18,929 - main - INFO - Move pan: -35
2025-10-31 15:25:21,966 - main - INFO - Move pan: 35
2025-10-31 15:25:24,972 - main - INFO - Toggle behaviour
2025-10-31 15:25:27,989 - main - INFO - Toggle behaviour
2025-10-31 15:25:29,503 - main - INFO - Toggle behaviour
2025-10-31 15:25:32,520 - main - INFO - Toggle behaviour
2025-10-31 15:25:33,820 - main - INFO - Move pan: 35
2025-10-31 15:25:35,722 - main - INFO - Move tilt: -15
2025-10-31 15:25:38,777 - main - INFO - Move tilt: -15
2025-10-31 15:25:39,787 - main - INFO - Set icon: speaking.png
2025-10-31 15:25:40,797 - main - INFO - Set icon: listening.png
2025-10-31 15:25:42,190 - main - INFO - Move pan: -35
2025-10-31 15:25:44,106 - main - INFO - Move tilt: -15
2025-10-31 15:25:45,123 - main - INFO - Set icon: speaking.png
2025-10-31 15:25:46,126 - main - INFO - Set icon: listening.png
2025-10-31 15:25:47,658 - main - INFO - Move pan: 35
2025-10-31 15:25:49,697 - main - INFO - Set icon: speaking.png
2025-10-31 15:25:52,270 - main - INFO - Set icon: listening.png
2025-10-31 15:25:59,369 - main - INFO - Toggle behaviour
2025-10-31 15:26:01,402 - main - INFO - Toggle behaviour
2025-10-31 15:26:02,448 - main - INFO - Move pan: -35
2025-10-31 15:26:03,938 - main - INFO - Move tilt: -15
2025-10-31 15:26:05,362 - main - INFO - Move pan: 35
2025-10-31 15:26:06,976 - main - INFO - Set icon: black.png
2025-10-31 15:26:07,486 - main - INFO - Set icon: listening.png
2025-10-31 15:26:08,419 - main - INFO - Move pan: 35
2025-10-31 15:26:10,336 - main - INFO - Move pan: 35
2025-10-31 15:26:13,297 - main - INFO - Toggle behaviour
2025-10-31 15:26:15,324 - main - INFO - Toggle behaviour
2025-10-31 15:26:20,324 - main - INFO - Toggle behaviour
2025-10-31 15:26:22,356 - main - INFO - Toggle behaviour
2025-10-31 15:26:26,065 - main - INFO - Set icon: speaking.png
2025-10-31 15:26:58,288 - main - INFO - Set icon: listening.png
2025-10-31 15:26:59,459 - main - INFO - Move pan: 35
2025-10-31 15:27:00,963 - main - INFO - Move tilt: -15
2025-10-31 15:27:02,502 - main - INFO - Move pan: -35
2025-10-31 15:27:04,257 - main - INFO - Move tilt: -15
2025-10-31 15:27:05,872 - main - INFO - Move pan: 35
2025-10-31 15:27:08,096 - main - INFO - Move pan: -35
2025-10-31 15:27:11,404 - main - INFO - Move pan: -35
2025-10-31 15:27:13,449 - main - INFO - Move pan: 35
2025-10-31 15:27:14,902 - main - INFO - Toggle behaviour
2025-10-31 15:27:16,931 - main - INFO - Toggle behaviour
2025-10-31 15:27:17,471 - main - INFO - Toggle behaviour
2025-10-31 15:27:19,524 - main - INFO - Toggle behaviour
2025-10-31 15:27:20,034 - main - INFO - Set icon: speaking.png
2025-10-31 15:27:29,092 - main - INFO - Set icon: listening.png
2025-10-31 15:27:30,208 - main - INFO - Move pan: 35
2025-10-31 15:27:31,771 - main - INFO - Set icon: speaking.png
2025-10-31 15:27:32,784 - main - INFO - Set icon: listening.png
2025-10-31 15:27:34,352 - main - INFO - Set icon: speaking.png
2025-10-31 15:27:44,597 - main - INFO - Set icon: listening.png
2025-10-31 15:27:48,661 - main - INFO - Move pan: -35
2025-10-31 15:27:51,683 - main - INFO - Move pan: 35
2025-10-31 15:27:54,706 - main - INFO - Move pan: -35
2025-10-31 15:27:57,728 - main - INFO - Move pan: 35
2025-10-31 15:28:00,766 - main - INFO - Move pan: -35
2025-10-31 15:28:09,869 - main - INFO - Toggle behaviour
2025-10-31 15:28:12,883 - main - INFO - Toggle behaviour
2025-10-31 15:28:16,562 - main - INFO - Toggle behaviour
2025-10-31 15:28:19,583 - main - INFO - Toggle behaviour
2025-10-31 15:28:23,648 - main - INFO - Toggle behaviour
2025-10-31 15:28:26,661 - main - INFO - Toggle behaviour
2025-10-31 15:28:29,805 - main - INFO - Move pan: 35
2025-10-31 15:28:32,828 - main - INFO - Move pan: -35
2025-10-31 15:28:35,850 - main - INFO - Move pan: 35
2025-10-31 15:28:38,871 - main - INFO - Move pan: -35
2025-10-31 15:28:41,915 - main - INFO - Toggle behaviour
2025-10-31 15:28:44,937 - main - INFO - Toggle behaviour
2025-10-31 15:28:46,455 - main - INFO - Move pan: 35
2025-10-31 15:28:48,473 - main - INFO - Set icon: speaking.png
2025-10-31 15:28:49,488 - main - INFO - Set icon: listening.png
2025-10-31 15:28:51,016 - main - INFO - Move pan: -35
2025-10-31 15:28:54,054 - main - INFO - Toggle behaviour
2025-10-31 15:28:57,077 - main - INFO - Toggle behaviour
2025-10-31 15:28:58,591 - main - INFO - Toggle behaviour
2025-10-31 15:29:01,628 - main - INFO - Toggle behaviour
2025-10-31 15:29:03,150 - main - INFO - Move pan: 35
2025-10-31 15:29:06,180 - main - INFO - Move pan: -35
2025-10-31 15:29:09,223 - main - INFO - Toggle behaviour
2025-10-31 15:29:12,229 - main - INFO - Toggle behaviour
2025-10-31 15:29:15,176 - main - INFO - Move pan: 35
2025-10-31 15:29:18,214 - main - INFO - Move pan: -35
2025-10-31 15:29:20,221 - main - INFO - Set icon: black.png
2025-10-31 15:29:20,744 - main - INFO - Set icon: listening.png
2025-10-31 15:29:25,985 - main - INFO - Toggle behaviour
2025-10-31 15:29:29,006 - main - INFO - Toggle behaviour
2025-10-31 15:29:33,032 - main - INFO - Toggle behaviour
2025-10-31 15:29:36,054 - main - INFO - Toggle behaviour
2025-10-31 15:29:40,085 - main - INFO - Toggle behaviour
2025-10-31 15:29:43,109 - main - INFO - Toggle behaviour
2025-10-31 15:29:47,202 - main - INFO - Toggle behaviour
2025-10-31 15:29:50,224 - main - INFO - Toggle behaviour
2025-10-31 15:29:50,735 - main - INFO - Set icon: speaking.png
2025-10-31 15:29:51,744 - main - INFO - Set icon: listening.png
2025-10-31 15:29:54,282 - main - INFO - Set icon: speaking.png
2025-10-31 15:29:55,296 - main - INFO - Set icon: listening.png
2025-10-31 15:30:12,632 - main - INFO - Set icon: black.png
2025-10-31 15:30:13,147 - main - INFO - Set icon: listening.png
2025-10-31 15:30:14,666 - main - INFO - Move pan: 35
2025-10-31 15:30:16,673 - main - INFO - Set icon: black.png
2025-10-31 15:30:17,188 - main - INFO - Set icon: listening.png
2025-10-31 15:30:20,734 - main - INFO - Toggle behaviour
2025-10-31 15:30:23,748 - main - INFO - Toggle behaviour
2025-10-31 15:30:27,514 - main - INFO - Toggle behaviour
2025-10-31 15:30:29,587 - main - INFO - Toggle behaviour
2025-10-31 15:30:30,090 - main - INFO - Set icon: black.png
2025-10-31 15:30:30,602 - main - INFO - Set icon: listening.png
2025-10-31 15:30:33,016 - main - INFO - Move tilt: -15
2025-10-31 15:30:34,029 - main - INFO - Set icon: black.png
2025-10-31 15:30:34,532 - main - INFO - Set icon: listening.png
2025-10-31 15:30:39,152 - main - INFO - Set icon: black.png
2025-10-31 15:30:39,665 - main - INFO - Set icon: listening.png
2025-10-31 15:30:41,188 - main - INFO - Move pan: -35
2025-10-31 15:30:43,212 - main - INFO - Move tilt: -15
2025-10-31 15:30:45,080 - main - INFO - Move pan: 35
2025-10-31 15:30:46,985 - main - INFO - Move tilt: -15
2025-10-31 15:30:48,041 - main - INFO - Toggle behaviour
2025-10-31 15:30:50,129 - main - INFO - Toggle behaviour
2025-10-31 15:30:50,695 - main - INFO - Toggle behaviour
2025-10-31 15:30:52,755 - main - INFO - Toggle behaviour
2025-10-31 15:30:53,274 - main - INFO - Set icon: speaking.png
2025-10-31 15:30:57,181 - main - INFO - Set icon: listening.png
2025-10-31 15:30:58,114 - main - INFO - Move pan: -35
2025-10-31 15:30:59,595 - main - INFO - Set icon: speaking.png
2025-10-31 15:31:15,357 - main - INFO - Set icon: listening.png
2025-10-31 15:31:16,607 - main - INFO - Move pan: -35
2025-10-31 15:31:18,806 - main - INFO - Move pan: 35
2025-10-31 15:31:20,368 - main - INFO - Set icon: speaking.png
2025-10-31 15:31:29,870 - main - INFO - Set icon: listening.png
2025-10-31 15:31:30,926 - main - INFO - Move pan: 35
2025-10-31 15:31:32,597 - main - INFO - Set icon: speaking.png
2025-10-31 15:31:33,616 - main - INFO - Set icon: listening.png
2025-10-31 15:31:35,317 - main - INFO - Set icon: speaking.png
2025-10-31 15:31:36,337 - main - INFO - Set icon: listening.png
2025-10-31 15:31:38,089 - main - INFO - Set icon: speaking.png
2025-10-31 15:31:39,093 - main - INFO - Set icon: listening.png
2025-10-31 15:31:40,949 - main - INFO - Set icon: speaking.png
2025-10-31 15:31:41,962 - main - INFO - Set icon: listening.png
2025-10-31 15:31:43,692 - main - INFO - Set icon: speaking.png
2025-10-31 15:31:44,702 - main - INFO - Set icon: listening.png
2025-10-31 15:31:45,850 - main - INFO - Move pan: 35
2025-10-31 15:31:47,370 - main - INFO - Move tilt: -15
2025-10-31 15:31:48,376 - main - INFO - Set icon: speaking.png
2025-10-31 15:31:49,385 - main - INFO - Set icon: listening.png
2025-10-31 15:31:50,390 - main - INFO - Move pan: 35
2025-10-31 15:31:51,816 - main - INFO - Set icon: speaking.png
2025-10-31 15:31:57,906 - main - INFO - Set icon: listening.png
2025-10-31 15:31:58,884 - main - INFO - Move pan: 35
2025-10-31 15:32:00,295 - main - INFO - Set icon: speaking.png
2025-10-31 15:32:13,752 - main - INFO - Set icon: listening.png
2025-10-31 15:32:14,633 - main - INFO - Move pan: 35
2025-10-31 15:32:16,045 - main - INFO - Set icon: speaking.png
2025-10-31 15:32:17,064 - main - INFO - Set icon: black.png
2025-10-31 15:32:17,578 - main - INFO - Set icon: listening.png
2025-10-31 15:32:19,504 - main - INFO - Move pan: -35
2025-10-31 15:32:21,424 - main - INFO - Move pan: 35
2025-10-31 15:32:23,312 - main - INFO - Move pan: -35
2025-10-31 15:32:24,709 - main - INFO - Set icon: black.png
2025-10-31 15:32:25,213 - main - INFO - Set icon: speaking.png
2025-10-31 15:32:55,487 - main - INFO - Set icon: black.png
2025-10-31 15:32:56,011 - main - INFO - Set icon: listening.png
2025-10-31 15:32:56,855 - main - INFO - Move pan: -35
2025-10-31 15:32:58,647 - main - INFO - Move pan: 35
2025-10-31 15:33:01,324 - main - INFO - Move pan: 35
2025-10-31 15:33:02,710 - main - INFO - Set icon: speaking.png
2025-10-31 15:33:04,242 - main - INFO - Move pan: 35
2025-10-31 15:33:05,777 - main - INFO - Set icon: listening.png
2025-10-31 15:33:06,831 - main - INFO - Move pan: 35
2025-10-31 15:33:08,292 - main - INFO - Move tilt: -15
2025-10-31 15:33:09,731 - main - INFO - Move pan: -35
2025-10-31 15:33:11,643 - main - INFO - Move pan: 35
2025-10-31 15:33:13,161 - main - INFO - Set icon: speaking.png
2025-10-31 15:33:14,179 - main - INFO - Set icon: listening.png
2025-10-31 15:33:15,132 - main - INFO - Move pan: -35
2025-10-31 15:33:17,054 - main - INFO - Move pan: 35
2025-10-31 15:33:18,827 - main - INFO - Move pan: 35
2025-10-31 15:33:20,481 - main - INFO - Toggle behaviour
2025-10-31 15:33:22,516 - main - INFO - Toggle behaviour
2025-10-31 15:33:25,376 - main - INFO - Set icon: speaking.png
2025-10-31 15:33:43,587 - main - INFO - Set icon: listening.png
2025-10-31 15:33:44,545 - main - INFO - Move pan: 35
2025-10-31 15:33:46,029 - main - INFO - Move tilt: -15
2025-10-31 15:33:47,047 - main - INFO - Set icon: speaking.png
2025-10-31 15:33:54,854 - main - INFO - Set icon: listening.png
2025-10-31 15:33:55,822 - main - INFO - Move pan: 35
2025-10-31 15:33:57,277 - main - INFO - Set icon: speaking.png
2025-10-31 15:33:58,291 - main - INFO - Set icon: listening.png
2025-10-31 15:33:59,711 - main - INFO - Set icon: speaking.png
2025-10-31 15:34:00,896 - main - INFO - Set icon: listening.png
2025-10-31 15:34:01,874 - main - INFO - Move pan: -35
2025-10-31 15:34:03,310 - main - INFO - Move tilt: -15
2025-10-31 15:34:04,730 - main - INFO - Move pan: 35
2025-10-31 15:34:06,238 - main - INFO - Set icon: speaking.png
2025-10-31 15:34:07,242 - main - INFO - Set icon: listening.png
2025-10-31 15:34:08,228 - main - INFO - Move pan: -35
2025-10-31 15:34:10,012 - main - INFO - Move pan: 35
2025-10-31 15:34:11,530 - main - INFO - Set icon: speaking.png
2025-10-31 15:34:12,542 - main - INFO - Set icon: listening.png
2025-10-31 15:34:13,834 - main - INFO - Move pan: -35
2025-10-31 15:34:15,218 - main - INFO - Set icon: speaking.png
2025-10-31 15:34:16,224 - main - INFO - Set icon: listening.png
2025-10-31 15:34:17,161 - main - INFO - Move pan: 35
2025-10-31 15:34:18,684 - main - INFO - Move tilt: -15
2025-10-31 15:34:20,056 - main - INFO - Move pan: -35
2025-10-31 15:34:21,398 - main - INFO - Move tilt: -15
2025-10-31 15:34:22,415 - main - INFO - Toggle behaviour
2025-10-31 15:34:24,460 - main - INFO - Toggle behaviour
2025-10-31 15:34:25,345 - main - INFO - Move pan: 35
2025-10-31 15:34:27,296 - main - INFO - Move pan: -35
2025-10-31 15:34:31,343 - main - INFO - Move pan: 35
2025-10-31 15:34:32,710 - main - INFO - Set icon: black.png
2025-10-31 15:34:33,228 - main - INFO - Set icon: listening.png
2025-10-31 15:34:34,906 - main - INFO - Move pan: -35
2025-10-31 15:34:36,843 - main - INFO - Move pan: 35
2025-10-31 15:34:38,781 - main - INFO - Move pan: -35
2025-10-31 15:34:40,609 - main - INFO - Move pan: 35
2025-10-31 15:34:42,065 - main - INFO - Set icon: speaking.png
2025-10-31 15:34:43,077 - main - INFO - Set icon: listening.png
2025-10-31 15:34:44,389 - main - INFO - Set icon: black.png
2025-10-31 15:34:44,903 - main - INFO - Set icon: listening.png
2025-10-31 15:34:47,879 - main - INFO - Move pan: -35
2025-10-31 15:34:49,722 - main - INFO - Move pan: 35
2025-10-31 15:34:53,617 - main - INFO - Toggle behaviour
2025-10-31 15:34:55,643 - main - INFO - Toggle behaviour
2025-10-31 15:34:56,458 - main - INFO - Move pan: 35
2025-10-31 15:35:02,136 - main - INFO - Toggle behaviour
2025-10-31 15:35:04,160 - main - INFO - Toggle behaviour
2025-10-31 15:35:05,111 - main - INFO - Move pan: 35
2025-10-31 15:35:06,535 - main - INFO - Move tilt: -15
2025-10-31 15:35:07,985 - main - INFO - Move pan: -35
2025-10-31 15:35:09,782 - main - INFO - Move pan: 35
2025-10-31 15:35:12,112 - main - INFO - Set icon: speaking.png
2025-10-31 15:35:13,126 - main - INFO - Set icon: black.png
2025-10-31 15:35:13,631 - main - INFO - Set icon: listening.png
2025-10-31 15:35:14,618 - main - INFO - Move pan: -35
2025-10-31 15:35:16,439 - main - INFO - Toggle behaviour
2025-10-31 15:35:18,496 - main - INFO - Toggle behaviour
2025-10-31 15:35:19,531 - main - INFO - Move pan: 35
2025-10-31 15:35:21,393 - main - INFO - Move pan: -35
2025-10-31 15:35:23,307 - main - INFO - Move pan: 35
2025-10-31 15:35:27,574 - main - INFO - Move pan: -35
2025-10-31 15:35:29,008 - main - INFO - Toggle behaviour
2025-10-31 15:35:31,076 - main - INFO - Toggle behaviour
2025-10-31 15:35:31,595 - main - INFO - Set icon: speaking.png
2025-10-31 15:35:32,619 - main - INFO - Set icon: listening.png
2025-10-31 15:35:33,579 - main - INFO - Move pan: -35
2025-10-31 15:35:36,608 - main - INFO - Toggle behaviour
2025-10-31 15:35:38,645 - main - INFO - Toggle behaviour
2025-10-31 15:35:39,608 - main - INFO - Move pan: -35
2025-10-31 15:35:43,468 - main - INFO - Move pan: 35
2025-10-31 15:35:45,299 - main - INFO - Move pan: -35
2025-10-31 15:35:47,156 - main - INFO - Move pan: 35
2025-10-31 15:35:49,093 - main - INFO - Move pan: -35
2025-10-31 15:35:50,945 - main - INFO - Toggle behaviour
2025-10-31 15:35:53,000 - main - INFO - Toggle behaviour
2025-10-31 15:35:58,060 - main - INFO - Toggle behaviour
2025-10-31 15:36:00,132 - main - INFO - Toggle behaviour
2025-10-31 15:36:05,168 - main - INFO - Toggle behaviour
2025-10-31 15:36:07,234 - main - INFO - Toggle behaviour
2025-10-31 15:36:12,218 - main - INFO - Toggle behaviour
2025-10-31 15:36:14,251 - main - INFO - Toggle behaviour
2025-10-31 15:36:19,245 - main - INFO - Toggle behaviour
2025-10-31 15:36:21,284 - main - INFO - Toggle behaviour
2025-10-31 15:36:26,313 - main - INFO - Toggle behaviour
2025-10-31 15:36:28,354 - main - INFO - Toggle behaviour
2025-10-31 15:36:33,335 - main - INFO - Toggle behaviour
2025-10-31 15:36:35,369 - main - INFO - Toggle behaviour
2025-10-31 15:36:38,467 - main - INFO - Set icon: black.png
2025-10-31 15:36:41,258 - main - INFO - Set icon: listening.png
2025-10-31 15:36:42,283 - main - INFO - Move pan: -35
2025-10-31 15:36:43,755 - main - INFO - Move tilt: -15
2025-10-31 15:36:48,407 - main - INFO - Toggle behaviour
2025-10-31 15:36:50,434 - main - INFO - Toggle behaviour
2025-10-31 15:36:55,528 - main - INFO - Toggle behaviour
2025-10-31 15:36:57,566 - main - INFO - Toggle behaviour
2025-10-31 15:37:02,592 - main - INFO - Toggle behaviour
2025-10-31 15:37:04,633 - main - INFO - Toggle behaviour
2025-10-31 15:37:09,764 - main - INFO - Toggle behaviour
2025-10-31 15:37:11,812 - main - INFO - Toggle behaviour
2025-10-31 15:37:16,869 - main - INFO - Toggle behaviour
2025-10-31 15:37:18,912 - main - INFO - Toggle behaviour
2025-10-31 15:37:23,950 - main - INFO - Toggle behaviour
2025-10-31 15:37:25,982 - main - INFO - Toggle behaviour
2025-10-31 15:37:27,763 - main - INFO - Move pan: -35
2025-10-31 15:37:29,189 - main - INFO - Move tilt: -15
2025-10-31 15:37:31,039 - main - INFO - Toggle behaviour
2025-10-31 15:37:33,086 - main - INFO - Toggle behaviour
2025-10-31 15:37:38,173 - main - INFO - Toggle behaviour
2025-10-31 15:37:40,217 - main - INFO - Toggle behaviour
2025-10-31 15:37:45,236 - main - INFO - Toggle behaviour
2025-10-31 15:37:47,309 - main - INFO - Toggle behaviour
2025-10-31 15:37:52,317 - main - INFO - Toggle behaviour
2025-10-31 15:37:54,371 - main - INFO - Toggle behaviour
2025-10-31 15:38:00,373 - main - INFO - Toggle behaviour
2025-10-31 15:38:03,394 - main - INFO - Toggle behaviour
2025-10-31 15:38:12,452 - main - INFO - Set icon: black.png
2025-10-31 15:38:13,757 - main - INFO - Set icon: listening.png
2025-10-31 15:38:15,276 - main - INFO - Move pan: 35
2025-10-31 15:38:18,305 - main - INFO - Move pan: -35
2025-10-31 15:38:21,334 - main - INFO - Move pan: 35
2025-10-31 15:38:24,357 - main - INFO - Toggle behaviour
2025-10-31 15:38:27,372 - main - INFO - Toggle behaviour
2025-10-31 15:38:28,909 - main - INFO - Move pan: -35
2025-10-31 15:38:31,940 - main - INFO - Move pan: 35
2025-10-31 15:38:33,957 - main - INFO - Set icon: black.png
2025-10-31 15:38:34,466 - main - INFO - Set icon: listening.png
2025-10-31 15:38:38,021 - main - INFO - Move pan: -35
2025-10-31 15:38:41,041 - main - INFO - Move pan: 35
2025-10-31 15:38:43,058 - main - INFO - Set icon: black.png
2025-10-31 15:38:43,570 - main - INFO - Set icon: listening.png
2025-10-31 15:38:46,118 - main - INFO - Set icon: black.png
2025-10-31 15:38:46,623 - main - INFO - Set icon: listening.png
2025-10-31 15:38:51,184 - main - INFO - Set icon: black.png
2025-10-31 15:38:51,696 - main - INFO - Set icon: listening.png
2025-10-31 15:38:56,227 - main - INFO - Set icon: black.png
2025-10-31 15:38:56,729 - main - INFO - Set icon: listening.png
2025-10-31 15:39:00,283 - main - INFO - Move pan: -35
2025-10-31 15:39:03,305 - main - INFO - Move pan: 35
2025-10-31 15:39:05,328 - main - INFO - Set icon: black.png
2025-10-31 15:39:05,841 - main - INFO - Set icon: listening.png
2025-10-31 15:39:09,387 - main - INFO - Move pan: -35
2025-10-31 15:39:12,403 - main - INFO - Move pan: 35
2025-10-31 15:39:14,410 - main - INFO - Set icon: black.png
2025-10-31 15:39:14,918 - main - INFO - Set icon: listening.png
2025-10-31 15:39:17,454 - main - INFO - Set icon: black.png
2025-10-31 15:39:17,970 - main - INFO - Set icon: listening.png
2025-10-31 15:39:21,495 - main - INFO - Toggle behaviour
2025-10-31 15:39:23,600 - main - INFO - Toggle behaviour
2025-10-31 15:39:25,134 - main - INFO - Move pan: -35
2025-10-31 15:39:26,705 - main - INFO - Move tilt: -15
2025-10-31 15:39:28,333 - main - INFO - Move pan: -35
2025-10-31 15:39:30,052 - main - INFO - Move tilt: -15
2025-10-31 15:39:32,115 - main - INFO - Move pan: 35
2025-10-31 15:39:34,219 - main - INFO - Toggle behaviour
2025-10-31 15:39:36,308 - main - INFO - Toggle behaviour
2025-10-31 15:39:37,849 - main - INFO - Move pan: -35
2025-10-31 15:39:40,901 - main - INFO - Move pan: 35
2025-10-31 15:39:44,489 - main - INFO - Set icon: black.png
2025-10-31 15:39:45,004 - main - INFO - Set icon: listening.png
2025-10-31 15:39:46,353 - main - INFO - Move pan: -35
2025-10-31 15:39:48,716 - main - INFO - Move pan: 35
2025-10-31 15:39:50,105 - main - INFO - Set icon: speaking.png
2025-10-31 15:39:51,109 - main - INFO - Set icon: listening.png
2025-10-31 15:39:52,068 - main - INFO - Move pan: -35
2025-10-31 15:39:53,799 - main - INFO - Move pan: -35
2025-10-31 15:39:55,656 - main - INFO - Move pan: -35
2025-10-31 15:39:57,519 - main - INFO - Move pan: 35
2025-10-31 15:39:58,887 - main - INFO - Set icon: black.png
2025-10-31 15:39:59,389 - main - INFO - Set icon: listening.png
2025-10-31 15:40:00,280 - main - INFO - Move pan: 35
2025-10-31 15:40:01,714 - main - INFO - Set icon: black.png
2025-10-31 15:40:02,223 - main - INFO - Set icon: listening.png
2025-10-31 15:40:03,236 - main - INFO - Move pan: 35
2025-10-31 15:40:05,187 - main - INFO - Move pan: 35
2025-10-31 15:40:06,795 - main - INFO - Toggle behaviour
2025-10-31 15:40:08,853 - main - INFO - Toggle behaviour
2025-10-31 15:40:09,430 - main - INFO - Toggle behaviour
2025-10-31 15:40:11,489 - main - INFO - Toggle behaviour
2025-10-31 15:40:12,403 - main - INFO - Move pan: 35
2025-10-31 15:40:13,897 - main - INFO - Set icon: black.png
2025-10-31 15:40:14,403 - main - INFO - Set icon: listening.png
2025-10-31 15:40:15,634 - main - INFO - Set icon: black.png
2025-10-31 15:40:16,136 - main - INFO - Set icon: listening.png
2025-10-31 15:40:17,091 - main - INFO - Move pan: 35
2025-10-31 15:40:19,223 - main - INFO - Set icon: black.png
2025-10-31 15:40:20,525 - main - INFO - Set icon: listening.png
2025-10-31 15:40:21,604 - main - INFO - Move pan: 35
2025-10-31 15:40:26,474 - main - INFO - Move pan: -35
2025-10-31 15:40:29,048 - main - INFO - Move pan: -35
2025-10-31 15:40:30,970 - main - INFO - Move pan: 35
2025-10-31 15:40:33,145 - main - INFO - Move pan: -35
2025-10-31 15:40:34,964 - main - INFO - Move pan: 35
2025-10-31 15:40:36,302 - main - INFO - Move tilt: -15
2025-10-31 15:40:37,757 - main - INFO - Move pan: -35
2025-10-31 15:40:39,962 - main - INFO - Set icon: black.png
2025-10-31 15:40:40,479 - main - INFO - Set icon: listening.png
2025-10-31 15:40:41,364 - main - INFO - Move pan: 35
2025-10-31 15:40:43,112 - main - INFO - Move pan: -35
2025-10-31 15:40:44,872 - main - INFO - Move pan: 35
2025-10-31 15:40:46,636 - main - INFO - Move pan: -35
2025-10-31 15:40:48,319 - main - INFO - Move pan: 35
2025-10-31 15:40:49,837 - main - INFO - Toggle behaviour
2025-10-31 15:40:51,878 - main - INFO - Toggle behaviour
2025-10-31 15:40:53,172 - main - INFO - Set icon: black.png
2025-10-31 15:40:53,826 - main - INFO - Set icon: listening.png
2025-10-31 15:40:54,919 - main - INFO - Move pan: 35
2025-10-31 15:40:56,713 - main - INFO - Move pan: 35
2025-10-31 15:40:58,121 - main - INFO - Set icon: black.png
2025-10-31 15:40:58,653 - main - INFO - Set icon: listening.png
2025-10-31 15:40:59,608 - main - INFO - Move pan: -35
2025-10-31 15:41:01,027 - main - INFO - Set icon: black.png
2025-10-31 15:41:01,543 - main - INFO - Set icon: listening.png
2025-10-31 15:41:02,486 - main - INFO - Move pan: -35
2025-10-31 15:41:04,420 - main - INFO - Toggle behaviour
2025-10-31 15:41:06,470 - main - INFO - Toggle behaviour
2025-10-31 15:41:08,942 - main - INFO - Move pan: 35
2025-10-31 15:41:10,794 - main - INFO - Move pan: -35
2025-10-31 15:41:12,701 - main - INFO - Move pan: 35
2025-10-31 15:41:14,054 - main - INFO - Move tilt: -15
2025-10-31 15:41:15,498 - main - INFO - Move pan: -35
2025-10-31 15:41:17,385 - main - INFO - Move pan: 35
2025-10-31 15:41:19,299 - main - INFO - Move pan: -35
2025-10-31 15:41:21,229 - main - INFO - Move pan: -35
2025-10-31 15:41:22,708 - main - INFO - Set icon: black.png
2025-10-31 15:41:23,232 - main - INFO - Set icon: speaking.png
2025-10-31 15:41:33,956 - main - INFO - Set icon: listening.png
2025-10-31 15:41:34,960 - main - INFO - Move pan: -35
2025-10-31 15:41:36,349 - main - INFO - Set icon: speaking.png
2025-10-31 15:41:45,818 - main - INFO - Set icon: listening.png
2025-10-31 15:41:46,832 - main - INFO - Move pan: -35
2025-10-31 15:41:48,301 - main - INFO - Move tilt: -15
2025-10-31 15:41:50,096 - main - INFO - Move tilt: -15
2025-10-31 15:41:51,507 - main - INFO - Move pan: -35
2025-10-31 15:41:55,491 - main - INFO - Toggle behaviour
2025-10-31 15:41:57,529 - main - INFO - Toggle behaviour
2025-10-31 15:42:02,519 - main - INFO - Toggle behaviour
2025-10-31 15:42:04,598 - main - INFO - Toggle behaviour
2025-10-31 15:42:09,573 - main - INFO - Toggle behaviour
2025-10-31 15:42:11,632 - main - INFO - Toggle behaviour
2025-10-31 15:42:17,622 - main - INFO - Toggle behaviour
2025-10-31 15:42:20,629 - main - INFO - Toggle behaviour
2025-10-31 15:42:21,130 - main - INFO - Set icon: black.png
2025-10-31 15:42:21,651 - main - INFO - Set icon: listening.png
2025-10-31 15:42:23,167 - main - INFO - Move pan: 35
2025-10-31 15:42:26,199 - main - INFO - Move pan: -35
2025-10-31 15:42:29,215 - main - INFO - Move pan: 35
2025-10-31 15:42:32,259 - main - INFO - Move pan: -35
2025-10-31 15:42:35,287 - main - INFO - Move pan: 35
2025-10-31 15:42:38,309 - main - INFO - Move pan: -35
2025-10-31 15:42:44,377 - main - INFO - Set icon: black.png
2025-10-31 15:42:44,884 - main - INFO - Set icon: listening.png
2025-10-31 15:42:52,478 - main - INFO - Move pan: 35
2025-10-31 15:42:55,501 - main - INFO - Move pan: -35
2025-10-31 15:42:58,539 - main - INFO - Move pan: 35
2025-10-31 15:43:01,563 - main - INFO - Toggle behaviour
2025-10-31 15:43:04,582 - main - INFO - Toggle behaviour
2025-10-31 15:43:08,117 - main - INFO - Move pan: -35
2025-10-31 15:43:10,138 - main - INFO - Set icon: black.png
2025-10-31 15:43:10,647 - main - INFO - Set icon: listening.png
2025-10-31 15:43:12,163 - main - INFO - Move pan: 35
2025-10-31 15:43:15,181 - main - INFO - Toggle behaviour
2025-10-31 15:43:18,198 - main - INFO - Toggle behaviour
2025-10-31 15:43:20,715 - main - INFO - Set icon: black.png
2025-10-31 15:43:21,220 - main - INFO - Set icon: listening.png
2025-10-31 15:43:21,813 - main - INFO - Move pan: 35
2025-10-31 15:43:23,491 - main - INFO - Move pan: -35
2025-10-31 15:43:25,482 - main - INFO - Move tilt: -15
2025-10-31 15:43:27,520 - main - INFO - Move pan: 35
2025-10-31 15:43:30,533 - main - INFO - Move pan: -35
2025-10-31 15:43:32,515 - main - INFO - Move tilt: -15
2025-10-31 15:43:34,575 - main - INFO - Move pan: 35
2025-10-31 15:43:36,610 - main - INFO - Set icon: black.png
2025-10-31 15:43:37,121 - main - INFO - Set icon: listening.png
2025-10-31 15:43:41,729 - main - INFO - Move tilt: -15
2025-10-31 15:43:42,732 - main - INFO - Set icon: black.png
2025-10-31 15:43:43,234 - main - INFO - Set icon: listening.png
2025-10-31 15:43:44,521 - main - INFO - Move pan: 35
2025-10-31 15:43:45,995 - main - INFO - Move tilt: -15
2025-10-31 15:43:47,758 - main - INFO - Move pan: 35
2025-10-31 15:43:49,489 - main - INFO - Move tilt: -15
2025-10-31 15:43:50,538 - main - INFO - Toggle behaviour
2025-10-31 15:43:52,564 - main - INFO - Toggle behaviour
2025-10-31 15:43:53,113 - main - INFO - Toggle behaviour
2025-10-31 15:43:55,131 - main - INFO - Toggle behaviour
2025-10-31 15:43:55,972 - main - INFO - Move pan: -35
2025-10-31 15:43:57,401 - main - INFO - Move tilt: -15
2025-10-31 15:43:58,794 - main - INFO - Move pan: 35
2025-10-31 15:44:00,614 - main - INFO - Move pan: -35
2025-10-31 15:44:02,704 - main - INFO - Move pan: 35
2025-10-31 15:44:04,539 - main - INFO - Move pan: -35
2025-10-31 15:44:06,417 - main - INFO - Move pan: 35
2025-10-31 15:44:08,353 - main - INFO - Move pan: -35
2025-10-31 15:44:09,841 - main - INFO - Move tilt: -15
2025-10-31 15:44:11,248 - main - INFO - Move pan: 35
2025-10-31 15:44:13,249 - main - INFO - Move pan: 35
2025-10-31 15:44:14,814 - main - INFO - Move tilt: -15
2025-10-31 15:44:16,257 - main - INFO - Move pan: 35
2025-10-31 15:44:17,896 - main - INFO - Move tilt: -15
2025-10-31 15:44:19,351 - main - INFO - Move pan: 35
2025-10-31 15:44:21,313 - main - INFO - Move pan: -35
2025-10-31 15:44:23,241 - main - INFO - Move pan: 35
2025-10-31 15:44:24,598 - main - INFO - Set icon: black.png
2025-10-31 15:44:25,108 - main - INFO - Set icon: listening.png
2025-10-31 15:44:26,015 - main - INFO - Move pan: 35
2025-10-31 15:44:27,751 - main - INFO - Move pan: 35
2025-10-31 15:44:29,529 - main - INFO - Move pan: -35
2025-10-31 15:44:31,292 - main - INFO - Move pan: -35
2025-10-31 15:44:33,163 - main - INFO - Move pan: 35
2025-10-31 15:44:35,023 - main - INFO - Move pan: -35
2025-10-31 15:44:37,065 - main - INFO - Move pan: 35
2025-10-31 15:44:39,153 - main - INFO - Move pan: -35
2025-10-31 15:44:40,945 - main - INFO - Move pan: 35
2025-10-31 15:44:42,779 - main - INFO - Move pan: -35
2025-10-31 15:44:45,188 - main - INFO - Move pan: 35
2025-10-31 15:44:46,592 - main - INFO - Set icon: black.png
2025-10-31 15:44:47,109 - main - INFO - Set icon: listening.png
2025-10-31 15:44:48,063 - main - INFO - Move pan: 35
2025-10-31 15:44:49,649 - main - INFO - Toggle behaviour
2025-10-31 15:44:51,682 - main - INFO - Toggle behaviour
2025-10-31 15:44:52,723 - main - INFO - Move pan: 35
2025-10-31 15:44:54,613 - main - INFO - Move pan: 35
2025-10-31 15:44:56,153 - main - INFO - Toggle behaviour
2025-10-31 15:44:58,199 - main - INFO - Toggle behaviour
2025-10-31 15:44:58,718 - main - INFO - Set icon: black.png
2025-10-31 15:44:59,227 - main - INFO - Set icon: listening.png
2025-10-31 15:45:00,612 - main - INFO - Toggle behaviour
2025-10-31 15:45:02,651 - main - INFO - Toggle behaviour
2025-10-31 15:45:04,955 - main - INFO - Move pan: -35
2025-10-31 15:45:06,336 - main - INFO - Toggle behaviour
2025-10-31 15:45:08,381 - main - INFO - Toggle behaviour
2025-10-31 15:45:12,661 - main - INFO - Toggle behaviour
2025-10-31 15:45:14,710 - main - INFO - Toggle behaviour
2025-10-31 15:45:15,712 - main - INFO - Move pan: 35
2025-10-31 15:45:17,230 - main - INFO - Move tilt: -15
2025-10-31 15:45:18,680 - main - INFO - Move pan: -35
2025-10-31 15:45:21,080 - main - INFO - Move pan: -35
2025-10-31 15:45:22,469 - main - INFO - Set icon: black.png
2025-10-31 15:45:22,977 - main - INFO - Set icon: listening.png
2025-10-31 15:45:28,307 - main - INFO - Toggle behaviour
2025-10-31 15:45:30,331 - main - INFO - Toggle behaviour
2025-10-31 15:45:35,386 - main - INFO - Toggle behaviour
2025-10-31 15:45:37,413 - main - INFO - Toggle behaviour
2025-10-31 15:45:42,448 - main - INFO - Toggle behaviour
2025-10-31 15:45:44,482 - main - INFO - Toggle behaviour
2025-10-31 15:45:49,541 - main - INFO - Toggle behaviour
2025-10-31 15:45:51,583 - main - INFO - Toggle behaviour
2025-10-31 15:45:54,671 - main - INFO - Move tilt: -15
2025-10-31 15:45:56,664 - main - INFO - Toggle behaviour
2025-10-31 15:45:58,699 - main - INFO - Toggle behaviour
2025-10-31 15:46:04,746 - main - INFO - Toggle behaviour
2025-10-31 15:46:07,769 - main - INFO - Toggle behaviour
2025-10-31 15:46:11,793 - main - INFO - Toggle behaviour
2025-10-31 15:46:14,801 - main - INFO - Toggle behaviour
2025-10-31 15:46:18,853 - main - INFO - Toggle behaviour
2025-10-31 15:46:21,877 - main - INFO - Toggle behaviour
2025-10-31 15:46:25,919 - main - INFO - Toggle behaviour
2025-10-31 15:46:28,958 - main - INFO - Toggle behaviour
2025-10-31 15:46:32,936 - main - INFO - Toggle behaviour
2025-10-31 15:46:35,958 - main - INFO - Toggle behaviour
2025-10-31 15:46:37,491 - main - INFO - Move pan: 35
2025-10-31 15:46:40,516 - main - INFO - Move pan: -35
2025-10-31 15:46:42,544 - main - INFO - Set icon: black.png
2025-10-31 15:46:43,046 - main - INFO - Set icon: listening.png
2025-10-31 15:46:45,583 - main - INFO - Set icon: black.png
2025-10-31 15:46:46,101 - main - INFO - Set icon: listening.png
2025-10-31 15:46:53,678 - main - INFO - Toggle behaviour
2025-10-31 15:46:56,688 - main - INFO - Toggle behaviour
2025-10-31 15:47:00,157 - main - INFO - Toggle behaviour
2025-10-31 15:47:03,168 - main - INFO - Toggle behaviour
2025-10-31 15:47:07,170 - main - INFO - Toggle behaviour
2025-10-31 15:47:10,177 - main - INFO - Toggle behaviour
2025-10-31 15:47:14,376 - main - INFO - Toggle behaviour
2025-10-31 15:47:17,406 - main - INFO - Toggle behaviour
2025-10-31 15:47:18,932 - main - INFO - Move pan: 35
2025-10-31 15:47:21,961 - main - INFO - Move pan: -35
2025-10-31 15:47:24,985 - main - INFO - Toggle behaviour
2025-10-31 15:47:28,012 - main - INFO - Toggle behaviour
2025-10-31 15:47:31,978 - main - INFO - Toggle behaviour
2025-10-31 15:47:35,000 - main - INFO - Toggle behaviour
2025-10-31 15:47:39,058 - main - INFO - Toggle behaviour
2025-10-31 15:47:42,065 - main - INFO - Toggle behaviour
2025-10-31 15:47:46,061 - main - INFO - Toggle behaviour
2025-10-31 15:47:49,069 - main - INFO - Toggle behaviour
2025-10-31 15:47:53,115 - main - INFO - Move pan: 35
2025-10-31 15:47:56,157 - main - INFO - Move pan: -35
2025-10-31 15:48:00,583 - main - INFO - Toggle behaviour
2025-10-31 15:48:03,610 - main - INFO - Toggle behaviour
2025-10-31 15:48:07,689 - main - INFO - Toggle behaviour
2025-10-31 15:48:10,711 - main - INFO - Toggle behaviour
2025-10-31 15:48:13,047 - main - INFO - Move pan: 35
2025-10-31 15:48:16,459 - main - INFO - Move pan: -35
2025-10-31 15:48:22,523 - main - INFO - Move pan: 35
2025-10-31 15:48:29,605 - main - INFO - Toggle behaviour
2025-10-31 15:48:32,636 - main - INFO - Toggle behaviour
2025-10-31 15:48:34,170 - main - INFO - Move pan: -35
2025-10-31 15:48:37,188 - main - INFO - Move pan: 35
2025-10-31 15:48:40,214 - main - INFO - Move pan: -35
2025-10-31 15:48:43,241 - main - INFO - Move pan: 35
2025-10-31 15:48:46,276 - main - INFO - Move pan: -35
2025-10-31 15:48:49,318 - main - INFO - Move pan: 35
2025-10-31 15:48:52,343 - main - INFO - Move pan: -35
2025-10-31 15:48:55,368 - main - INFO - Move pan: 35
2025-10-31 15:48:58,393 - main - INFO - Move pan: -35
2025-10-31 15:49:07,490 - main - INFO - Move pan: 35
2025-10-31 15:49:11,545 - main - INFO - Set icon: black.png
2025-10-31 15:49:12,063 - main - INFO - Set icon: listening.png
2025-10-31 15:49:15,601 - main - INFO - Move pan: -35
2025-10-31 15:49:17,608 - main - INFO - Set icon: black.png
2025-10-31 15:49:18,124 - main - INFO - Set icon: listening.png
2025-10-31 15:49:19,643 - main - INFO - Move pan: 35
2025-10-31 15:49:23,655 - main - INFO - Move tilt: -15
2025-10-31 15:49:25,158 - main - INFO - Move pan: 35
2025-10-31 15:49:27,346 - main - INFO - Toggle behaviour
2025-10-31 15:49:29,398 - main - INFO - Toggle behaviour
2025-10-31 15:49:30,671 - main - INFO - Move pan: -35
2025-10-31 15:49:32,675 - main - INFO - Move tilt: -15
2025-10-31 15:49:34,726 - main - INFO - Move pan: 35
2025-10-31 15:49:36,446 - main - INFO - Move tilt: -15
2025-10-31 15:49:38,504 - main - INFO - Move pan: -35
2025-10-31 15:49:41,574 - main - INFO - Move pan: 35
2025-10-31 15:49:45,922 - main - INFO - Move pan: 35
2025-10-31 15:49:47,814 - main - INFO - Toggle behaviour
2025-10-31 15:49:49,861 - main - INFO - Toggle behaviour
2025-10-31 15:49:50,392 - main - INFO - Set icon: black.png
2025-10-31 15:49:50,917 - main - INFO - Set icon: listening.png
2025-10-31 15:49:53,426 - main - INFO - Move pan: -35
2025-10-31 15:49:55,751 - main - INFO - Move pan: 35
2025-10-31 15:49:57,358 - main - INFO - Toggle behaviour
2025-10-31 15:49:59,419 - main - INFO - Toggle behaviour
2025-10-31 15:49:59,968 - main - INFO - Toggle behaviour
2025-10-31 15:50:02,023 - main - INFO - Toggle behaviour
2025-10-31 15:50:03,591 - main - INFO - Set icon: black.png
2025-10-31 15:50:04,107 - main - INFO - Set icon: listening.png
2025-10-31 15:50:05,208 - main - INFO - Move pan: 35
2025-10-31 15:50:06,892 - main - INFO - Toggle behaviour
2025-10-31 15:50:08,957 - main - INFO - Toggle behaviour
2025-10-31 15:50:09,483 - main - INFO - Set icon: black.png
2025-10-31 15:50:09,991 - main - INFO - Set icon: listening.png
2025-10-31 15:50:11,008 - main - INFO - Move pan: -35
2025-10-31 15:50:13,154 - main - INFO - Move pan: -35
2025-10-31 15:50:14,692 - main - INFO - Set icon: black.png
2025-10-31 15:50:15,201 - main - INFO - Set icon: listening.png
2025-10-31 15:50:16,183 - main - INFO - Move pan: 35
2025-10-31 15:50:19,314 - main - INFO - Move pan: 35
2025-10-31 15:50:21,295 - main - INFO - Move pan: -35
2025-10-31 15:50:22,908 - main - INFO - Move tilt: -15
2025-10-31 15:50:24,541 - main - INFO - Move pan: -35
2025-10-31 15:50:26,708 - main - INFO - Move pan: -35
2025-10-31 15:50:28,258 - main - INFO - Set icon: speaking.png
2025-10-31 15:50:29,269 - main - INFO - Set icon: listening.png
2025-10-31 15:50:31,225 - main - INFO - Set icon: speaking.png
2025-10-31 15:50:32,229 - main - INFO - Set icon: listening.png
2025-10-31 15:50:33,317 - main - INFO - Move pan: -35
2025-10-31 15:50:34,911 - main - INFO - Set icon: speaking.png
2025-10-31 15:50:35,924 - main - INFO - Set icon: listening.png
2025-10-31 15:50:36,947 - main - INFO - Move pan: 35
2025-10-31 15:50:38,516 - main - INFO - Set icon: black.png
2025-10-31 15:50:39,025 - main - INFO - Set icon: listening.png
2025-10-31 15:50:40,033 - main - INFO - Move pan: -35
2025-10-31 15:50:42,699 - main - INFO - Move tilt: -15
2025-10-31 15:50:44,651 - main - INFO - Move tilt: -15
2025-10-31 15:50:46,139 - main - INFO - Move pan: -35
2025-10-31 15:50:50,178 - main - INFO - Move pan: 35
2025-10-31 15:50:52,207 - main - INFO - Move pan: -35
2025-10-31 15:50:54,362 - main - INFO - Move pan: -35
2025-10-31 15:50:56,530 - main - INFO - Move pan: -35
2025-10-31 15:51:01,005 - main - INFO - Move pan: -35
2025-10-31 15:51:04,186 - main - INFO - Move pan: 35
2025-10-31 15:51:06,238 - main - INFO - Move pan: -35
2025-10-31 15:51:08,276 - main - INFO - Move pan: -35
2025-10-31 15:51:10,322 - main - INFO - Move pan: -35
2025-10-31 15:51:12,301 - main - INFO - Move pan: -35
2025-10-31 15:51:14,057 - main - INFO - Move pan: 35
2025-10-31 15:51:15,982 - main - INFO - Move pan: -35
2025-10-31 15:51:17,901 - main - INFO - Move pan: 35
2025-10-31 15:51:19,224 - main - INFO - Set icon: speaking.png
2025-10-31 15:51:20,243 - main - INFO - Set icon: listening.png
2025-10-31 15:51:21,176 - main - INFO - Move pan: -35
2025-10-31 15:51:23,205 - main - INFO - Move pan: -35
2025-10-31 15:51:24,709 - main - INFO - Set icon: speaking.png
2025-10-31 15:51:25,720 - main - INFO - Set icon: listening.png
2025-10-31 15:51:26,673 - main - INFO - Move pan: 35
2025-10-31 15:51:28,080 - main - INFO - Move tilt: -15
2025-10-31 15:51:29,388 - main - INFO - Move pan: -35
2025-10-31 15:51:30,899 - main - INFO - Move tilt: -15
2025-10-31 15:51:31,906 - main - INFO - Set icon: black.png
2025-10-31 15:51:32,423 - main - INFO - Set icon: listening.png
2025-10-31 15:51:33,348 - main - INFO - Move pan: -35
2025-10-31 15:51:34,809 - main - INFO - Set icon: black.png
2025-10-31 15:51:35,321 - main - INFO - Set icon: speaking.png
2025-10-31 15:51:36,336 - main - INFO - Set icon: listening.png
2025-10-31 15:51:37,260 - main - INFO - Move pan: 35
2025-10-31 15:51:38,763 - main - INFO - Set icon: speaking.png
2025-10-31 15:51:39,789 - main - INFO - Set icon: listening.png
2025-10-31 15:51:40,715 - main - INFO - Move pan: 35
2025-10-31 15:51:42,104 - main - INFO - Move tilt: -15
2025-10-31 15:51:43,120 - main - INFO - Set icon: speaking.png
2025-10-31 15:51:44,137 - main - INFO - Set icon: listening.png
2025-10-31 15:51:45,105 - main - INFO - Move pan: 35
2025-10-31 15:51:46,560 - main - INFO - Set icon: speaking.png
2025-10-31 15:51:47,600 - main - INFO - Set icon: listening.png
2025-10-31 15:51:48,949 - main - INFO - Set icon: speaking.png
2025-10-31 15:51:49,954 - main - INFO - Set icon: listening.png
2025-10-31 15:51:50,792 - main - INFO - Move pan: -35
2025-10-31 15:51:52,141 - main - INFO - Set icon: speaking.png
2025-10-31 15:51:53,162 - main - INFO - Set icon: listening.png
2025-10-31 15:51:54,115 - main - INFO - Move pan: 35
2025-10-31 15:51:55,503 - main - INFO - Set icon: speaking.png
2025-10-31 15:51:56,537 - main - INFO - Set icon: black.png
2025-10-31 15:51:57,054 - main - INFO - Set icon: listening.png
2025-10-31 15:51:57,940 - main - INFO - Move pan: -35
2025-10-31 15:51:59,792 - main - INFO - Move pan: -35
2025-10-31 15:52:01,674 - main - INFO - Move pan: -35
2025-10-31 15:52:03,067 - main - INFO - Set icon: speaking.png
2025-10-31 15:52:04,083 - main - INFO - Set icon: listening.png
2025-10-31 15:52:05,313 - main - INFO - Set icon: speaking.png
2025-10-31 15:52:07,238 - main - INFO - Set icon: black.png
2025-10-31 15:52:08,941 - main - INFO - Set icon: listening.png
2025-10-31 15:52:10,474 - main - INFO - Move tilt: -15
2025-10-31 15:52:12,301 - main - INFO - Move tilt: -15
2025-10-31 15:52:17,820 - main - INFO - Toggle behaviour
2025-10-31 15:52:19,839 - main - INFO - Toggle behaviour
2025-10-31 15:52:23,839 - main - INFO - Move pan: -35
2025-10-31 15:52:25,901 - main - INFO - Move pan: 35
2025-10-31 15:52:27,413 - main - INFO - Set icon: black.png
2025-10-31 15:52:30,652 - main - INFO - Set icon: listening.png
2025-10-31 15:52:31,587 - main - INFO - Move pan: 35
2025-10-31 15:52:33,005 - main - INFO - Move tilt: -15
2025-10-31 15:52:34,019 - main - INFO - Set icon: black.png
2025-10-31 15:52:34,535 - main - INFO - Set icon: listening.png
2025-10-31 15:52:35,419 - main - INFO - Move pan: -35
2025-10-31 15:52:36,792 - main - INFO - Move tilt: -15
2025-10-31 15:52:38,172 - main - INFO - Move pan: -35
2025-10-31 15:52:40,765 - main - INFO - Toggle behaviour
2025-10-31 15:52:42,803 - main - INFO - Toggle behaviour
2025-10-31 15:52:43,837 - main - INFO - Move pan: 35
2025-10-31 15:52:45,791 - main - INFO - Move pan: -35
2025-10-31 15:52:47,759 - main - INFO - Move pan: 35
2025-10-31 15:52:58,445 - main - INFO - Move pan: -35
2025-10-31 15:53:00,253 - main - INFO - Move pan: 35
2025-10-31 15:53:04,649 - main - INFO - Move pan: -35
2025-10-31 15:53:07,100 - main - INFO - Move pan: -35
2025-10-31 15:53:09,357 - main - INFO - Move tilt: -15
2025-10-31 15:53:12,088 - main - INFO - Move pan: 35
2025-10-31 15:53:14,021 - main - INFO - Move pan: -35
2025-10-31 15:53:16,338 - main - INFO - Move pan: 35
2025-10-31 15:53:19,330 - main - INFO - Move pan: -35
2025-10-31 15:53:22,354 - main - INFO - Move pan: 35
2025-10-31 15:53:25,395 - main - INFO - Move pan: -35
2025-10-31 15:53:28,432 - main - INFO - Move pan: 35
2025-10-31 15:53:31,470 - main - INFO - Move pan: -35
2025-10-31 15:53:34,501 - main - INFO - Move pan: 35
2025-10-31 15:53:37,526 - main - INFO - Move pan: -35
2025-10-31 15:53:40,552 - main - INFO - Move pan: 35
2025-10-31 15:53:43,589 - main - INFO - Move pan: -35
2025-10-31 15:53:46,627 - main - INFO - Move pan: 35
2025-10-31 15:53:49,649 - main - INFO - Move pan: -35
2025-10-31 15:53:52,660 - main - INFO - Move pan: 35
2025-10-31 15:53:55,685 - main - INFO - Move pan: -35
2025-10-31 15:53:58,717 - main - INFO - Move pan: 35
2025-10-31 15:54:01,760 - main - INFO - Move pan: -35
2025-10-31 15:54:04,799 - main - INFO - Move pan: 35
2025-10-31 15:54:07,819 - main - INFO - Move pan: -35
2025-10-31 15:54:10,850 - main - INFO - Move pan: 35
2025-10-31 15:54:13,877 - main - INFO - Move pan: -35
2025-10-31 15:54:16,903 - main - INFO - Move pan: 35
2025-10-31 15:54:19,929 - main - INFO - Toggle behaviour
2025-10-31 15:54:22,937 - main - INFO - Toggle behaviour
2025-10-31 15:54:24,442 - main - INFO - Toggle behaviour
2025-10-31 15:54:27,467 - main - INFO - Toggle behaviour
2025-10-31 15:54:29,001 - main - INFO - Toggle behaviour
2025-10-31 15:54:32,023 - main - INFO - Toggle behaviour
2025-10-31 15:54:33,553 - main - INFO - Toggle behaviour
2025-10-31 15:54:36,575 - main - INFO - Toggle behaviour
2025-10-31 15:54:38,103 - main - INFO - Toggle behaviour
2025-10-31 15:54:41,116 - main - INFO - Toggle behaviour
2025-10-31 15:54:42,684 - main - INFO - Toggle behaviour
2025-10-31 15:54:45,692 - main - INFO - Toggle behaviour
2025-10-31 15:54:47,210 - main - INFO - Toggle behaviour
2025-10-31 15:54:50,248 - main - INFO - Toggle behaviour
2025-10-31 15:54:51,751 - main - INFO - Toggle behaviour
2025-10-31 15:54:54,776 - main - INFO - Toggle behaviour
2025-10-31 15:54:56,284 - main - INFO - Toggle behaviour
2025-10-31 15:54:59,286 - main - INFO - Toggle behaviour
2025-10-31 15:55:00,820 - main - INFO - Toggle behaviour
2025-10-31 15:55:03,847 - main - INFO - Toggle behaviour
2025-10-31 15:55:05,364 - main - INFO - Toggle behaviour
2025-10-31 15:55:08,377 - main - INFO - Toggle behaviour
2025-10-31 15:55:08,895 - main - INFO - Set icon: speaking.png
2025-10-31 15:55:09,901 - main - INFO - Set icon: listening.png
2025-10-31 15:55:11,417 - main - INFO - Move pan: -35
2025-10-31 15:55:13,438 - main - INFO - Set icon: speaking.png
2025-10-31 15:55:14,439 - main - INFO - Set icon: black.png
2025-10-31 15:56:12,187 - main - INFO - Set icon: listening.png
2025-10-31 15:56:14,714 - main - INFO - Set icon: black.png
2025-10-31 15:56:16,466 - main - INFO - Set icon: speaking.png
2025-10-31 15:56:17,469 - main - INFO - Set icon: black.png
2025-10-31 15:56:22,698 - main - INFO - Set icon: listening.png
2025-10-31 15:56:24,222 - main - INFO - Move pan: 35
2025-10-31 15:56:26,235 - main - INFO - Set icon: black.png
2025-10-31 15:56:26,744 - main - INFO - Set icon: listening.png
2025-10-31 15:56:28,265 - main - INFO - Move pan: -35
2025-10-31 15:56:30,281 - main - INFO - Set icon: black.png
2025-10-31 15:56:30,796 - main - INFO - Set icon: listening.png
2025-10-31 15:56:33,690 - main - INFO - === Application Terminated ===
